Component: ARM Compiler 6.15 Tool: armlink [5dd79300]

==============================================================================

Section Cross References

    main.o(.ARM.exidx.text.initBtns) refers to main.o(.text.initBtns) for [Anonymous Symbol]
    main.o(.ARM.exidx.text.drawRow) refers to main.o(.text.drawRow) for [Anonymous Symbol]
    main.o(.ARM.exidx.text.renderBusy) refers to main.o(.text.renderBusy) for [Anonymous Symbol]
    main.o(.ARM.exidx.text.renderBegin) refers to main.o(.text.renderBegin) for [Anonymous Symbol]
    main.o(.ARM.exidx.text.renderFlush) refers to main.o(.text.renderFlush) for [Anonymous Symbol]
    main.o(.text.renderLoop) refers to main.o(.text.renderBusy) for renderBusy
    main.o(.text.renderLoop) refers to main.o(.text.renderFlush) for renderFlush
    main.o(.text.renderLoop) refers to main.o(.text.renderBegin) for renderBegin
    main.o(.text.renderLoop) refers to main.o(.text.drawRow) for drawRow
    main.o(.text.renderLoop) refers to main.o(.bss.renderingLine) for [Anonymous Symbol]
    main.o(.text.renderLoop) refers to main.o(.data.renderedImage) for [Anonymous Symbol]
    main.o(.text.renderLoop) refers to main.o(.bss.flushed) for flushed
    main.o(.text.renderLoop) refers to main.o(.bss.copyRenderer) for [Anonymous Symbol]
    main.o(.ARM.exidx.text.renderLoop) refers to main.o(.text.renderLoop) for [Anonymous Symbol]
    main.o(.text.renderInt) refers to main.o(.text.renderFlush) for renderFlush
    main.o(.text.renderInt) refers to main.o(.text.renderBegin) for renderBegin
    main.o(.text.renderInt) refers to main.o(.text.drawRow) for drawRow
    main.o(.text.renderInt) refers to main.o(.bss.renderingLine) for [Anonymous Symbol]
    main.o(.text.renderInt) refers to main.o(.data.renderedImage) for [Anonymous Symbol]
    main.o(.text.renderInt) refers to main.o(.bss.flushed) for flushed
    main.o(.text.renderInt) refers to main.o(.bss.copyRenderer) for [Anonymous Symbol]
    main.o(.ARM.exidx.text.renderInt) refers to main.o(.text.renderInt) for [Anonymous Symbol]
    main.o(.text.clientFlush) refers to main.o(.bss.flushed) for flushed
    main.o(.text.clientFlush) refers to main.o(.bss.renderBuffer) for [Anonymous Symbol]
    main.o(.text.clientFlush) refers to main.o(.bss.copyRenderer) for [Anonymous Symbol]
    main.o(.ARM.exidx.text.clientFlush) refers to main.o(.text.clientFlush) for [Anonymous Symbol]
    main.o(.ARM.exidx.text.setBitV) refers to main.o(.text.setBitV) for [Anonymous Symbol]
    main.o(.ARM.exidx.text.resetBitV) refers to main.o(.text.resetBitV) for [Anonymous Symbol]
    main.o(.ARM.exidx.text.initUsartTransferTransmit) refers to main.o(.text.initUsartTransferTransmit) for [Anonymous Symbol]
    main.o(.ARM.exidx.text.initUsartTransferReceive) refers to main.o(.text.initUsartTransferReceive) for [Anonymous Symbol]
    main.o(.text.ConstrTransfer) refers to main.o(.text.initUsartTransferTransmit) for initUsartTransferTransmit
    main.o(.text.ConstrTransfer) refers to main.o(.text.initUsartTransferReceive) for initUsartTransferReceive
    main.o(.text.ConstrTransfer) refers to main.o(.bss.transfer) for [Anonymous Symbol]
    main.o(.ARM.exidx.text.ConstrTransfer) refers to main.o(.text.ConstrTransfer) for [Anonymous Symbol]
    main.o(.text.setMode) refers to main.o(.text.initUsartTransferTransmit) for initUsartTransferTransmit
    main.o(.text.setMode) refers to main.o(.text.initUsartTransferReceive) for initUsartTransferReceive
    main.o(.text.setMode) refers to main.o(.bss.transfer) for [Anonymous Symbol]
    main.o(.ARM.exidx.text.setMode) refers to main.o(.text.setMode) for [Anonymous Symbol]
    main.o(.ARM.exidx.text.transmitFinished) refers to main.o(.text.transmitFinished) for [Anonymous Symbol]
    main.o(.ARM.exidx.text.receiveFinished) refers to main.o(.text.receiveFinished) for [Anonymous Symbol]
    main.o(.text.transmitMessage) refers to main.o(.bss.transfer) for [Anonymous Symbol]
    main.o(.ARM.exidx.text.transmitMessage) refers to main.o(.text.transmitMessage) for [Anonymous Symbol]
    main.o(.text.receiveMessage) refers to main.o(.bss.transfer) for [Anonymous Symbol]
    main.o(.ARM.exidx.text.receiveMessage) refers to main.o(.text.receiveMessage) for [Anonymous Symbol]
    main.o(.ARM.exidx.text.getBit) refers to main.o(.text.getBit) for [Anonymous Symbol]
    main.o(.ARM.exidx.text.setBit) refers to main.o(.text.setBit) for [Anonymous Symbol]
    main.o(.text.initPong) refers to main.o(.bss.platformLeft) for [Anonymous Symbol]
    main.o(.text.initPong) refers to main.o(.bss.platformRight) for [Anonymous Symbol]
    main.o(.text.initPong) refers to main.o(.bss.controlled) for [Anonymous Symbol]
    main.o(.text.initPong) refers to main.o(.bss.ball) for [Anonymous Symbol]
    main.o(.text.initPong) refers to main.o(.bss.gameState) for [Anonymous Symbol]
    main.o(.ARM.exidx.text.initPong) refers to main.o(.text.initPong) for [Anonymous Symbol]
[...]
    sys_command_hlt.o(.text) refers (Special) to use_no_semi.o(.text) for __I$use$semihosting
    sys_command_hlt.o(.text) refers (Special) to indicate_semi.o(.text) for __semihosting_library_function
    libspace.o(.text) refers to libspace.o(.bss) for __libspace_start
    __rtentry2.o(.ARM.Collect$$rtentry$$00000008) refers to boardinit2.o(.text) for _platform_post_stackheap_init
    __rtentry2.o(.ARM.Collect$$rtentry$$0000000A) refers to libinit.o(.ARM.Collect$$libinit$$00000000) for __rt_lib_init
    __rtentry2.o(.ARM.Collect$$rtentry$$0000000B) refers to boardinit3.o(.text) for _platform_post_lib_init
    __rtentry2.o(.ARM.Collect$$rtentry$$0000000D) refers to main.o(.text.main) for main
    __rtentry2.o(.ARM.Collect$$rtentry$$0000000D) refers to exit.o(.text) for exit
    __rtentry2.o(.ARM.exidx) refers to __rtentry2.o(.ARM.Collect$$rtentry$$00000001) for .ARM.Collect$$rtentry$$00000001
    __rtentry2.o(.ARM.exidx) refers to __rtentry2.o(.ARM.Collect$$rtentry$$00000008) for .ARM.Collect$$rtentry$$00000008
    __rtentry2.o(.ARM.exidx) refers to __rtentry2.o(.ARM.Collect$$rtentry$$0000000A) for .ARM.Collect$$rtentry$$0000000A
    __rtentry2.o(.ARM.exidx) refers to __rtentry2.o(.ARM.Collect$$rtentry$$0000000B) for .ARM.Collect$$rtentry$$0000000B
    __rtentry2.o(.ARM.exidx) refers to __rtentry2.o(.ARM.Collect$$rtentry$$0000000D) for .ARM.Collect$$rtentry$$0000000D
    __rtentry4.o(.ARM.Collect$$rtentry$$00000004) refers to sys_stackheap_outer.o(.text) for __user_setup_stackheap
    __rtentry4.o(.ARM.exidx) refers to __rtentry4.o(.ARM.Collect$$rtentry$$00000004) for .ARM.Collect$$rtentry$$00000004
    rt_div0.o(.text) refers to defsig_fpe_outer.o(.text) for __rt_SIGFPE
    maybetermalloc2.o(.text) refers (Special) to term_alloc.o(.text) for _terminate_alloc
    h1_extend.o(.text) refers to h1_free.o(.text) for free
    h1_extend_threads.o(.text) refers to h1_free_threads.o(.text) for free_internal$concurrent
    defsig_rtmem_outer.o(.text) refers to defsig_rtmem_inner.o(.text) for __rt_SIGRTMEM_inner
    defsig_rtmem_outer.o(.text) refers to defsig_exit.o(.text) for __sig_exit
    defsig_rtmem_formal.o(.text) refers to rt_raise.o(.text) for __rt_raise
    heapauxa.o(.text) refers to heapauxa.o(.data) for .data
    dcmpin.o(.text) refers (Special) to usenofp.o(x$fpl$usenofp) for __I$use$fp
    dcmpin.o(.text) refers to cmpret.o(.text) for __fpl_cmpreturn
    dcmpin.o(.text) refers to dnan2.o(.text) for __fpl_dcheck_NaN2
    fcmpin.o(.text) refers (Special) to usenofp.o(x$fpl$usenofp) for __I$use$fp
    fcmpin.o(.text) refers to cmpret.o(.text) for __fpl_cmpreturn
    fcmpin.o(.text) refers to fnan2.o(.text) for __fpl_fcheck_NaN2
    sys_stackheap_outer.o(.text) refers to libspace.o(.text) for __user_perproc_libspace
    sys_stackheap_outer.o(.text) refers to startup_stm32f072xb.o(.text) for __user_initial_stackheap
    sys_stackheap_outer.o(__vectab_stack_and_reset_area) refers to tempstk.o(.text) for __temporary_stack_top
    sys_stackheap_outer.o(__vectab_stack_and_reset_area) refers to __main.o(!!!main) for __main
    rt_raise.o(.text) refers to __raise.o(.text) for __raise
    rt_raise.o(.text) refers to sys_exit.o(.text) for _sys_exit
    term_alloc.o(.text) refers (Special) to libshutdown2.o(.ARM.Collect$$libshutdown$$0000000E) for __rt_lib_shutdown_heap_2
    term_alloc.o(.text) refers to rt_heap_descriptor_intlibspace.o(.text) for __rt_heap_descriptor
    exit.o(.text) refers to rtexit.o(.ARM.Collect$$rtexit$$00000000) for __rt_exit
    defsig_exit.o(.text) refers to sys_exit.o(.text) for _sys_exit
    defsig_fpe_outer.o(.text) refers to defsig_fpe_inner.o(.text) for __rt_SIGFPE_inner
    defsig_fpe_outer.o(.text) refers to defsig_exit.o(.text) for __sig_exit
    defsig_fpe_formal.o(.text) refers to rt_raise.o(.text) for __rt_raise
    defsig_rtmem_inner.o(.text) refers to defsig_general.o(.text) for __default_signal_display
    _get_argv_nomalloc.o(.text) refers (Special) to hrguard.o(.text) for __heap_region$guard
    _get_argv_nomalloc.o(.text) refers to defsig_rtmem_outer.o(.text) for __rt_SIGRTMEM
    _get_argv_nomalloc.o(.text) refers to sys_command.o(.text) for _sys_command_string
    libinit.o(.ARM.Collect$$libinit$$00000000) refers (Special) to libinit2.o(.ARM.Collect$$libinit$$0000002E) for __rt_lib_init_alloca_1
    libinit.o(.ARM.Collect$$libinit$$00000000) refers (Special) to libinit2.o(.ARM.Collect$$libinit$$0000002C) for __rt_lib_init_argv_1
    libinit.o(.ARM.Collect$$libinit$$00000000) refers (Special) to libinit2.o(.ARM.Collect$$libinit$$0000001B) for __rt_lib_init_atexit_1
    libinit.o(.ARM.Collect$$libinit$$00000000) refers (Special) to libinit2.o(.ARM.Collect$$libinit$$00000021) for __rt_lib_init_clock_1
    libinit.o(.ARM.Collect$$libinit$$00000000) refers (Special) to libinit2.o(.ARM.Collect$$libinit$$00000032) for __rt_lib_init_cpp_1
    libinit.o(.ARM.Collect$$libinit$$00000000) refers (Special) to libinit2.o(.ARM.Collect$$libinit$$00000030) for __rt_lib_init_exceptions_1
    libinit.o(.ARM.Collect$$libinit$$00000000) refers (Special) to libinit2.o(.ARM.Collect$$libinit$$00000002) for __rt_lib_init_fp_1
    libinit.o(.ARM.Collect$$libinit$$00000000) refers (Special) to libinit2.o(.ARM.Collect$$libinit$$0000001F) for __rt_lib_init_fp_trap_1
    libinit.o(.ARM.Collect$$libinit$$00000000) refers (Special) to libinit2.o(.ARM.Collect$$libinit$$00000023) for __rt_lib_init_getenv_1
    libinit.o(.ARM.Collect$$libinit$$00000000) refers (Special) to libinit2.o(.ARM.Collect$$libinit$$0000000A) for __rt_lib_init_heap_1
    libinit.o(.ARM.Collect$$libinit$$00000000) refers (Special) to libinit2.o(.ARM.Collect$$libinit$$00000011) for __rt_lib_init_lc_collate_1
    libinit.o(.ARM.Collect$$libinit$$00000000) refers (Special) to libinit2.o(.ARM.Collect$$libinit$$00000013) for __rt_lib_init_lc_ctype_1
    libinit.o(.ARM.Collect$$libinit$$00000000) refers (Special) to libinit2.o(.ARM.Collect$$libinit$$00000015) for __rt_lib_init_lc_monetary_1
    libinit.o(.ARM.Collect$$libinit$$00000000) refers (Special) to libinit2.o(.ARM.Collect$$libinit$$00000017) for __rt_lib_init_lc_numeric_1
    libinit.o(.ARM.Collect$$libinit$$00000000) refers (Special) to libinit2.o(.ARM.Collect$$libinit$$00000019) for __rt_lib_init_lc_time_1
    libinit.o(.ARM.Collect$$libinit$$00000000) refers (Special) to libinit2.o(.ARM.Collect$$libinit$$00000004) for __rt_lib_init_preinit_1
    libinit.o(.ARM.Collect$$libinit$$00000000) refers (Special) to libinit2.o(.ARM.Collect$$libinit$$0000000E) for __rt_lib_init_rand_1
    libinit.o(.ARM.Collect$$libinit$$00000000) refers (Special) to libinit2.o(.ARM.Collect$$libinit$$00000033) for __rt_lib_init_return
    libinit.o(.ARM.Collect$$libinit$$00000000) refers (Special) to libinit2.o(.ARM.Collect$$libinit$$0000001D) for __rt_lib_init_signal_1
    libinit.o(.ARM.Collect$$libinit$$00000000) refers (Special) to libinit2.o(.ARM.Collect$$libinit$$00000025) for __rt_lib_init_stdio_1
    libinit.o(.ARM.Collect$$libinit$$00000000) refers (Special) to libinit2.o(.ARM.Collect$$libinit$$0000000C) for __rt_lib_init_user_alloc_1
    cmpret.o(.text) refers (Special) to usenofp.o(x$fpl$usenofp) for __I$use$fp
    dnan2.o(.text) refers (Special) to usenofp.o(x$fpl$usenofp) for __I$use$fp
    dnan2.o(.text) refers to retnan.o(.text) for __fpl_return_NaN
    fnan2.o(.text) refers (Special) to usenofp.o(x$fpl$usenofp) for __I$use$fp
    fnan2.o(.text) refers to retnan.o(.text) for __fpl_return_NaN
    sys_exit.o(.text) refers (Special) to use_no_semi.o(.text) for __I$use$semihosting
    sys_exit.o(.text) refers (Special) to indicate_semi.o(.text) for __semihosting_library_function
    sys_exit_hlt.o(.text) refers (Special) to use_no_semi.o(.text) for __I$use$semihosting
    sys_exit_hlt.o(.text) refers (Special) to indicate_semi.o(.text) for __semihosting_library_function
    rtexit.o(.ARM.Collect$$rtexit$$00000000) refers (Special) to rtexit2.o(.ARM.Collect$$rtexit$$00000004) for __rt_exit_exit
    rtexit.o(.ARM.Collect$$rtexit$$00000000) refers (Special) to rtexit2.o(.ARM.Collect$$rtexit$$00000003) for __rt_exit_ls
    rtexit.o(.ARM.Collect$$rtexit$$00000000) refers (Special) to rtexit2.o(.ARM.Collect$$rtexit$$00000002) for __rt_exit_prels_1
    rtexit.o(.ARM.exidx) refers (Special) to rtexit2.o(.ARM.Collect$$rtexit$$00000004) for __rt_exit_exit
    rtexit.o(.ARM.exidx) refers (Special) to rtexit2.o(.ARM.Collect$$rtexit$$00000003) for __rt_exit_ls
    rtexit.o(.ARM.exidx) refers (Special) to rtexit2.o(.ARM.Collect$$rtexit$$00000002) for __rt_exit_prels_1
    rtexit.o(.ARM.exidx) refers to rtexit.o(.ARM.Collect$$rtexit$$00000000) for .ARM.Collect$$rtexit$$00000000
    __raise.o(.text) refers to defsig.o(CL$$defsig) for __default_signal_handler
    defsig_general.o(.text) refers to sys_wrch.o(.text) for _ttywrch
    defsig_fpe_inner.o(.text) refers to defsig_general.o(.text) for __default_signal_display
    libshutdown2.o(.ARM.Collect$$libshutdown$$0000000D) refers (Weak) to term_alloc.o(.text) for _terminate_alloc
    retnan.o(.text) refers (Special) to usenofp.o(x$fpl$usenofp) for __I$use$fp
    retnan.o(.text) refers to cmpret.o(.text) for __fpl_cmpreturn
    sys_wrch.o(.text) refers (Special) to use_no_semi.o(.text) for __I$use$semihosting
    sys_wrch.o(.text) refers (Special) to indicate_semi.o(.text) for __semihosting_library_function
    sys_wrch_hlt.o(.text) refers (Special) to use_no_semi.o(.text) for __I$use$semihosting
    sys_wrch_hlt.o(.text) refers (Special) to indicate_semi.o(.text) for __semihosting_library_function
    rtexit2.o(.ARM.Collect$$rtexit$$00000003) refers to libshutdown.o(.ARM.Collect$$libshutdown$$00000000) for __rt_lib_shutdown
    rtexit2.o(.ARM.Collect$$rtexit$$00000004) refers to sys_exit.o(.text) for _sys_exit
    rtexit2.o(.ARM.exidx) refers to rtexit2.o(.ARM.Collect$$rtexit$$00000001) for .ARM.Collect$$rtexit$$00000001
    rtexit2.o(.ARM.exidx) refers to rtexit2.o(.ARM.Collect$$rtexit$$00000003) for .ARM.Collect$$rtexit$$00000003
    rtexit2.o(.ARM.exidx) refers to rtexit2.o(.ARM.Collect$$rtexit$$00000004) for .ARM.Collect$$rtexit$$00000004
    defsig.o(CL$$defsig) refers to defsig_fpe_inner.o(.text) for __rt_SIGFPE_inner
    defsig.o(CL$$defsig) refers to defsig_rtmem_inner.o(.text) for __rt_SIGRTMEM_inner
    defsig_abrt_inner.o(.text) refers to defsig_general.o(.text) for __default_signal_display
    defsig_rtred_inner.o(.text) refers to defsig_general.o(.text) for __default_signal_display
    defsig_stak_inner.o(.text) refers to defsig_general.o(.text) for __default_signal_display
    defsig_pvfn_inner.o(.text) refers to defsig_general.o(.text) for __default_signal_display
    defsig_cppl_inner.o(.text) refers to defsig_general.o(.text) for __default_signal_display
    defsig_segv_inner.o(.text) refers to defsig_general.o(.text) for __default_signal_display
    defsig_other.o(.text) refers to defsig_general.o(.text) for __default_signal_display
    libshutdown.o(.ARM.Collect$$libshutdown$$00000000) refers (Special) to libshutdown2.o(.ARM.Collect$$libshutdown$$00000002) for __rt_lib_shutdown_cpp_1
    libshutdown.o(.ARM.Collect$$libshutdown$$00000000) refers (Special) to libshutdown2.o(.ARM.Collect$$libshutdown$$00000007) for __rt_lib_shutdown_fp_trap_1
    libshutdown.o(.ARM.Collect$$libshutdown$$00000000) refers (Special) to libshutdown2.o(.ARM.Collect$$libshutdown$$0000000F) for __rt_lib_shutdown_heap_1
    libshutdown.o(.ARM.Collect$$libshutdown$$00000000) refers (Special) to libshutdown2.o(.ARM.Collect$$libshutdown$$00000010) for __rt_lib_shutdown_return
    libshutdown.o(.ARM.Collect$$libshutdown$$00000000) refers (Special) to libshutdown2.o(.ARM.Collect$$libshutdown$$0000000A) for __rt_lib_shutdown_signal_1
    libshutdown.o(.ARM.Collect$$libshutdown$$00000000) refers (Special) to libshutdown2.o(.ARM.Collect$$libshutdown$$00000004) for __rt_lib_shutdown_stdio_1
    libshutdown.o(.ARM.Collect$$libshutdown$$00000000) refers (Special) to libshutdown2.o(.ARM.Collect$$libshutdown$$0000000C) for __rt_lib_shutdown_user_alloc_1


==============================================================================

Removing Unused input sections from the image.

    Removing main.o(.text), (0 bytes).
    Removing main.o(.ARM.exidx.text.initBtns), (8 bytes).
    Removing main.o(.ARM.exidx.text.drawRow), (8 bytes).
    Removing main.o(.text.renderBusy), (16 bytes).
    Removing main.o(.ARM.exidx.text.renderBusy), (8 bytes).
    Removing main.o(.ARM.exidx.text.renderBegin), (8 bytes).
    Removing main.o(.ARM.exidx.text.renderFlush), (8 bytes).
    Removing main.o(.text.renderLoop), (128 bytes).
    Removing main.o(.ARM.exidx.text.renderLoop), (8 bytes).
    Removing main.o(.ARM.exidx.text.renderInt), (8 bytes).
    Removing main.o(.ARM.exidx.text.clientFlush), (8 bytes).
    Removing main.o(.text.setBitV), (20 bytes).
    Removing main.o(.ARM.exidx.text.setBitV), (8 bytes).
    Removing main.o(.ARM.exidx.text.resetBitV), (8 bytes).
    Removing main.o(.ARM.exidx.text.initUsartTransferTransmit), (8 bytes).
    Removing main.o(.ARM.exidx.text.initUsartTransferReceive), (8 bytes).
    Removing main.o(.ARM.exidx.text.ConstrTransfer), (8 bytes).
    Removing main.o(.text.setMode), (60 bytes).
    Removing main.o(.ARM.exidx.text.setMode), (8 bytes).
    Removing main.o(.text.transmitFinished), (16 bytes).
    Removing main.o(.ARM.exidx.text.transmitFinished), (8 bytes).
    Removing main.o(.text.receiveFinished), (16 bytes).
    Removing main.o(.ARM.exidx.text.receiveFinished), (8 bytes).
    Removing main.o(.text.transmitMessage), (72 bytes).
    Removing main.o(.ARM.exidx.text.transmitMessage), (8 bytes).
    Removing main.o(.text.receiveMessage), (64 bytes).
    Removing main.o(.ARM.exidx.text.receiveMessage), (8 bytes).
    Removing main.o(.text.getBit), (32 bytes).
    Removing main.o(.ARM.exidx.text.getBit), (8 bytes).
    Removing main.o(.text.setBit), (28 bytes).
    Removing main.o(.ARM.exidx.text.setBit), (8 bytes).
    Removing main.o(.ARM.exidx.text.initPong), (8 bytes).
    Removing main.o(.text.drawPlatform), (66 bytes).
    Removing main.o(.ARM.exidx.text.drawPlatform), (8 bytes).
    Removing main.o(.ARM.exidx.text.drawSpiPos), (8 bytes).
    Removing main.o(.text.updateBall), (448 bytes).
    Removing main.o(.ARM.exidx.text.updateBall), (8 bytes).
    Removing main.o(.text.processInput), (212 bytes).
    Removing main.o(.ARM.exidx.text.processInput), (8 bytes).
    Removing main.o(.text.drawCursor), (76 bytes).
    Removing main.o(.ARM.exidx.text.drawCursor), (8 bytes).
    Removing main.o(.text.drawMenu), (128 bytes).
    Removing main.o(.ARM.exidx.text.drawMenu), (8 bytes).
    Removing main.o(.text.receiveClient), (80 bytes).
    Removing main.o(.ARM.exidx.text.receiveClient), (8 bytes).
    Removing main.o(.text.onUpdatePong), (380 bytes).
    Removing main.o(.ARM.exidx.text.onUpdatePong), (8 bytes).
    Removing main.o(.ARM.exidx.text.ResetSensors), (8 bytes).
    Removing main.o(.ARM.exidx.text.ReadSensors), (8 bytes).
    Removing main.o(.ARM.exidx.text.__NVIC_EnableIRQ), (8 bytes).
    Removing main.o(.ARM.exidx.text.TSC_IRQHandler), (8 bytes).
    Removing main.o(.ARM.exidx.text.lateTSCinit), (8 bytes).
    Removing main.o(.ARM.exidx.text.touch_init), (8 bytes).
    Removing main.o(.ARM.exidx.text.initializeTimer), (8 bytes).
    Removing main.o(.ARM.exidx.text.TIM17_IRQHandler), (8 bytes).
    Removing main.o(.ARM.exidx.text.SysTick_Handler), (8 bytes).
    Removing main.o(.ARM.exidx.text.fetchButtons), (8 bytes).
    Removing main.o(.ARM.exidx.text.SPI2_IRQHandler), (8 bytes).
    Removing main.o(.ARM.exidx.text.wait), (8 bytes).
    Removing main.o(.ARM.exidx.text.resetAll), (8 bytes).
    Removing main.o(.ARM.exidx.text.init), (8 bytes).
    Removing main.o(.ARM.exidx.text.SysTick_Config), (8 bytes).
    Removing main.o(.ARM.exidx.text.buttonDown), (8 bytes).
    Removing main.o(.ARM.exidx.text.loop), (8 bytes).
    Removing main.o(.ARM.exidx.text.main), (8 bytes).
    Removing main.o(.ARM.exidx.text.trySet), (8 bytes).
    Removing main.o(.ARM.exidx.text.__NVIC_SetPriority), (8 bytes).
    Removing main.o(.ARM.exidx.text.resetBtns), (8 bytes).
    Removing main.o(.ARM.exidx.text.initSPI), (8 bytes).
    Removing main.o(.ARM.exidx.text.clearImage), (8 bytes).
    Removing main.o(.data.cursorY), (4 bytes).
    Removing main.o(.bss.lastUpdate), (4 bytes).
    Removing main.o(.data.group), (4 bytes).
    Removing main.o(.ARM.use_no_argv), (4 bytes).
    Removing system_stm32f0xx.o(.text), (0 bytes).
    Removing system_stm32f0xx.o(.ARM.exidx.text.SystemInit), (8 bytes).
    Removing system_stm32f0xx.o(.ARM.exidx.text.SystemCoreClockUpdate), (8 bytes).
    Removing system_stm32f0xx.o(.rodata.APBPrescTable), (8 bytes).

78 unused section(s) (total 2298 bytes) removed from the image.

==============================================================================

Image Symbol Table

    Local Symbols

    Symbol Name                              Value     Ov Type        Size  Object(Section)

    ../clib/angel/boardlib.s                 0x00000000   Number         0  boardinit1.o ABSOLUTE
    ../clib/angel/boardlib.s                 0x00000000   Number         0  boardinit2.o ABSOLUTE
    ../clib/angel/boardlib.s                 0x00000000   Number         0  boardinit3.o ABSOLUTE
    ../clib/angel/boardlib.s                 0x00000000   Number         0  boardshut.o ABSOLUTE
    ../clib/angel/handlers.s                 0x00000000   Number         0  __scatter_copy.o ABSOLUTE
    ../clib/angel/handlers.s                 0x00000000   Number         0  __scatter_zi.o ABSOLUTE
    ../clib/angel/kernel.s                   0x00000000   Number         0  __rtentry.o ABSOLUTE
    ../clib/angel/kernel.s                   0x00000000   Number         0  __rtentry2.o ABSOLUTE
    ../clib/angel/kernel.s                   0x00000000   Number         0  __rtentry4.o ABSOLUTE
    ../clib/angel/kernel.s                   0x00000000   Number         0  rtexit.o ABSOLUTE
    ../clib/angel/kernel.s                   0x00000000   Number         0  rtexit2.o ABSOLUTE
    ../clib/angel/rt.s                       0x00000000   Number         0  aeabi_idiv0.o ABSOLUTE
    ../clib/angel/rt.s                       0x00000000   Number         0  aeabi_idiv0_sigfpe.o ABSOLUTE
    ../clib/angel/rt.s                       0x00000000   Number         0  rt_heap_descriptor.o ABSOLUTE
    ../clib/angel/rt.s                       0x00000000   Number         0  rt_heap_descriptor_intlibspace.o ABSOLUTE
    ../clib/angel/rt.s                       0x00000000   Number         0  rt_div0.o ABSOLUTE
    ../clib/angel/rt.s                       0x00000000   Number         0  rt_raise.o ABSOLUTE
    ../clib/angel/scatterp.s                 0x00000000   Number         0  __scatter.o ABSOLUTE
    ../clib/angel/startup.s                  0x00000000   Number         0  __main.o ABSOLUTE
    ../clib/angel/sys.s                      0x00000000   Number         0  mutex_dummy.o ABSOLUTE
    ../clib/angel/sys.s                      0x00000000   Number         0  libspace.o ABSOLUTE
    ../clib/angel/sys.s                      0x00000000   Number         0  use_no_semi.o ABSOLUTE
    ../clib/angel/sys.s                      0x00000000   Number         0  indicate_semi.o ABSOLUTE
    ../clib/angel/sys.s                      0x00000000   Number         0  sys_stackheap_outer.o ABSOLUTE
    ../clib/angel/sys.s                      0x00000000   Number         0  tempstk.o ABSOLUTE
    ../clib/angel/sysapp.c                   0x00000000   Number         0  sys_command.o ABSOLUTE
    ../clib/angel/sysapp.c                   0x00000000   Number         0  sys_command_hlt.o ABSOLUTE
    ../clib/angel/sysapp.c                   0x00000000   Number         0  sys_exit.o ABSOLUTE
    ../clib/angel/sysapp.c                   0x00000000   Number         0  sys_exit_hlt.o ABSOLUTE
    ../clib/angel/sysapp.c                   0x00000000   Number         0  sys_wrch.o ABSOLUTE
    ../clib/angel/sysapp.c                   0x00000000   Number         0  sys_wrch_hlt.o ABSOLUTE
    ../clib/armsys.c                         0x00000000   Number         0  _get_argv.o ABSOLUTE
    ../clib/armsys.c                         0x00000000   Number         0  argv_veneer.o ABSOLUTE
    ../clib/armsys.c                         0x00000000   Number         0  _get_argv_nomalloc.o ABSOLUTE
    ../clib/armsys.c                         0x00000000   Number         0  no_argv.o ABSOLUTE
    ../clib/division.s                       0x00000000   Number         0  aeabi_sdiv.o ABSOLUTE
    ../clib/division.s                       0x00000000   Number         0  aeabi_sdiv_div0.o ABSOLUTE
    ../clib/heap1.c                          0x00000000   Number         0  h1_alloc.o ABSOLUTE
    ../clib/heap1.c                          0x00000000   Number         0  h1_alloc_threads.o ABSOLUTE
    ../clib/heap1.c                          0x00000000   Number         0  h1_init.o ABSOLUTE
    ../clib/heap1.c                          0x00000000   Number         0  h1_free.o ABSOLUTE
    ../clib/heap1.c                          0x00000000   Number         0  h1_init_threads.o ABSOLUTE
    ../clib/heap1.c                          0x00000000   Number         0  h1_free_threads.o ABSOLUTE
    ../clib/heap1.c                          0x00000000   Number         0  h1_extend.o ABSOLUTE
    ../clib/heap1.c                          0x00000000   Number         0  h1_extend_threads.o ABSOLUTE
    ../clib/heap1.c                          0x00000000   Number         0  h1_final.o ABSOLUTE
    ../clib/heap1.c                          0x00000000   Number         0  h1_final_threads.o ABSOLUTE
    ../clib/heap2.c                          0x00000000   Number         0  heap2.o ABSOLUTE
    ../clib/heap2.c                          0x00000000   Number         0  heap2_threads.o ABSOLUTE
    ../clib/heap2.c                          0x00000000   Number         0  fdtree.o ABSOLUTE
    ../clib/heapalloc.c                      0x00000000   Number         0  malloc.o ABSOLUTE
    ../clib/heapalloc.c                      0x00000000   Number         0  hguard.o ABSOLUTE
    ../clib/heapalloc.c                      0x00000000   Number         0  init_alloc.o ABSOLUTE
    ../clib/heapalloc.c                      0x00000000   Number         0  free.o ABSOLUTE
    ../clib/heapalloc.c                      0x00000000   Number         0  heapstubs.o ABSOLUTE
    ../clib/heapalloc.c                      0x00000000   Number         0  hrguard.o ABSOLUTE
    ../clib/heapalloc.c                      0x00000000   Number         0  term_alloc.o ABSOLUTE
    ../clib/heapaux.c                        0x00000000   Number         0  heapauxi.o ABSOLUTE
    ../clib/heapaux.c                        0x00000000   Number         0  heapauxa.o ABSOLUTE
    ../clib/libinit.s                        0x00000000   Number         0  libinit2.o ABSOLUTE
    ../clib/libinit.s                        0x00000000   Number         0  libinit.o ABSOLUTE
    ../clib/libinit.s                        0x00000000   Number         0  libshutdown2.o ABSOLUTE
    ../clib/libinit.s                        0x00000000   Number         0  libshutdown.o ABSOLUTE
    ../clib/maybe.s                          0x00000000   Number         0  maybetermalloc1.o ABSOLUTE
    ../clib/maybe.s                          0x00000000   Number         0  maybetermalloc2.o ABSOLUTE
    ../clib/memcpset.c                       0x00000000   Number         0  rt_memcpy.o ABSOLUTE
    ../clib/memcpset.c                       0x00000000   Number         0  rt_memcpy.o ABSOLUTE
    ../clib/signal.c                         0x00000000   Number         0  defsig_rtmem_outer.o ABSOLUTE
    ../clib/signal.c                         0x00000000   Number         0  defsig_rtmem_formal.o ABSOLUTE
    ../clib/signal.c                         0x00000000   Number         0  defsig_exit.o ABSOLUTE
    ../clib/signal.c                         0x00000000   Number         0  defsig_fpe_outer.o ABSOLUTE
    ../clib/signal.c                         0x00000000   Number         0  defsig_fpe_formal.o ABSOLUTE
    ../clib/signal.c                         0x00000000   Number         0  defsig_rtmem_inner.o ABSOLUTE
    ../clib/signal.c                         0x00000000   Number         0  __raise.o ABSOLUTE
    ../clib/signal.c                         0x00000000   Number         0  defsig_general.o ABSOLUTE
    ../clib/signal.c                         0x00000000   Number         0  defsig_fpe_inner.o ABSOLUTE
    ../clib/signal.c                         0x00000000   Number         0  defsig_abrt_inner.o ABSOLUTE
    ../clib/signal.c                         0x00000000   Number         0  defsig_rtred_inner.o ABSOLUTE
    ../clib/signal.c                         0x00000000   Number         0  defsig_stak_inner.o ABSOLUTE
    ../clib/signal.c                         0x00000000   Number         0  defsig_pvfn_inner.o ABSOLUTE
    ../clib/signal.c                         0x00000000   Number         0  defsig_cppl_inner.o ABSOLUTE
    ../clib/signal.c                         0x00000000   Number         0  defsig_segv_inner.o ABSOLUTE
    ../clib/signal.c                         0x00000000   Number         0  defsig_other.o ABSOLUTE
    ../clib/signal.s                         0x00000000   Number         0  defsig.o ABSOLUTE
    ../clib/stdlib.c                         0x00000000   Number         0  exit.o ABSOLUTE
    ../fplib/cfplib/cmp.c                    0x00000000   Number         0  dcmp.o ABSOLUTE
    ../fplib/cfplib/cmp.c                    0x00000000   Number         0  fcmp.o ABSOLUTE
    ../fplib/cfplib/cmpret.c                 0x00000000   Number         0  cmpret.o ABSOLUTE
    ../fplib/cfplib/daddsub.c                0x00000000   Number         0  daddsub.o ABSOLUTE
    ../fplib/cfplib/dcmpin.c                 0x00000000   Number         0  dcmpin.o ABSOLUTE
    ../fplib/cfplib/drnd.c                   0x00000000   Number         0  drnd.o ABSOLUTE
    ../fplib/cfplib/f2d.c                    0x00000000   Number         0  f2d.o ABSOLUTE
    ../fplib/cfplib/fcmpin.c                 0x00000000   Number         0  fcmpin.o ABSOLUTE
    ../fplib/cfplib/ffix.c                   0x00000000   Number         0  dfixi.o ABSOLUTE
    ../fplib/cfplib/fflt.c                   0x00000000   Number         0  dflti.o ABSOLUTE
    ../fplib/cfplib/fpinit.c                 0x00000000   Number         0  fpinit.o ABSOLUTE
    ../fplib/cfplib/nan2.c                   0x00000000   Number         0  dnan2.o ABSOLUTE
    ../fplib/cfplib/nan2.c                   0x00000000   Number         0  fnan2.o ABSOLUTE
    ../fplib/cfplib/retnan.c                 0x00000000   Number         0  retnan.o ABSOLUTE
    ../fplib/deqf6m.s                        0x00000000   Number         0  deqf.o ABSOLUTE
    ../fplib/dgeqf6m.s                       0x00000000   Number         0  dgef.o ABSOLUTE
    ../fplib/dleqf6m.s                       0x00000000   Number         0  dlef.o ABSOLUTE
    ../fplib/drleqf6m.s                      0x00000000   Number         0  drlef.o ABSOLUTE
    ../fplib/faddsub6m.s                     0x00000000   Number         0  faddsub.o ABSOLUTE
    ../fplib/feqf6m.s                        0x00000000   Number         0  feqf.o ABSOLUTE
    ../fplib/fgeqf6m.s                       0x00000000   Number         0  fgef.o ABSOLUTE
    ../fplib/fleqf6m.s                       0x00000000   Number         0  flef.o ABSOLUTE
    ../fplib/usenofp.s                       0x00000000   Number         0  usenofp.o ABSOLUTE
    ../mathlib/round.c                       0x00000000   Number         0  round.o ABSOLUTE
    RTE/Device/STM32F072RBTx/startup_stm32f072xb.s 0x00000000   Number         0  startup_stm32f072xb.o ABSOLUTE
    dc.s                                     0x00000000   Number         0  dc.o ABSOLUTE
    main.c                                   0x00000000   Number         0  main.o ABSOLUTE
    system_stm32f0xx.c                       0x00000000   Number         0  system_stm32f0xx.o ABSOLUTE
    RESET                                    0x08000000   Section      192  startup_stm32f072xb.o(RESET)
    !!!main                                  0x080000c0   Section        8  __main.o(!!!main)
    !!!scatter                               0x080000c8   Section       60  __scatter.o(!!!scatter)
    !!handler_copy                           0x08000104   Section       26  __scatter_copy.o(!!handler_copy)
    !!handler_zi                             0x08000120   Section       28  __scatter_zi.o(!!handler_zi)
    .ARM.Collect$$libinit$$00000000          0x0800013c   Section        2  libinit.o(.ARM.Collect$$libinit$$00000000)
    .ARM.Collect$$libinit$$00000002          0x0800013e   Section        0  libinit2.o(.ARM.Collect$$libinit$$00000002)
    .ARM.Collect$$libinit$$00000004          0x0800013e   Section        0  libinit2.o(.ARM.Collect$$libinit$$00000004)
    .ARM.Collect$$libinit$$00000005          0x0800013e   Section        8  libinit2.o(.ARM.Collect$$libinit$$00000005)
    .ARM.Collect$$libinit$$0000000A          0x08000146   Section        0  libinit2.o(.ARM.Collect$$libinit$$0000000A)
    .ARM.Collect$$libinit$$0000000C          0x08000146   Section        0  libinit2.o(.ARM.Collect$$libinit$$0000000C)
    .ARM.Collect$$libinit$$0000000E          0x08000146   Section        0  libinit2.o(.ARM.Collect$$libinit$$0000000E)
    .ARM.Collect$$libinit$$00000011          0x08000146   Section        0  libinit2.o(.ARM.Collect$$libinit$$00000011)
    .ARM.Collect$$libinit$$00000013          0x08000146   Section        0  libinit2.o(.ARM.Collect$$libinit$$00000013)
    .ARM.Collect$$libinit$$00000015          0x08000146   Section        0  libinit2.o(.ARM.Collect$$libinit$$00000015)
    .ARM.Collect$$libinit$$00000017          0x08000146   Section        0  libinit2.o(.ARM.Collect$$libinit$$00000017)
    .ARM.Collect$$libinit$$00000019          0x08000146   Section        0  libinit2.o(.ARM.Collect$$libinit$$00000019)
    .ARM.Collect$$libinit$$0000001B          0x08000146   Section        0  libinit2.o(.ARM.Collect$$libinit$$0000001B)
    .ARM.Collect$$libinit$$0000001D          0x08000146   Section        0  libinit2.o(.ARM.Collect$$libinit$$0000001D)
    .ARM.Collect$$libinit$$0000001F          0x08000146   Section        0  libinit2.o(.ARM.Collect$$libinit$$0000001F)
    .ARM.Collect$$libinit$$00000021          0x08000146   Section        0  libinit2.o(.ARM.Collect$$libinit$$00000021)
    .ARM.Collect$$libinit$$00000023          0x08000146   Section        0  libinit2.o(.ARM.Collect$$libinit$$00000023)
    .ARM.Collect$$libinit$$00000025          0x08000146   Section        0  libinit2.o(.ARM.Collect$$libinit$$00000025)
    .ARM.Collect$$libinit$$0000002C          0x08000146   Section        0  libinit2.o(.ARM.Collect$$libinit$$0000002C)
    .ARM.Collect$$libinit$$0000002E          0x08000146   Section        0  libinit2.o(.ARM.Collect$$libinit$$0000002E)
    .ARM.Collect$$libinit$$00000030          0x08000146   Section        0  libinit2.o(.ARM.Collect$$libinit$$00000030)
    .ARM.Collect$$libinit$$00000032          0x08000146   Section        0  libinit2.o(.ARM.Collect$$libinit$$00000032)
    .ARM.Collect$$libinit$$00000033          0x08000146   Section        2  libinit2.o(.ARM.Collect$$libinit$$00000033)
    .ARM.Collect$$libshutdown$$00000000      0x08000148   Section        2  libshutdown.o(.ARM.Collect$$libshutdown$$00000000)
    .ARM.Collect$$libshutdown$$00000002      0x0800014a   Section        0  libshutdown2.o(.ARM.Collect$$libshutdown$$00000002)
    .ARM.Collect$$libshutdown$$00000004      0x0800014a   Section        0  libshutdown2.o(.ARM.Collect$$libshutdown$$00000004)
    .ARM.Collect$$libshutdown$$00000007      0x0800014a   Section        0  libshutdown2.o(.ARM.Collect$$libshutdown$$00000007)
    .ARM.Collect$$libshutdown$$0000000A      0x0800014a   Section        0  libshutdown2.o(.ARM.Collect$$libshutdown$$0000000A)
    .ARM.Collect$$libshutdown$$0000000C      0x0800014a   Section        0  libshutdown2.o(.ARM.Collect$$libshutdown$$0000000C)
    .ARM.Collect$$libshutdown$$0000000F      0x0800014a   Section        0  libshutdown2.o(.ARM.Collect$$libshutdown$$0000000F)
    .ARM.Collect$$libshutdown$$00000010      0x0800014a   Section        2  libshutdown2.o(.ARM.Collect$$libshutdown$$00000010)
    .ARM.Collect$$rtentry$$00000000          0x0800014c   Section        0  __rtentry.o(.ARM.Collect$$rtentry$$00000000)
    .ARM.Collect$$rtentry$$00000002          0x0800014c   Section        0  __rtentry2.o(.ARM.Collect$$rtentry$$00000002)
    .ARM.Collect$$rtentry$$00000004          0x0800014c   Section        6  __rtentry4.o(.ARM.Collect$$rtentry$$00000004)
    .ARM.Collect$$rtentry$$00000009          0x08000152   Section        0  __rtentry2.o(.ARM.Collect$$rtentry$$00000009)
    .ARM.Collect$$rtentry$$0000000A          0x08000152   Section        4  __rtentry2.o(.ARM.Collect$$rtentry$$0000000A)
    .ARM.Collect$$rtentry$$0000000C          0x08000156   Section        0  __rtentry2.o(.ARM.Collect$$rtentry$$0000000C)
    .ARM.Collect$$rtentry$$0000000D          0x08000156   Section        8  __rtentry2.o(.ARM.Collect$$rtentry$$0000000D)
    .ARM.Collect$$rtexit$$00000000           0x0800015e   Section        2  rtexit.o(.ARM.Collect$$rtexit$$00000000)
    .ARM.Collect$$rtexit$$00000002           0x08000160   Section        0  rtexit2.o(.ARM.Collect$$rtexit$$00000002)
    .ARM.Collect$$rtexit$$00000003           0x08000160   Section        4  rtexit2.o(.ARM.Collect$$rtexit$$00000003)
    .ARM.Collect$$rtexit$$00000004           0x08000164   Section        6  rtexit2.o(.ARM.Collect$$rtexit$$00000004)
    .text                                    0x0800016c   Section       56  startup_stm32f072xb.o(.text)
    .text                                    0x080001a4   Section        0  h1_alloc.o(.text)
    .text                                    0x08000208   Section      364  aeabi_sdiv.o(.text)
    .text                                    0x08000374   Section        0  heapauxi.o(.text)
    .text                                    0x0800037c   Section        8  rt_heap_descriptor_intlibspace.o(.text)
    .text                                    0x08000384   Section        0  hguard.o(.text)
    .text                                    0x08000388   Section        0  init_alloc.o(.text)
    .text                                    0x08000410   Section        0  h1_init.o(.text)
    .text                                    0x0800041e   Section        0  h1_free.o(.text)
    .text                                    0x0800046c   Section        8  libspace.o(.text)
    .text                                    0x08000474   Section        0  maybetermalloc1.o(.text)
    .text                                    0x08000474   Section        0  h1_extend.o(.text)
    .text                                    0x080004a8   Section        0  defsig_rtmem_outer.o(.text)
    .text                                    0x080004b4   Section        2  use_no_semi.o(.text)
    .text                                    0x080004b6   Section        0  indicate_semi.o(.text)
    .text                                    0x080004b6   Section       62  sys_stackheap_outer.o(.text)
    .text                                    0x080004f4   Section        0  exit.o(.text)
    .text                                    0x08000504   Section        0  defsig_exit.o(.text)
    .text                                    0x08000510   Section        0  defsig_rtmem_inner.o(.text)
    .text                                    0x08000560   Section        0  sys_exit.o(.text)
    .text                                    0x0800056c   Section        0  defsig_general.o(.text)
    .text                                    0x080005a0   Section        0  sys_wrch.o(.text)
    [Anonymous Symbol]                       0x080005ac   Section        0  main.o(.text.ConstrTransfer)
    __arm_cp.12_0                            0x08000644   Number         4  main.o(.text.ConstrTransfer)
    __arm_cp.12_1                            0x08000648   Number         4  main.o(.text.ConstrTransfer)
    __arm_cp.12_2                            0x0800064c   Number         4  main.o(.text.ConstrTransfer)
    __arm_cp.12_3                            0x08000650   Number         4  main.o(.text.ConstrTransfer)
    __arm_cp.12_4                            0x08000654   Number         4  main.o(.text.ConstrTransfer)
    __arm_cp.12_5                            0x08000658   Number         4  main.o(.text.ConstrTransfer)
    __arm_cp.12_6                            0x0800065c   Number         4  main.o(.text.ConstrTransfer)
    __arm_cp.12_7                            0x08000660   Number         4  main.o(.text.ConstrTransfer)
    __arm_cp.12_8                            0x08000664   Number         4  main.o(.text.ConstrTransfer)
    __arm_cp.12_9                            0x08000668   Number         4  main.o(.text.ConstrTransfer)
    __arm_cp.12_10                           0x0800066c   Number         4  main.o(.text.ConstrTransfer)
    [Anonymous Symbol]                       0x08000670   Section        0  main.o(.text.ReadSensors)
    __arm_cp.30_1                            0x08000724   Number         4  main.o(.text.ReadSensors)
    __arm_cp.30_2                            0x08000728   Number         4  main.o(.text.ReadSensors)
    __arm_cp.30_3                            0x0800072c   Number         4  main.o(.text.ReadSensors)
    [Anonymous Symbol]                       0x08000730   Section        0  main.o(.text.ResetSensors)
    __arm_cp.29_0                            0x0800076c   Number         4  main.o(.text.ResetSensors)
    [Anonymous Symbol]                       0x08000770   Section        0  main.o(.text.SPI2_IRQHandler)
    __arm_cp.39_1                            0x0800078c   Number         4  main.o(.text.SPI2_IRQHandler)
    SysTick_Config                           0x08000791   Thumb Code    84  main.o(.text.SysTick_Config)
    [Anonymous Symbol]                       0x08000790   Section        0  main.o(.text.SysTick_Config)
    __arm_cp.43_0                            0x080007d8   Number         4  main.o(.text.SysTick_Config)
    __arm_cp.43_1                            0x080007dc   Number         4  main.o(.text.SysTick_Config)
    __arm_cp.43_2                            0x080007e0   Number         4  main.o(.text.SysTick_Config)
    [Anonymous Symbol]                       0x080007e4   Section        0  main.o(.text.SysTick_Handler)
    __arm_cp.37_0                            0x080007f8   Number         4  main.o(.text.SysTick_Handler)
    [Anonymous Symbol]                       0x080007fc   Section        0  system_stm32f0xx.o(.text.SystemCoreClockUpdate)
    __arm_cp.1_0                             0x080008dc   Number         4  system_stm32f0xx.o(.text.SystemCoreClockUpdate)
    __arm_cp.1_1                             0x080008e0   Number         4  system_stm32f0xx.o(.text.SystemCoreClockUpdate)
    __arm_cp.1_2                             0x080008e4   Number         4  system_stm32f0xx.o(.text.SystemCoreClockUpdate)
    __arm_cp.1_3                             0x080008e8   Number         4  system_stm32f0xx.o(.text.SystemCoreClockUpdate)
    __arm_cp.1_4                             0x080008ec   Number         4  system_stm32f0xx.o(.text.SystemCoreClockUpdate)
    __arm_cp.1_5                             0x080008f0   Number         4  system_stm32f0xx.o(.text.SystemCoreClockUpdate)
    [Anonymous Symbol]                       0x080008f4   Section        0  system_stm32f0xx.o(.text.SystemInit)
    [Anonymous Symbol]                       0x080008f8   Section        0  main.o(.text.TIM17_IRQHandler)
    __arm_cp.36_0                            0x0800090c   Number         4  main.o(.text.TIM17_IRQHandler)
    __arm_cp.36_1                            0x08000910   Number         4  main.o(.text.TIM17_IRQHandler)
    [Anonymous Symbol]                       0x08000914   Section        0  main.o(.text.TSC_IRQHandler)
    __arm_cp.32_0                            0x080009e4   Number         4  main.o(.text.TSC_IRQHandler)
    __arm_cp.32_1                            0x080009e8   Number         4  main.o(.text.TSC_IRQHandler)
    __arm_cp.32_2                            0x080009ec   Number         4  main.o(.text.TSC_IRQHandler)
    __arm_cp.32_3                            0x080009f0   Number         4  main.o(.text.TSC_IRQHandler)
    __arm_cp.32_4                            0x080009f4   Number         4  main.o(.text.TSC_IRQHandler)
    __arm_cp.32_5                            0x080009f8   Number         4  main.o(.text.TSC_IRQHandler)
    __NVIC_EnableIRQ                         0x080009fd   Thumb Code    44  main.o(.text.__NVIC_EnableIRQ)
    [Anonymous Symbol]                       0x080009fc   Section        0  main.o(.text.__NVIC_EnableIRQ)
    __arm_cp.31_0                            0x08000a24   Number         4  main.o(.text.__NVIC_EnableIRQ)
    __NVIC_SetPriority                       0x08000a29   Thumb Code   136  main.o(.text.__NVIC_SetPriority)
    [Anonymous Symbol]                       0x08000a28   Section        0  main.o(.text.__NVIC_SetPriority)
    __arm_cp.48_0                            0x08000aa8   Number         4  main.o(.text.__NVIC_SetPriority)
    __arm_cp.48_1                            0x08000aac   Number         4  main.o(.text.__NVIC_SetPriority)
    [Anonymous Symbol]                       0x08000ab0   Section        0  main.o(.text.buttonDown)
    clearImage                               0x08000abd   Thumb Code    40  main.o(.text.clearImage)
    [Anonymous Symbol]                       0x08000abc   Section        0  main.o(.text.clearImage)
    [Anonymous Symbol]                       0x08000ae4   Section        0  main.o(.text.clientFlush)
    __arm_cp.7_0                             0x08000b14   Number         4  main.o(.text.clientFlush)
    __arm_cp.7_2                             0x08000b18   Number         4  main.o(.text.clientFlush)
    [Anonymous Symbol]                       0x08000b1c   Section        0  main.o(.text.drawRow)
    __arm_cp.1_0                             0x08000b44   Number         4  main.o(.text.drawRow)
    drawSpiPos                               0x08000b49   Thumb Code    76  main.o(.text.drawSpiPos)
    [Anonymous Symbol]                       0x08000b48   Section        0  main.o(.text.drawSpiPos)
    __arm_cp.22_0                            0x08000b90   Number         4  main.o(.text.drawSpiPos)
    fetchButtons                             0x08000b95   Thumb Code   296  main.o(.text.fetchButtons)
    [Anonymous Symbol]                       0x08000b94   Section        0  main.o(.text.fetchButtons)
    __arm_cp.38_0                            0x08000ca4   Number         4  main.o(.text.fetchButtons)
    __arm_cp.38_1                            0x08000ca8   Number         4  main.o(.text.fetchButtons)
    __arm_cp.38_2                            0x08000cac   Number         4  main.o(.text.fetchButtons)
    __arm_cp.38_3                            0x08000cb0   Number         4  main.o(.text.fetchButtons)
    __arm_cp.38_4                            0x08000cb4   Number         4  main.o(.text.fetchButtons)
    __arm_cp.38_5                            0x08000cb8   Number         4  main.o(.text.fetchButtons)
    [Anonymous Symbol]                       0x08000cbc   Section        0  main.o(.text.init)
    __arm_cp.42_0                            0x08000d08   Number         4  main.o(.text.init)
    __arm_cp.42_1                            0x08000d0c   Number         4  main.o(.text.init)
    [Anonymous Symbol]                       0x08000d10   Section        0  main.o(.text.initBtns)
    __arm_cp.0_2                             0x08000d7c   Number         4  main.o(.text.initBtns)
    __arm_cp.0_3                             0x08000d80   Number         4  main.o(.text.initBtns)
    [Anonymous Symbol]                       0x08000d84   Section        0  main.o(.text.initPong)
    __arm_cp.20_0                            0x08000db8   Number         4  main.o(.text.initPong)
    __arm_cp.20_1                            0x08000dbc   Number         4  main.o(.text.initPong)
    __arm_cp.20_2                            0x08000dc0   Number         4  main.o(.text.initPong)
    __arm_cp.20_3                            0x08000dc4   Number         4  main.o(.text.initPong)
    __arm_cp.20_4                            0x08000dc8   Number         4  main.o(.text.initPong)
    __arm_cp.20_5                            0x08000dcc   Number         4  main.o(.text.initPong)
    __arm_cp.20_6                            0x08000dd0   Number         4  main.o(.text.initPong)
    __arm_cp.20_7                            0x08000dd4   Number         4  main.o(.text.initPong)
    initSPI                                  0x08000dd9   Thumb Code   152  main.o(.text.initSPI)
    [Anonymous Symbol]                       0x08000dd8   Section        0  main.o(.text.initSPI)
    __arm_cp.50_0                            0x08000e50   Number         4  main.o(.text.initSPI)
    __arm_cp.50_1                            0x08000e54   Number         4  main.o(.text.initSPI)
    __arm_cp.50_2                            0x08000e58   Number         4  main.o(.text.initSPI)
    __arm_cp.50_3                            0x08000e5c   Number         4  main.o(.text.initSPI)
    __arm_cp.50_4                            0x08000e60   Number         4  main.o(.text.initSPI)
    __arm_cp.50_5                            0x08000e64   Number         4  main.o(.text.initSPI)
    __arm_cp.50_8                            0x08000e68   Number         4  main.o(.text.initSPI)
    __arm_cp.50_9                            0x08000e6c   Number         4  main.o(.text.initSPI)
    [Anonymous Symbol]                       0x08000e70   Section        0  main.o(.text.initUsartTransferReceive)
    [Anonymous Symbol]                       0x08000e80   Section        0  main.o(.text.initUsartTransferTransmit)
    __arm_cp.10_0                            0x08000e90   Number         4  main.o(.text.initUsartTransferTransmit)
    __arm_cp.10_1                            0x08000e94   Number         4  main.o(.text.initUsartTransferTransmit)
    __arm_cp.10_2                            0x08000e98   Number         4  main.o(.text.initUsartTransferTransmit)
    [Anonymous Symbol]                       0x08000e9c   Section        0  main.o(.text.initializeTimer)
    __arm_cp.35_0                            0x08000ed4   Number         4  main.o(.text.initializeTimer)
    __arm_cp.35_1                            0x08000ed8   Number         4  main.o(.text.initializeTimer)
    __arm_cp.35_2                            0x08000edc   Number         4  main.o(.text.initializeTimer)
    __arm_cp.35_3                            0x08000ee0   Number         4  main.o(.text.initializeTimer)
    __arm_cp.35_4                            0x08000ee4   Number         4  main.o(.text.initializeTimer)
    __arm_cp.35_5                            0x08000ee8   Number         4  main.o(.text.initializeTimer)
    __arm_cp.35_6                            0x08000eec   Number         4  main.o(.text.initializeTimer)
    [Anonymous Symbol]                       0x08000ef0   Section        0  main.o(.text.lateTSCinit)
    __arm_cp.33_0                            0x08000f0c   Number         4  main.o(.text.lateTSCinit)
    __arm_cp.33_1                            0x08000f10   Number         4  main.o(.text.lateTSCinit)
    __arm_cp.33_2                            0x08000f14   Number         4  main.o(.text.lateTSCinit)
    [Anonymous Symbol]                       0x08000f18   Section        0  main.o(.text.loop)
    __arm_cp.45_0                            0x08000f44   Number         4  main.o(.text.loop)
    [Anonymous Symbol]                       0x08000f48   Section        0  main.o(.text.main)
    __arm_cp.46_0                            0x08000f78   Number         4  main.o(.text.main)
    [Anonymous Symbol]                       0x08000f7c   Section        0  main.o(.text.renderBegin)
    [Anonymous Symbol]                       0x08000f8c   Section        0  main.o(.text.renderFlush)
    __arm_cp.4_0                             0x08000f9c   Number         4  main.o(.text.renderFlush)
    [Anonymous Symbol]                       0x08000fa0   Section        0  main.o(.text.renderInt)
    __arm_cp.6_0                             0x08001004   Number         4  main.o(.text.renderInt)
    __arm_cp.6_1                             0x08001008   Number         4  main.o(.text.renderInt)
    __arm_cp.6_2                             0x0800100c   Number         4  main.o(.text.renderInt)
    __arm_cp.6_3                             0x08001010   Number         4  main.o(.text.renderInt)
    [Anonymous Symbol]                       0x08001014   Section        0  main.o(.text.resetAll)
    __arm_cp.41_0                            0x08001040   Number         4  main.o(.text.resetAll)
    [Anonymous Symbol]                       0x08001044   Section        0  main.o(.text.resetBitV)
    resetBtns                                0x08001059   Thumb Code    68  main.o(.text.resetBtns)
    [Anonymous Symbol]                       0x08001058   Section        0  main.o(.text.resetBtns)
    __arm_cp.49_0                            0x08001098   Number         4  main.o(.text.resetBtns)
    [Anonymous Symbol]                       0x0800109c   Section        0  main.o(.text.touch_init)
    __arm_cp.34_0                            0x08001178   Number         4  main.o(.text.touch_init)
    __arm_cp.34_1                            0x0800117c   Number         4  main.o(.text.touch_init)
    __arm_cp.34_2                            0x08001180   Number         4  main.o(.text.touch_init)
    __arm_cp.34_3                            0x08001184   Number         4  main.o(.text.touch_init)
    __arm_cp.34_4                            0x08001188   Number         4  main.o(.text.touch_init)
    __arm_cp.34_5                            0x0800118c   Number         4  main.o(.text.touch_init)
    __arm_cp.34_6                            0x08001190   Number         4  main.o(.text.touch_init)
    __arm_cp.34_7                            0x08001194   Number         4  main.o(.text.touch_init)
    __arm_cp.34_8                            0x08001198   Number         4  main.o(.text.touch_init)
    __arm_cp.34_9                            0x0800119c   Number         4  main.o(.text.touch_init)
    __arm_cp.34_10                           0x080011a0   Number         4  main.o(.text.touch_init)
    __arm_cp.34_11                           0x080011a4   Number         4  main.o(.text.touch_init)
    __arm_cp.34_12                           0x080011a8   Number         4  main.o(.text.touch_init)
    __arm_cp.34_13                           0x080011ac   Number         4  main.o(.text.touch_init)
    __arm_cp.34_14                           0x080011b0   Number         4  main.o(.text.touch_init)
    __arm_cp.34_15                           0x080011b4   Number         4  main.o(.text.touch_init)
    __arm_cp.34_16                           0x080011b8   Number         4  main.o(.text.touch_init)
    trySet                                   0x080011bd   Thumb Code    82  main.o(.text.trySet)
    [Anonymous Symbol]                       0x080011bc   Section        0  main.o(.text.trySet)
    [Anonymous Symbol]                       0x08001210   Section        0  main.o(.text.wait)
    __arm_cp.40_0                            0x08001234   Number         4  main.o(.text.wait)
    _debug                                   0x20000004   Data           1  main.o(.data._debug)
    [Anonymous Symbol]                       0x20000004   Section        0  main.o(.data._debug)
    renderedImage                            0x20000005   Data           1  main.o(.data.renderedImage)
    [Anonymous Symbol]                       0x20000005   Section        0  main.o(.data.renderedImage)
    .bss                                     0x20000008   Section       96  libspace.o(.bss)
    ball                                     0x20000078   Data          16  main.o(.bss.ball)
    [Anonymous Symbol]                       0x20000078   Section        0  main.o(.bss.ball)
    controlled                               0x20000088   Data           4  main.o(.bss.controlled)
    [Anonymous Symbol]                       0x20000088   Section        0  main.o(.bss.controlled)
    copyRenderer                             0x2000008c   Data          32  main.o(.bss.copyRenderer)
    [Anonymous Symbol]                       0x2000008c   Section        0  main.o(.bss.copyRenderer)
    gameState                                0x200000b0   Data          12  main.o(.bss.gameState)
    [Anonymous Symbol]                       0x200000b0   Section        0  main.o(.bss.gameState)
    keyStates                                0x200000bc   Data          32  main.o(.bss.keyStates)
    [Anonymous Symbol]                       0x200000bc   Section        0  main.o(.bss.keyStates)
    platformLeft                             0x200000dc   Data           6  main.o(.bss.platformLeft)
    [Anonymous Symbol]                       0x200000dc   Section        0  main.o(.bss.platformLeft)
    platformRight                            0x200000e2   Data           6  main.o(.bss.platformRight)
    [Anonymous Symbol]                       0x200000e2   Section        0  main.o(.bss.platformRight)
    raw_result                               0x200000e8   Data           4  main.o(.bss.raw_result)
    [Anonymous Symbol]                       0x200000e8   Section        0  main.o(.bss.raw_result)
    renderBuffer                             0x200000ec   Data          32  main.o(.bss.renderBuffer)
    [Anonymous Symbol]                       0x200000ec   Section        0  main.o(.bss.renderBuffer)
    renderingLine                            0x2000010c   Data           4  main.o(.bss.renderingLine)
    [Anonymous Symbol]                       0x2000010c   Section        0  main.o(.bss.renderingLine)
    timestamp                                0x20000114   Data           4  main.o(.bss.timestamp)
    [Anonymous Symbol]                       0x20000114   Section        0  main.o(.bss.timestamp)
    transfer                                 0x20000118   Data           2  main.o(.bss.transfer)
    [Anonymous Symbol]                       0x20000118   Section        0  main.o(.bss.transfer)
    Heap_Mem                                 0x20000120   Data         512  startup_stm32f072xb.o(HEAP)
    HEAP                                     0x20000120   Section      512  startup_stm32f072xb.o(HEAP)
    Stack_Mem                                0x20000320   Data        1024  startup_stm32f072xb.o(STACK)
    STACK                                    0x20000320   Section     1024  startup_stm32f072xb.o(STACK)
    __initial_sp                             0x20000720   Data           0  startup_stm32f072xb.o(STACK)

    Global Symbols

    Symbol Name                              Value     Ov Type        Size  Object(Section)

    BuildAttributes$$THM_ISAv3M$S$PE$A:L22$X:L11$S22$IEEE1$IW$~IW$USESV6$~STKCKD$USESV7$~SHL$OTIME$ROPI$IEEEJ$EBA8$UX$STANDARDLIB$REQ8$PRES8$EABIv2 0x00000000   Number         0  anon$$obj.o ABSOLUTE
    __ARM_exceptions_init                     - Undefined Weak Reference
    __alloca_initialize                       - Undefined Weak Reference
    __arm_preinit_                            - Undefined Weak Reference
    __cpp_initialize__aeabi_                  - Undefined Weak Reference
    __cxa_finalize                            - Undefined Weak Reference
    __rt_locale                               - Undefined Weak Reference
    __sigvec_lookup                           - Undefined Weak Reference
    __user_heap_extent                        - Undefined Weak Reference
    _atexit_init                              - Undefined Weak Reference
    _call_atexit_fns                          - Undefined Weak Reference
    _clock_init                               - Undefined Weak Reference
    _fp_trap_init                             - Undefined Weak Reference
    _fp_trap_shutdown                         - Undefined Weak Reference
    _get_lc_collate                           - Undefined Weak Reference
    _get_lc_ctype                             - Undefined Weak Reference
    _get_lc_monetary                          - Undefined Weak Reference
    _get_lc_numeric                           - Undefined Weak Reference
    _get_lc_time                              - Undefined Weak Reference
    _getenv_init                              - Undefined Weak Reference
    _handle_redirection                       - Undefined Weak Reference
    _initio                                   - Undefined Weak Reference
    _mutex_acquire                            - Undefined Weak Reference
    _mutex_free                               - Undefined Weak Reference
    _mutex_release                            - Undefined Weak Reference
    _rand_init                                - Undefined Weak Reference
    _signal_finish                            - Undefined Weak Reference
    _signal_init                              - Undefined Weak Reference
    _terminateio                              - Undefined Weak Reference
    __Vectors_Size                           0x000000c0   Number         0  startup_stm32f072xb.o ABSOLUTE
    __Vectors                                0x08000000   Data           4  startup_stm32f072xb.o(RESET)
    __Vectors_End                            0x080000c0   Data           0  startup_stm32f072xb.o(RESET)
    __main                                   0x080000c1   Thumb Code     8  __main.o(!!!main)
    __scatterload                            0x080000c9   Thumb Code     0  __scatter.o(!!!scatter)
    __scatterload_rt2                        0x080000c9   Thumb Code    52  __scatter.o(!!!scatter)
    __scatterload_rt2_thumb_only             0x080000c9   Thumb Code     0  __scatter.o(!!!scatter)
    __scatterload_null                       0x080000d9   Thumb Code     0  __scatter.o(!!!scatter)
    __scatterload_copy                       0x08000105   Thumb Code    26  __scatter_copy.o(!!handler_copy)
    __scatterload_zeroinit                   0x08000121   Thumb Code    28  __scatter_zi.o(!!handler_zi)
    __rt_lib_init                            0x0800013d   Thumb Code     0  libinit.o(.ARM.Collect$$libinit$$00000000)
    __rt_lib_init_fp_1                       0x0800013f   Thumb Code     0  libinit2.o(.ARM.Collect$$libinit$$00000002)
    __rt_lib_init_heap_2                     0x0800013f   Thumb Code     0  libinit2.o(.ARM.Collect$$libinit$$00000005)
    __rt_lib_init_preinit_1                  0x0800013f   Thumb Code     0  libinit2.o(.ARM.Collect$$libinit$$00000004)
    __rt_lib_init_alloca_1                   0x08000147   Thumb Code     0  libinit2.o(.ARM.Collect$$libinit$$0000002E)
    __rt_lib_init_argv_1                     0x08000147   Thumb Code     0  libinit2.o(.ARM.Collect$$libinit$$0000002C)
    __rt_lib_init_atexit_1                   0x08000147   Thumb Code     0  libinit2.o(.ARM.Collect$$libinit$$0000001B)
    __rt_lib_init_clock_1                    0x08000147   Thumb Code     0  libinit2.o(.ARM.Collect$$libinit$$00000021)
    __rt_lib_init_cpp_1                      0x08000147   Thumb Code     0  libinit2.o(.ARM.Collect$$libinit$$00000032)
    __rt_lib_init_exceptions_1               0x08000147   Thumb Code     0  libinit2.o(.ARM.Collect$$libinit$$00000030)
    __rt_lib_init_fp_trap_1                  0x08000147   Thumb Code     0  libinit2.o(.ARM.Collect$$libinit$$0000001F)
    __rt_lib_init_getenv_1                   0x08000147   Thumb Code     0  libinit2.o(.ARM.Collect$$libinit$$00000023)
    __rt_lib_init_heap_1                     0x08000147   Thumb Code     0  libinit2.o(.ARM.Collect$$libinit$$0000000A)
    __rt_lib_init_lc_collate_1               0x08000147   Thumb Code     0  libinit2.o(.ARM.Collect$$libinit$$00000011)
    __rt_lib_init_lc_ctype_1                 0x08000147   Thumb Code     0  libinit2.o(.ARM.Collect$$libinit$$00000013)
    __rt_lib_init_lc_monetary_1              0x08000147   Thumb Code     0  libinit2.o(.ARM.Collect$$libinit$$00000015)
    __rt_lib_init_lc_numeric_1               0x08000147   Thumb Code     0  libinit2.o(.ARM.Collect$$libinit$$00000017)
    __rt_lib_init_lc_time_1                  0x08000147   Thumb Code     0  libinit2.o(.ARM.Collect$$libinit$$00000019)
    __rt_lib_init_rand_1                     0x08000147   Thumb Code     0  libinit2.o(.ARM.Collect$$libinit$$0000000E)
    __rt_lib_init_return                     0x08000147   Thumb Code     0  libinit2.o(.ARM.Collect$$libinit$$00000033)
    __rt_lib_init_signal_1                   0x08000147   Thumb Code     0  libinit2.o(.ARM.Collect$$libinit$$0000001D)
    __rt_lib_init_stdio_1                    0x08000147   Thumb Code     0  libinit2.o(.ARM.Collect$$libinit$$00000025)
    __rt_lib_init_user_alloc_1               0x08000147   Thumb Code     0  libinit2.o(.ARM.Collect$$libinit$$0000000C)
    __rt_lib_shutdown                        0x08000149   Thumb Code     0  libshutdown.o(.ARM.Collect$$libshutdown$$00000000)
    __rt_lib_shutdown_cpp_1                  0x0800014b   Thumb Code     0  libshutdown2.o(.ARM.Collect$$libshutdown$$00000002)
    __rt_lib_shutdown_fp_trap_1              0x0800014b   Thumb Code     0  libshutdown2.o(.ARM.Collect$$libshutdown$$00000007)
    __rt_lib_shutdown_heap_1                 0x0800014b   Thumb Code     0  libshutdown2.o(.ARM.Collect$$libshutdown$$0000000F)
    __rt_lib_shutdown_return                 0x0800014b   Thumb Code     0  libshutdown2.o(.ARM.Collect$$libshutdown$$00000010)
    __rt_lib_shutdown_signal_1               0x0800014b   Thumb Code     0  libshutdown2.o(.ARM.Collect$$libshutdown$$0000000A)
    __rt_lib_shutdown_stdio_1                0x0800014b   Thumb Code     0  libshutdown2.o(.ARM.Collect$$libshutdown$$00000004)
    __rt_lib_shutdown_user_alloc_1           0x0800014b   Thumb Code     0  libshutdown2.o(.ARM.Collect$$libshutdown$$0000000C)
    __rt_entry                               0x0800014d   Thumb Code     0  __rtentry.o(.ARM.Collect$$rtentry$$00000000)
    __rt_entry_presh_1                       0x0800014d   Thumb Code     0  __rtentry2.o(.ARM.Collect$$rtentry$$00000002)
    __rt_entry_sh                            0x0800014d   Thumb Code     0  __rtentry4.o(.ARM.Collect$$rtentry$$00000004)
    __rt_entry_li                            0x08000153   Thumb Code     0  __rtentry2.o(.ARM.Collect$$rtentry$$0000000A)
    __rt_entry_postsh_1                      0x08000153   Thumb Code     0  __rtentry2.o(.ARM.Collect$$rtentry$$00000009)
    __rt_entry_main                          0x08000157   Thumb Code     0  __rtentry2.o(.ARM.Collect$$rtentry$$0000000D)
    __rt_entry_postli_1                      0x08000157   Thumb Code     0  __rtentry2.o(.ARM.Collect$$rtentry$$0000000C)
    __rt_exit                                0x0800015f   Thumb Code     0  rtexit.o(.ARM.Collect$$rtexit$$00000000)
    __rt_exit_ls                             0x08000161   Thumb Code     0  rtexit2.o(.ARM.Collect$$rtexit$$00000003)
    __rt_exit_prels_1                        0x08000161   Thumb Code     0  rtexit2.o(.ARM.Collect$$rtexit$$00000002)
    __rt_exit_exit                           0x08000165   Thumb Code     0  rtexit2.o(.ARM.Collect$$rtexit$$00000004)
    Reset_Handler                            0x0800016d   Thumb Code     8  startup_stm32f072xb.o(.text)
    NMI_Handler                              0x08000175   Thumb Code     2  startup_stm32f072xb.o(.text)
    HardFault_Handler                        0x08000177   Thumb Code     2  startup_stm32f072xb.o(.text)
    SVC_Handler                              0x08000179   Thumb Code     2  startup_stm32f072xb.o(.text)
    PendSV_Handler                           0x0800017b   Thumb Code     2  startup_stm32f072xb.o(.text)
    ADC1_COMP_IRQHandler                     0x0800017f   Thumb Code     0  startup_stm32f072xb.o(.text)
    CEC_CAN_IRQHandler                       0x0800017f   Thumb Code     0  startup_stm32f072xb.o(.text)
    DMA1_Channel1_IRQHandler                 0x0800017f   Thumb Code     0  startup_stm32f072xb.o(.text)
    DMA1_Channel2_3_IRQHandler               0x0800017f   Thumb Code     0  startup_stm32f072xb.o(.text)
    DMA1_Channel4_5_6_7_IRQHandler           0x0800017f   Thumb Code     0  startup_stm32f072xb.o(.text)
    EXTI0_1_IRQHandler                       0x0800017f   Thumb Code     0  startup_stm32f072xb.o(.text)
    EXTI2_3_IRQHandler                       0x0800017f   Thumb Code     0  startup_stm32f072xb.o(.text)
    EXTI4_15_IRQHandler                      0x0800017f   Thumb Code     0  startup_stm32f072xb.o(.text)
    FLASH_IRQHandler                         0x0800017f   Thumb Code     0  startup_stm32f072xb.o(.text)
    I2C1_IRQHandler                          0x0800017f   Thumb Code     0  startup_stm32f072xb.o(.text)
    I2C2_IRQHandler                          0x0800017f   Thumb Code     0  startup_stm32f072xb.o(.text)
    PVD_VDDIO2_IRQHandler                    0x0800017f   Thumb Code     0  startup_stm32f072xb.o(.text)
    RCC_CRS_IRQHandler                       0x0800017f   Thumb Code     0  startup_stm32f072xb.o(.text)
    RTC_IRQHandler                           0x0800017f   Thumb Code     0  startup_stm32f072xb.o(.text)
    SPI1_IRQHandler                          0x0800017f   Thumb Code     0  startup_stm32f072xb.o(.text)
    TIM14_IRQHandler                         0x0800017f   Thumb Code     0  startup_stm32f072xb.o(.text)
    TIM15_IRQHandler                         0x0800017f   Thumb Code     0  startup_stm32f072xb.o(.text)
    TIM16_IRQHandler                         0x0800017f   Thumb Code     0  startup_stm32f072xb.o(.text)
    TIM1_BRK_UP_TRG_COM_IRQHandler           0x0800017f   Thumb Code     0  startup_stm32f072xb.o(.text)
    TIM1_CC_IRQHandler                       0x0800017f   Thumb Code     0  startup_stm32f072xb.o(.text)
    TIM2_IRQHandler                          0x0800017f   Thumb Code     0  startup_stm32f072xb.o(.text)
    TIM3_IRQHandler                          0x0800017f   Thumb Code     0  startup_stm32f072xb.o(.text)
    TIM6_DAC_IRQHandler                      0x0800017f   Thumb Code     0  startup_stm32f072xb.o(.text)
    TIM7_IRQHandler                          0x0800017f   Thumb Code     0  startup_stm32f072xb.o(.text)
    USART1_IRQHandler                        0x0800017f   Thumb Code     0  startup_stm32f072xb.o(.text)
    USART2_IRQHandler                        0x0800017f   Thumb Code     0  startup_stm32f072xb.o(.text)
    USART3_4_IRQHandler                      0x0800017f   Thumb Code     0  startup_stm32f072xb.o(.text)
    USB_IRQHandler                           0x0800017f   Thumb Code     0  startup_stm32f072xb.o(.text)
    WWDG_IRQHandler                          0x0800017f   Thumb Code     0  startup_stm32f072xb.o(.text)
    __user_initial_stackheap                 0x08000181   Thumb Code     0  startup_stm32f072xb.o(.text)
    malloc                                   0x080001a5   Thumb Code    98  h1_alloc.o(.text)
    __aeabi_uidiv                            0x08000209   Thumb Code     0  aeabi_sdiv.o(.text)
    __aeabi_uidivmod                         0x08000209   Thumb Code    20  aeabi_sdiv.o(.text)
    __aeabi_idiv                             0x0800021d   Thumb Code     0  aeabi_sdiv.o(.text)
    __aeabi_idivmod                          0x0800021d   Thumb Code   338  aeabi_sdiv.o(.text)
    __use_two_region_memory                  0x08000375   Thumb Code     2  heapauxi.o(.text)
    __rt_heap_escrow                         0x08000377   Thumb Code     2  heapauxi.o(.text)
    __rt_heap_expand                         0x08000379   Thumb Code     2  heapauxi.o(.text)
    __rt_heap_descriptor                     0x0800037d   Thumb Code     8  rt_heap_descriptor_intlibspace.o(.text)
    __use_no_heap                            0x08000385   Thumb Code     2  hguard.o(.text)
    __heap$guard                             0x08000387   Thumb Code     2  hguard.o(.text)
    _terminate_user_alloc                    0x08000389   Thumb Code     2  init_alloc.o(.text)
    _init_user_alloc                         0x0800038b   Thumb Code     2  init_alloc.o(.text)
    __Heap_Full                              0x0800038d   Thumb Code    32  init_alloc.o(.text)
    __Heap_Broken                            0x080003ad   Thumb Code    10  init_alloc.o(.text)
    _init_alloc                              0x080003b7   Thumb Code    90  init_alloc.o(.text)
    __Heap_Initialize                        0x08000411   Thumb Code    10  h1_init.o(.text)
    __Heap_DescSize                          0x0800041b   Thumb Code     4  h1_init.o(.text)
    free                                     0x0800041f   Thumb Code    76  h1_free.o(.text)
    __user_libspace                          0x0800046d   Thumb Code     8  libspace.o(.text)
    __user_perproc_libspace                  0x0800046d   Thumb Code     0  libspace.o(.text)
    __user_perthread_libspace                0x0800046d   Thumb Code     0  libspace.o(.text)
    __Heap_ProvideMemory                     0x08000475   Thumb Code    52  h1_extend.o(.text)
    _maybe_terminate_alloc                   0x08000475   Thumb Code     0  maybetermalloc1.o(.text)
    __rt_SIGRTMEM                            0x080004a9   Thumb Code    12  defsig_rtmem_outer.o(.text)
    __I$use$semihosting                      0x080004b5   Thumb Code     0  use_no_semi.o(.text)
    __use_no_semihosting_swi                 0x080004b5   Thumb Code     2  use_no_semi.o(.text)
    __semihosting_library_function           0x080004b7   Thumb Code     0  indicate_semi.o(.text)
    __user_setup_stackheap                   0x080004b7   Thumb Code    62  sys_stackheap_outer.o(.text)
    exit                                     0x080004f5   Thumb Code    16  exit.o(.text)
    __sig_exit                               0x08000505   Thumb Code    12  defsig_exit.o(.text)
    __rt_SIGRTMEM_inner                      0x08000511   Thumb Code    22  defsig_rtmem_inner.o(.text)
    _sys_exit                                0x08000561   Thumb Code     8  sys_exit.o(.text)
    __default_signal_display                 0x0800056d   Thumb Code    52  defsig_general.o(.text)
    _ttywrch                                 0x080005a1   Thumb Code    12  sys_wrch.o(.text)
    ConstrTransfer                           0x080005ad   Thumb Code   196  main.o(.text.ConstrTransfer)
    ReadSensors                              0x08000671   Thumb Code   192  main.o(.text.ReadSensors)
    ResetSensors                             0x08000731   Thumb Code    64  main.o(.text.ResetSensors)
    SPI2_IRQHandler                          0x08000771   Thumb Code    32  main.o(.text.SPI2_IRQHandler)
    SysTick_Handler                          0x080007e5   Thumb Code    24  main.o(.text.SysTick_Handler)
    SystemCoreClockUpdate                    0x080007fd   Thumb Code   248  system_stm32f0xx.o(.text.SystemCoreClockUpdate)
    SystemInit                               0x080008f5   Thumb Code     2  system_stm32f0xx.o(.text.SystemInit)
    TIM17_IRQHandler                         0x080008f9   Thumb Code    28  main.o(.text.TIM17_IRQHandler)
    TSC_IRQHandler                           0x08000915   Thumb Code   232  main.o(.text.TSC_IRQHandler)
    buttonDown                               0x08000ab1   Thumb Code    12  main.o(.text.buttonDown)
    clientFlush                              0x08000ae5   Thumb Code    56  main.o(.text.clientFlush)
    drawRow                                  0x08000b1d   Thumb Code    44  main.o(.text.drawRow)
    init                                     0x08000cbd   Thumb Code    84  main.o(.text.init)
    initBtns                                 0x08000d11   Thumb Code   116  main.o(.text.initBtns)
    initPong                                 0x08000d85   Thumb Code    84  main.o(.text.initPong)
    initUsartTransferReceive                 0x08000e71   Thumb Code    16  main.o(.text.initUsartTransferReceive)
    initUsartTransferTransmit                0x08000e81   Thumb Code    28  main.o(.text.initUsartTransferTransmit)
    initializeTimer                          0x08000e9d   Thumb Code    84  main.o(.text.initializeTimer)
    lateTSCinit                              0x08000ef1   Thumb Code    40  main.o(.text.lateTSCinit)
    loop                                     0x08000f19   Thumb Code    48  main.o(.text.loop)
    main                                     0x08000f49   Thumb Code    52  main.o(.text.main)
    renderBegin                              0x08000f7d   Thumb Code    16  main.o(.text.renderBegin)
    renderFlush                              0x08000f8d   Thumb Code    20  main.o(.text.renderFlush)
    renderInt                                0x08000fa1   Thumb Code   116  main.o(.text.renderInt)
    resetAll                                 0x08001015   Thumb Code    48  main.o(.text.resetAll)
    resetBitV                                0x08001045   Thumb Code    20  main.o(.text.resetBitV)
    touch_init                               0x0800109d   Thumb Code   288  main.o(.text.touch_init)
    wait                                     0x08001211   Thumb Code    40  main.o(.text.wait)
    AHBPrescTable                            0x08001238   Data          16  system_stm32f0xx.o(.rodata.AHBPrescTable)
    Region$$Table$$Base                      0x08001248   Number         0  anon$$obj.o(Region$$Table)
    Region$$Table$$Limit                     0x08001268   Number         0  anon$$obj.o(Region$$Table)
    SystemCoreClock                          0x20000000   Data           4  system_stm32f0xx.o(.data.SystemCoreClock)
    __libspace_start                         0x20000008   Data          96  libspace.o(.bss)
    Result                                   0x20000068   Data          16  main.o(.bss.Result)
    __temporary_stack_top$libspace           0x20000068   Data           0  libspace.o(.bss)
    flushed                                  0x200000ac   Data           1  main.o(.bss.flushed)
    timer                                    0x20000110   Data           4  main.o(.bss.timer)



==============================================================================

Memory Map of the image

  Image Entry point : 0x0800016d

  Load Region LR_1 (Base: 0x08000000, Size: 0x00001270, Max: 0xffffffff, ABSOLUTE)

    Execution Region ER_RO (Exec base: 0x08000000, Load base: 0x08000000, Size: 0x00001268, Max: 0xffffffff, ABSOLUTE)

    Exec Addr    Load Addr    Size         Type   Attr      Idx    E Section Name        Object

    0x08000000   0x08000000   0x000000c0   Data   RO          135    RESET               startup_stm32f072xb.o
    0x080000c0   0x080000c0   0x00000008   Code   RO          220  * !!!main             c_p.l(__main.o)
    0x080000c8   0x080000c8   0x0000003c   Code   RO          516    !!!scatter          c_p.l(__scatter.o)
    0x08000104   0x08000104   0x0000001a   Code   RO          518    !!handler_copy      c_p.l(__scatter_copy.o)
    0x0800011e   0x0800011e   0x00000002   PAD
    0x08000120   0x08000120   0x0000001c   Code   RO          520    !!handler_zi        c_p.l(__scatter_zi.o)
    0x0800013c   0x0800013c   0x00000002   Code   RO          442    .ARM.Collect$$libinit$$00000000  c_p.l(libinit.o)
    0x0800013e   0x0800013e   0x00000000   Code   RO          303    .ARM.Collect$$libinit$$00000002  c_p.l(libinit2.o)
    0x0800013e   0x0800013e   0x00000000   Code   RO          305    .ARM.Collect$$libinit$$00000004  c_p.l(libinit2.o)
    0x0800013e   0x0800013e   0x00000008   Code   RO          306    .ARM.Collect$$libinit$$00000005  c_p.l(libinit2.o)
    0x08000146   0x08000146   0x00000000   Code   RO          308    .ARM.Collect$$libinit$$0000000A  c_p.l(libinit2.o)
    0x08000146   0x08000146   0x00000000   Code   RO          310    .ARM.Collect$$libinit$$0000000C  c_p.l(libinit2.o)
    0x08000146   0x08000146   0x00000000   Code   RO          312    .ARM.Collect$$libinit$$0000000E  c_p.l(libinit2.o)
    0x08000146   0x08000146   0x00000000   Code   RO          315    .ARM.Collect$$libinit$$00000011  c_p.l(libinit2.o)
    0x08000146   0x08000146   0x00000000   Code   RO          317    .ARM.Collect$$libinit$$00000013  c_p.l(libinit2.o)
    0x08000146   0x08000146   0x00000000   Code   RO          319    .ARM.Collect$$libinit$$00000015  c_p.l(libinit2.o)
    0x08000146   0x08000146   0x00000000   Code   RO          321    .ARM.Collect$$libinit$$00000017  c_p.l(libinit2.o)
    0x08000146   0x08000146   0x00000000   Code   RO          323    .ARM.Collect$$libinit$$00000019  c_p.l(libinit2.o)
    0x08000146   0x08000146   0x00000000   Code   RO          325    .ARM.Collect$$libinit$$0000001B  c_p.l(libinit2.o)
    0x08000146   0x08000146   0x00000000   Code   RO          327    .ARM.Collect$$libinit$$0000001D  c_p.l(libinit2.o)
    0x08000146   0x08000146   0x00000000   Code   RO          329    .ARM.Collect$$libinit$$0000001F  c_p.l(libinit2.o)
    0x08000146   0x08000146   0x00000000   Code   RO          331    .ARM.Collect$$libinit$$00000021  c_p.l(libinit2.o)
    0x08000146   0x08000146   0x00000000   Code   RO          333    .ARM.Collect$$libinit$$00000023  c_p.l(libinit2.o)
    0x08000146   0x08000146   0x00000000   Code   RO          335    .ARM.Collect$$libinit$$00000025  c_p.l(libinit2.o)
    0x08000146   0x08000146   0x00000000   Code   RO          339    .ARM.Collect$$libinit$$0000002C  c_p.l(libinit2.o)
    0x08000146   0x08000146   0x00000000   Code   RO          341    .ARM.Collect$$libinit$$0000002E  c_p.l(libinit2.o)
    0x08000146   0x08000146   0x00000000   Code   RO          343    .ARM.Collect$$libinit$$00000030  c_p.l(libinit2.o)
    0x08000146   0x08000146   0x00000000   Code   RO          345    .ARM.Collect$$libinit$$00000032  c_p.l(libinit2.o)
    0x08000146   0x08000146   0x00000002   Code   RO          346    .ARM.Collect$$libinit$$00000033  c_p.l(libinit2.o)
    0x08000148   0x08000148   0x00000002   Code   RO          513    .ARM.Collect$$libshutdown$$00000000  c_p.l(libshutdown.o)
    0x0800014a   0x0800014a   0x00000000   Code   RO          467    .ARM.Collect$$libshutdown$$00000002  c_p.l(libshutdown2.o)
    0x0800014a   0x0800014a   0x00000000   Code   RO          469    .ARM.Collect$$libshutdown$$00000004  c_p.l(libshutdown2.o)
    0x0800014a   0x0800014a   0x00000000   Code   RO          472    .ARM.Collect$$libshutdown$$00000007  c_p.l(libshutdown2.o)
    0x0800014a   0x0800014a   0x00000000   Code   RO          475    .ARM.Collect$$libshutdown$$0000000A  c_p.l(libshutdown2.o)
    0x0800014a   0x0800014a   0x00000000   Code   RO          477    .ARM.Collect$$libshutdown$$0000000C  c_p.l(libshutdown2.o)
    0x0800014a   0x0800014a   0x00000000   Code   RO          480    .ARM.Collect$$libshutdown$$0000000F  c_p.l(libshutdown2.o)
    0x0800014a   0x0800014a   0x00000002   Code   RO          481    .ARM.Collect$$libshutdown$$00000010  c_p.l(libshutdown2.o)
    0x0800014c   0x0800014c   0x00000000   Code   RO          262    .ARM.Collect$$rtentry$$00000000  c_p.l(__rtentry.o)
    0x0800014c   0x0800014c   0x00000000   Code   RO          374    .ARM.Collect$$rtentry$$00000002  c_p.l(__rtentry2.o)
    0x0800014c   0x0800014c   0x00000006   Code   RO          386    .ARM.Collect$$rtentry$$00000004  c_p.l(__rtentry4.o)
    0x08000152   0x08000152   0x00000000   Code   RO          376    .ARM.Collect$$rtentry$$00000009  c_p.l(__rtentry2.o)
    0x08000152   0x08000152   0x00000004   Code   RO          377    .ARM.Collect$$rtentry$$0000000A  c_p.l(__rtentry2.o)
    0x08000156   0x08000156   0x00000000   Code   RO          379    .ARM.Collect$$rtentry$$0000000C  c_p.l(__rtentry2.o)
    0x08000156   0x08000156   0x00000008   Code   RO          380    .ARM.Collect$$rtentry$$0000000D  c_p.l(__rtentry2.o)
    0x0800015e   0x0800015e   0x00000002   Code   RO          454    .ARM.Collect$$rtexit$$00000000  c_p.l(rtexit.o)
    0x08000160   0x08000160   0x00000000   Code   RO          489    .ARM.Collect$$rtexit$$00000002  c_p.l(rtexit2.o)
    0x08000160   0x08000160   0x00000004   Code   RO          490    .ARM.Collect$$rtexit$$00000003  c_p.l(rtexit2.o)
    0x08000164   0x08000164   0x00000006   Code   RO          491    .ARM.Collect$$rtexit$$00000004  c_p.l(rtexit2.o)
    0x0800016a   0x0800016a   0x00000002   PAD
    0x0800016c   0x0800016c   0x00000038   Code   RO          136  * .text               startup_stm32f072xb.o
    0x080001a4   0x080001a4   0x00000062   Code   RO          160    .text               c_p.l(h1_alloc.o)
    0x08000206   0x08000206   0x00000002   PAD
    0x08000208   0x08000208   0x0000016c   Code   RO          214    .text               c_p.l(aeabi_sdiv.o)
    0x08000374   0x08000374   0x00000006   Code   RO          218    .text               c_p.l(heapauxi.o)
    0x0800037a   0x0800037a   0x00000002   PAD
    0x0800037c   0x0800037c   0x00000008   Code   RO          270    .text               c_p.l(rt_heap_descriptor_intlibspace.o)
    0x08000384   0x08000384   0x00000004   Code   RO          272    .text               c_p.l(hguard.o)
    0x08000388   0x08000388   0x00000088   Code   RO          274    .text               c_p.l(init_alloc.o)
    0x08000410   0x08000410   0x0000000e   Code   RO          280    .text               c_p.l(h1_init.o)
    0x0800041e   0x0800041e   0x0000004c   Code   RO          282    .text               c_p.l(h1_free.o)
    0x0800046a   0x0800046a   0x00000002   PAD
    0x0800046c   0x0800046c   0x00000008   Code   RO          370    .text               c_p.l(libspace.o)
    0x08000474   0x08000474   0x00000000   Code   RO          392    .text               c_p.l(maybetermalloc1.o)
    0x08000474   0x08000474   0x00000034   Code   RO          394    .text               c_p.l(h1_extend.o)
    0x080004a8   0x080004a8   0x0000000c   Code   RO          398    .text               c_p.l(defsig_rtmem_outer.o)
    0x080004b4   0x080004b4   0x00000002   Code   RO          413    .text               c_p.l(use_no_semi.o)
    0x080004b6   0x080004b6   0x00000000   Code   RO          415    .text               c_p.l(indicate_semi.o)
    0x080004b6   0x080004b6   0x0000003e   Code   RO          416    .text               c_p.l(sys_stackheap_outer.o)
    0x080004f4   0x080004f4   0x00000010   Code   RO          423    .text               c_p.l(exit.o)
    0x08000504   0x08000504   0x0000000c   Code   RO          425    .text               c_p.l(defsig_exit.o)
    0x08000510   0x08000510   0x00000050   Code   RO          431    .text               c_p.l(defsig_rtmem_inner.o)
    0x08000560   0x08000560   0x0000000c   Code   RO          449    .text               c_p.l(sys_exit.o)
    0x0800056c   0x0800056c   0x00000034   Code   RO          462    .text               c_p.l(defsig_general.o)
    0x080005a0   0x080005a0   0x0000000c   Code   RO          484    .text               c_p.l(sys_wrch.o)
    0x080005ac   0x080005ac   0x000000c4   Code   RO           26    .text.ConstrTransfer  main.o
    0x08000670   0x08000670   0x000000c0   Code   RO           62    .text.ReadSensors   main.o
    0x08000730   0x08000730   0x00000040   Code   RO           60    .text.ResetSensors  main.o
    0x08000770   0x08000770   0x00000020   Code   RO           80    .text.SPI2_IRQHandler  main.o
    0x08000790   0x08000790   0x00000054   Code   RO           88    .text.SysTick_Config  main.o
    0x080007e4   0x080007e4   0x00000018   Code   RO           76    .text.SysTick_Handler  main.o
    0x080007fc   0x080007fc   0x000000f8   Code   RO          145    .text.SystemCoreClockUpdate  system_stm32f0xx.o
    0x080008f4   0x080008f4   0x00000002   Code   RO          143    .text.SystemInit    system_stm32f0xx.o
    0x080008f6   0x080008f6   0x00000002   PAD
    0x080008f8   0x080008f8   0x0000001c   Code   RO           74    .text.TIM17_IRQHandler  main.o
    0x08000914   0x08000914   0x000000e8   Code   RO           66    .text.TSC_IRQHandler  main.o
    0x080009fc   0x080009fc   0x0000002c   Code   RO           64    .text.__NVIC_EnableIRQ  main.o
    0x08000a28   0x08000a28   0x00000088   Code   RO           98    .text.__NVIC_SetPriority  main.o
    0x08000ab0   0x08000ab0   0x0000000c   Code   RO           90    .text.buttonDown    main.o
    0x08000abc   0x08000abc   0x00000028   Code   RO          104    .text.clearImage    main.o
    0x08000ae4   0x08000ae4   0x00000038   Code   RO           16    .text.clientFlush   main.o
    0x08000b1c   0x08000b1c   0x0000002c   Code   RO            4    .text.drawRow       main.o
    0x08000b48   0x08000b48   0x0000004c   Code   RO           46    .text.drawSpiPos    main.o
    0x08000b94   0x08000b94   0x00000128   Code   RO           78    .text.fetchButtons  main.o
    0x08000cbc   0x08000cbc   0x00000054   Code   RO           86    .text.init          main.o
    0x08000d10   0x08000d10   0x00000074   Code   RO            2    .text.initBtns      main.o
    0x08000d84   0x08000d84   0x00000054   Code   RO           42    .text.initPong      main.o
    0x08000dd8   0x08000dd8   0x00000098   Code   RO          102    .text.initSPI       main.o
    0x08000e70   0x08000e70   0x00000010   Code   RO           24    .text.initUsartTransferReceive  main.o
    0x08000e80   0x08000e80   0x0000001c   Code   RO           22    .text.initUsartTransferTransmit  main.o
    0x08000e9c   0x08000e9c   0x00000054   Code   RO           72    .text.initializeTimer  main.o
    0x08000ef0   0x08000ef0   0x00000028   Code   RO           68    .text.lateTSCinit   main.o
    0x08000f18   0x08000f18   0x00000030   Code   RO           92    .text.loop          main.o
    0x08000f48   0x08000f48   0x00000034   Code   RO           94    .text.main          main.o
    0x08000f7c   0x08000f7c   0x00000010   Code   RO            8    .text.renderBegin   main.o
    0x08000f8c   0x08000f8c   0x00000014   Code   RO           10    .text.renderFlush   main.o
    0x08000fa0   0x08000fa0   0x00000074   Code   RO           14    .text.renderInt     main.o
    0x08001014   0x08001014   0x00000030   Code   RO           84    .text.resetAll      main.o
    0x08001044   0x08001044   0x00000014   Code   RO           20    .text.resetBitV     main.o
    0x08001058   0x08001058   0x00000044   Code   RO          100    .text.resetBtns     main.o
    0x0800109c   0x0800109c   0x00000120   Code   RO           70    .text.touch_init    main.o
    0x080011bc   0x080011bc   0x00000052   Code   RO           96    .text.trySet        main.o
    0x0800120e   0x0800120e   0x00000002   PAD
    0x08001210   0x08001210   0x00000028   Code   RO           82    .text.wait          main.o
    0x08001238   0x08001238   0x00000010   Data   RO          148    .rodata.AHBPrescTable  system_stm32f0xx.o
    0x08001248   0x08001248   0x00000020   Data   RO          515    Region$$Table       anon$$obj.o


    Execution Region ER_RW (Exec base: 0x20000000, Load base: 0x08001268, Size: 0x00000008, Max: 0xffffffff, ABSOLUTE)

    Exec Addr    Load Addr    Size         Type   Attr      Idx    E Section Name        Object

    0x20000000   0x08001268   0x00000004   Data   RW          147    .data.SystemCoreClock  system_stm32f0xx.o
    0x20000004   0x0800126c   0x00000001   Data   RW          123    .data._debug        main.o
    0x20000005   0x0800126d   0x00000001   Data   RW          108    .data.renderedImage  main.o


    Execution Region ER_ZI (Exec base: 0x20000008, Load base: 0x08001270, Size: 0x00000718, Max: 0xffffffff, ABSOLUTE)

    Exec Addr    Load Addr    Size         Type   Attr      Idx    E Section Name        Object

    0x20000008        -       0x00000060   Zero   RW          371    .bss                c_p.l(libspace.o)
    0x20000068        -       0x00000010   Zero   RW          121    .bss.Result         main.o
    0x20000078        -       0x00000010   Zero   RW          115    .bss.ball           main.o
    0x20000088        -       0x00000004   Zero   RW          114    .bss.controlled     main.o
    0x2000008c        -       0x00000020   Zero   RW          109    .bss.copyRenderer   main.o
    0x200000ac        -       0x00000001   Zero   RW          106    .bss.flushed        main.o
    0x200000ad   0x08001270   0x00000003   PAD
    0x200000b0        -       0x0000000c   Zero   RW          116    .bss.gameState      main.o
    0x200000bc        -       0x00000020   Zero   RW          117    .bss.keyStates      main.o
    0x200000dc        -       0x00000006   Zero   RW          112    .bss.platformLeft   main.o
    0x200000e2        -       0x00000006   Zero   RW          113    .bss.platformRight  main.o
    0x200000e8        -       0x00000004   Zero   RW          122    .bss.raw_result     main.o
    0x200000ec        -       0x00000020   Zero   RW          110    .bss.renderBuffer   main.o
    0x2000010c        -       0x00000004   Zero   RW          107    .bss.renderingLine  main.o
    0x20000110        -       0x00000004   Zero   RW          124    .bss.timer          main.o
    0x20000114        -       0x00000004   Zero   RW          125    .bss.timestamp      main.o
    0x20000118        -       0x00000002   Zero   RW          111    .bss.transfer       main.o
    0x2000011a   0x08001270   0x00000006   PAD
    0x20000120        -       0x00000200   Zero   RW          134    HEAP                startup_stm32f072xb.o
    0x20000320        -       0x00000400   Zero   RW          133    STACK               startup_stm32f072xb.o


==============================================================================

Image component sizes


      Code (inc. data)   RO Data    RW Data    ZI Data      Debug   Object Name

      2958        404          0          2        175      13428   main.o
        56         26        192          0       1536        632   startup_stm32f072xb.o
       250         24         16          4          0       1689   system_stm32f0xx.o

    ----------------------------------------------------------------------
      3268        454        240          8       1720      15749   Object Totals
         0          0         32          0          0          0   (incl. Generated)
         4          0          0          2          9          0   (incl. Padding)

    ----------------------------------------------------------------------

      Code (inc. data)   RO Data    RW Data    ZI Data      Debug   Library Member Name

         8          0          0          0          0         68   __main.o
         0          0          0          0          0          0   __rtentry.o
        12          0          0          0          0          0   __rtentry2.o
         6          0          0          0          0          0   __rtentry4.o
        60          8          0          0          0          0   __scatter.o
        26          0          0          0          0          0   __scatter_copy.o
        28          0          0          0          0          0   __scatter_zi.o
       364          4          0          0          0         92   aeabi_sdiv.o
        12          0          0          0          0         68   defsig_exit.o
        52          0          0          0          0         72   defsig_general.o
        80         58          0          0          0         68   defsig_rtmem_inner.o
        12          0          0          0          0         68   defsig_rtmem_outer.o
        16          0          0          0          0         68   exit.o
        98          0          0          0          0         72   h1_alloc.o
        52          0          0          0          0         68   h1_extend.o
        76          0          0          0          0         72   h1_free.o
        14          0          0          0          0         76   h1_init.o
         6          0          0          0          0        136   heapauxi.o
         4          0          0          0          0        120   hguard.o
         0          0          0          0          0          0   indicate_semi.o
       136          0          0          0          0        160   init_alloc.o
         2          0          0          0          0          0   libinit.o
        10          0          0          0          0          0   libinit2.o
         2          0          0          0          0          0   libshutdown.o
         2          0          0          0          0          0   libshutdown2.o
         8          4          0          0         96         68   libspace.o
         0          0          0          0          0          0   maybetermalloc1.o
         8          4          0          0          0         68   rt_heap_descriptor_intlibspace.o
         2          0          0          0          0          0   rtexit.o
        10          0          0          0          0          0   rtexit2.o
        12          4          0          0          0         60   sys_exit.o
        62          0          0          0          0         80   sys_stackheap_outer.o
        12          0          0          0          0         68   sys_wrch.o
         2          0          0          0          0         68   use_no_semi.o

    ----------------------------------------------------------------------
      1204         82          0          0         96       1620   Library Totals
        10          0          0          0          0          0   (incl. Padding)

    ----------------------------------------------------------------------

      Code (inc. data)   RO Data    RW Data    ZI Data      Debug   Library Name

      1194         82          0          0         96       1620   c_p.l

    ----------------------------------------------------------------------
      1204         82          0          0         96       1620   Library Totals

    ----------------------------------------------------------------------

==============================================================================


      Code (inc. data)   RO Data    RW Data    ZI Data      Debug   

      4472        536        240          8       1816      16629   Grand Totals
      4472        536        240          8       1816      16629   ELF Image Totals
      4472        536        240          8          0          0   ROM Totals

==============================================================================

    Total RO  Size (Code + RO Data)                 4712 (   4.60kB)
    Total RW  Size (RW Data + ZI Data)              1824 (   1.78kB)
    Total ROM Size (Code + RO Data + RW Data)       4720 (   4.61kB)

==============================================================================

