Component: ARM Compiler 6.15 Tool: armlink [5dd79300]

==============================================================================

Section Cross References

    main.o(.ARM.exidx.text.buttonDown) refers to main.o(.text.buttonDown) for [Anonymous Symbol]
    main.o(.ARM.exidx.text.initBtns) refers to main.o(.text.initBtns) for [Anonymous Symbol]
    main.o(.ARM.exidx.text.drawRow) refers to main.o(.text.drawRow) for [Anonymous Symbol]
    main.o(.ARM.exidx.text.renderBusy) refers to main.o(.text.renderBusy) for [Anonymous Symbol]
    main.o(.ARM.exidx.text.renderBegin) refers to main.o(.text.renderBegin) for [Anonymous Symbol]
    main.o(.ARM.exidx.text.renderFlush) refers to main.o(.text.renderFlush) for [Anonymous Symbol]
    main.o(.text.renderLoop) refers to main.o(.text.renderBusy) for renderBusy
    main.o(.text.renderLoop) refers to main.o(.text.renderFlush) for renderFlush
    main.o(.text.renderLoop) refers to main.o(.text.renderBegin) for renderBegin
    main.o(.text.renderLoop) refers to main.o(.text.drawRow) for drawRow
    main.o(.text.renderLoop) refers to main.o(.bss.renderingLine) for [Anonymous Symbol]
    main.o(.text.renderLoop) refers to main.o(.data.renderedImage) for [Anonymous Symbol]
    main.o(.text.renderLoop) refers to main.o(.bss.flushed) for flushed
    main.o(.text.renderLoop) refers to main.o(.bss.copyRenderer) for [Anonymous Symbol]
    main.o(.ARM.exidx.text.renderLoop) refers to main.o(.text.renderLoop) for [Anonymous Symbol]
    main.o(.text.renderInt) refers to main.o(.text.renderFlush) for renderFlush
    main.o(.text.renderInt) refers to main.o(.text.renderBegin) for renderBegin
    main.o(.text.renderInt) refers to main.o(.text.drawRow) for drawRow
    main.o(.text.renderInt) refers to main.o(.bss.renderingLine) for [Anonymous Symbol]
    main.o(.text.renderInt) refers to main.o(.data.renderedImage) for [Anonymous Symbol]
    main.o(.text.renderInt) refers to main.o(.bss.flushed) for flushed
    main.o(.text.renderInt) refers to main.o(.bss.copyRenderer) for [Anonymous Symbol]
    main.o(.ARM.exidx.text.renderInt) refers to main.o(.text.renderInt) for [Anonymous Symbol]
    main.o(.text.clientFlush) refers to main.o(.bss.flushed) for flushed
    main.o(.text.clientFlush) refers to main.o(.bss.renderBuffer) for [Anonymous Symbol]
    main.o(.text.clientFlush) refers to main.o(.bss.copyRenderer) for [Anonymous Symbol]
    main.o(.ARM.exidx.text.clientFlush) refers to main.o(.text.clientFlush) for [Anonymous Symbol]
    main.o(.ARM.exidx.text.setBitV) refers to main.o(.text.setBitV) for [Anonymous Symbol]
    main.o(.ARM.exidx.text.resetBitV) refers to main.o(.text.resetBitV) for [Anonymous Symbol]
    main.o(.ARM.exidx.text.initUsartTransferTransmit) refers to main.o(.text.initUsartTransferTransmit) for [Anonymous Symbol]
    main.o(.ARM.exidx.text.initUsartTransferReceive) refers to main.o(.text.initUsartTransferReceive) for [Anonymous Symbol]
    main.o(.text.setTransferMode) refers to main.o(.text.initUsartTransferTransmit) for initUsartTransferTransmit
    main.o(.text.setTransferMode) refers to main.o(.text.initUsartTransferReceive) for initUsartTransferReceive
    main.o(.text.setTransferMode) refers to main.o(.bss.transfer) for [Anonymous Symbol]
    main.o(.ARM.exidx.text.setTransferMode) refers to main.o(.text.setTransferMode) for [Anonymous Symbol]
    main.o(.ARM.exidx.text.initTransfer) refers to main.o(.text.initTransfer) for [Anonymous Symbol]
    main.o(.text.transmitMessage) refers to main.o(.bss.transfer) for [Anonymous Symbol]
    main.o(.ARM.exidx.text.transmitMessage) refers to main.o(.text.transmitMessage) for [Anonymous Symbol]
    main.o(.text.receiveMessage) refers to main.o(.bss.transfer) for [Anonymous Symbol]
    main.o(.ARM.exidx.text.receiveMessage) refers to main.o(.text.receiveMessage) for [Anonymous Symbol]
    main.o(.ARM.exidx.text.getBit) refers to main.o(.text.getBit) for [Anonymous Symbol]
    main.o(.ARM.exidx.text.setBit) refers to main.o(.text.setBit) for [Anonymous Symbol]
    main.o(.ARM.exidx.text.ResetSensors) refers to main.o(.text.ResetSensors) for [Anonymous Symbol]
    main.o(.text.ReadSensors) refers to main.o(.text.drawSpiPos) for drawSpiPos
    main.o(.text.ReadSensors) refers to main.o(.text.ResetSensors) for ResetSensors
    main.o(.text.ReadSensors) refers to main.o(.text.__NVIC_EnableIRQ) for __NVIC_EnableIRQ
    main.o(.text.ReadSensors) refers to main.o(.data._debug) for [Anonymous Symbol]
    main.o(.text.ReadSensors) refers to main.o(.bss.Result) for Result
    main.o(.text.ReadSensors) refers to main.o(.bss.raw_result) for [Anonymous Symbol]
    main.o(.ARM.exidx.text.ReadSensors) refers to main.o(.text.ReadSensors) for [Anonymous Symbol]
    main.o(.text.drawSpiPos) refers to main.o(.bss.renderBuffer) for [Anonymous Symbol]
    main.o(.ARM.exidx.text.drawSpiPos) refers to main.o(.text.drawSpiPos) for [Anonymous Symbol]
[...]

Image Symbol Table

    Local Symbols

    Symbol Name                              Value     Ov Type        Size  Object(Section)

    ../clib/angel/boardlib.s                 0x00000000   Number         0  boardinit1.o ABSOLUTE
    ../clib/angel/boardlib.s                 0x00000000   Number         0  boardinit2.o ABSOLUTE
    ../clib/angel/boardlib.s                 0x00000000   Number         0  boardinit3.o ABSOLUTE
    ../clib/angel/boardlib.s                 0x00000000   Number         0  boardshut.o ABSOLUTE
    ../clib/angel/handlers.s                 0x00000000   Number         0  __scatter_copy.o ABSOLUTE
    ../clib/angel/handlers.s                 0x00000000   Number         0  __scatter_zi.o ABSOLUTE
    ../clib/angel/kernel.s                   0x00000000   Number         0  __rtentry.o ABSOLUTE
    ../clib/angel/kernel.s                   0x00000000   Number         0  __rtentry2.o ABSOLUTE
    ../clib/angel/kernel.s                   0x00000000   Number         0  __rtentry4.o ABSOLUTE
    ../clib/angel/kernel.s                   0x00000000   Number         0  rtexit.o ABSOLUTE
    ../clib/angel/kernel.s                   0x00000000   Number         0  rtexit2.o ABSOLUTE
    ../clib/angel/rt.s                       0x00000000   Number         0  aeabi_idiv0.o ABSOLUTE
    ../clib/angel/rt.s                       0x00000000   Number         0  aeabi_idiv0_sigfpe.o ABSOLUTE
    ../clib/angel/rt.s                       0x00000000   Number         0  rt_heap_descriptor.o ABSOLUTE
    ../clib/angel/rt.s                       0x00000000   Number         0  rt_heap_descriptor_intlibspace.o ABSOLUTE
    ../clib/angel/rt.s                       0x00000000   Number         0  rt_div0.o ABSOLUTE
    ../clib/angel/rt.s                       0x00000000   Number         0  rt_raise.o ABSOLUTE
    ../clib/angel/scatterp.s                 0x00000000   Number         0  __scatter.o ABSOLUTE
    ../clib/angel/startup.s                  0x00000000   Number         0  __main.o ABSOLUTE
    ../clib/angel/sys.s                      0x00000000   Number         0  mutex_dummy.o ABSOLUTE
    ../clib/angel/sys.s                      0x00000000   Number         0  libspace.o ABSOLUTE
    ../clib/angel/sys.s                      0x00000000   Number         0  use_no_semi.o ABSOLUTE
    ../clib/angel/sys.s                      0x00000000   Number         0  indicate_semi.o ABSOLUTE
    ../clib/angel/sys.s                      0x00000000   Number         0  sys_stackheap_outer.o ABSOLUTE
    ../clib/angel/sys.s                      0x00000000   Number         0  tempstk.o ABSOLUTE
    ../clib/angel/sysapp.c                   0x00000000   Number         0  sys_command.o ABSOLUTE
    ../clib/angel/sysapp.c                   0x00000000   Number         0  sys_command_hlt.o ABSOLUTE
    ../clib/angel/sysapp.c                   0x00000000   Number         0  sys_exit.o ABSOLUTE
    ../clib/angel/sysapp.c                   0x00000000   Number         0  sys_exit_hlt.o ABSOLUTE
    ../clib/angel/sysapp.c                   0x00000000   Number         0  sys_wrch.o ABSOLUTE
    ../clib/angel/sysapp.c                   0x00000000   Number         0  sys_wrch_hlt.o ABSOLUTE
    ../clib/armsys.c                         0x00000000   Number         0  _get_argv.o ABSOLUTE
    ../clib/armsys.c                         0x00000000   Number         0  argv_veneer.o ABSOLUTE
    ../clib/armsys.c                         0x00000000   Number         0  _get_argv_nomalloc.o ABSOLUTE
    ../clib/armsys.c                         0x00000000   Number         0  no_argv.o ABSOLUTE
    ../clib/division.s                       0x00000000   Number         0  aeabi_sdiv.o ABSOLUTE
    ../clib/division.s                       0x00000000   Number         0  aeabi_sdiv_div0.o ABSOLUTE
    ../clib/heap1.c                          0x00000000   Number         0  h1_alloc.o ABSOLUTE
    ../clib/heap1.c                          0x00000000   Number         0  h1_alloc_threads.o ABSOLUTE
    ../clib/heap1.c                          0x00000000   Number         0  h1_init.o ABSOLUTE
    ../clib/heap1.c                          0x00000000   Number         0  h1_free.o ABSOLUTE
    ../clib/heap1.c                          0x00000000   Number         0  h1_init_threads.o ABSOLUTE
    ../clib/heap1.c                          0x00000000   Number         0  h1_free_threads.o ABSOLUTE
    ../clib/heap1.c                          0x00000000   Number         0  h1_extend.o ABSOLUTE
    ../clib/heap1.c                          0x00000000   Number         0  h1_extend_threads.o ABSOLUTE
    ../clib/heap1.c                          0x00000000   Number         0  h1_final.o ABSOLUTE
    ../clib/heap1.c                          0x00000000   Number         0  h1_final_threads.o ABSOLUTE
    ../clib/heap2.c                          0x00000000   Number         0  heap2.o ABSOLUTE
    ../clib/heap2.c                          0x00000000   Number         0  heap2_threads.o ABSOLUTE
    ../clib/heap2.c                          0x00000000   Number         0  fdtree.o ABSOLUTE
    ../clib/heapalloc.c                      0x00000000   Number         0  malloc.o ABSOLUTE
    ../clib/heapalloc.c                      0x00000000   Number         0  hguard.o ABSOLUTE
    ../clib/heapalloc.c                      0x00000000   Number         0  init_alloc.o ABSOLUTE
    ../clib/heapalloc.c                      0x00000000   Number         0  free.o ABSOLUTE
    ../clib/heapalloc.c                      0x00000000   Number         0  heapstubs.o ABSOLUTE
    ../clib/heapalloc.c                      0x00000000   Number         0  hrguard.o ABSOLUTE
    ../clib/heapalloc.c                      0x00000000   Number         0  term_alloc.o ABSOLUTE
    ../clib/heapaux.c                        0x00000000   Number         0  heapauxi.o ABSOLUTE
    ../clib/heapaux.c                        0x00000000   Number         0  heapauxa.o ABSOLUTE
    ../clib/libinit.s                        0x00000000   Number         0  libinit2.o ABSOLUTE
    ../clib/libinit.s                        0x00000000   Number         0  libinit.o ABSOLUTE
    ../clib/libinit.s                        0x00000000   Number         0  libshutdown2.o ABSOLUTE
    ../clib/libinit.s                        0x00000000   Number         0  libshutdown.o ABSOLUTE
    ../clib/maybe.s                          0x00000000   Number         0  maybetermalloc1.o ABSOLUTE
    ../clib/maybe.s                          0x00000000   Number         0  maybetermalloc2.o ABSOLUTE
    ../clib/memcpset.c                       0x00000000   Number         0  rt_memcpy.o ABSOLUTE
    ../clib/memcpset.c                       0x00000000   Number         0  rt_memcpy.o ABSOLUTE
    ../clib/signal.c                         0x00000000   Number         0  defsig_rtmem_outer.o ABSOLUTE
    ../clib/signal.c                         0x00000000   Number         0  defsig_rtmem_formal.o ABSOLUTE
    ../clib/signal.c                         0x00000000   Number         0  defsig_exit.o ABSOLUTE
    ../clib/signal.c                         0x00000000   Number         0  defsig_fpe_outer.o ABSOLUTE
    ../clib/signal.c                         0x00000000   Number         0  defsig_fpe_formal.o ABSOLUTE
    ../clib/signal.c                         0x00000000   Number         0  defsig_rtmem_inner.o ABSOLUTE
    ../clib/signal.c                         0x00000000   Number         0  __raise.o ABSOLUTE
    ../clib/signal.c                         0x00000000   Number         0  defsig_general.o ABSOLUTE
    ../clib/signal.c                         0x00000000   Number         0  defsig_fpe_inner.o ABSOLUTE
    ../clib/signal.c                         0x00000000   Number         0  defsig_abrt_inner.o ABSOLUTE
    ../clib/signal.c                         0x00000000   Number         0  defsig_rtred_inner.o ABSOLUTE
    ../clib/signal.c                         0x00000000   Number         0  defsig_stak_inner.o ABSOLUTE
    ../clib/signal.c                         0x00000000   Number         0  defsig_pvfn_inner.o ABSOLUTE
    ../clib/signal.c                         0x00000000   Number         0  defsig_cppl_inner.o ABSOLUTE
    ../clib/signal.c                         0x00000000   Number         0  defsig_segv_inner.o ABSOLUTE
    ../clib/signal.c                         0x00000000   Number         0  defsig_other.o ABSOLUTE
    ../clib/signal.s                         0x00000000   Number         0  defsig.o ABSOLUTE
    ../clib/stdlib.c                         0x00000000   Number         0  exit.o ABSOLUTE
    ../fplib/cfplib/cmp.c                    0x00000000   Number         0  dcmp.o ABSOLUTE
    ../fplib/cfplib/cmp.c                    0x00000000   Number         0  fcmp.o ABSOLUTE
    ../fplib/cfplib/cmpret.c                 0x00000000   Number         0  cmpret.o ABSOLUTE
    ../fplib/cfplib/daddsub.c                0x00000000   Number         0  daddsub.o ABSOLUTE
    ../fplib/cfplib/dcmpin.c                 0x00000000   Number         0  dcmpin.o ABSOLUTE
    ../fplib/cfplib/drnd.c                   0x00000000   Number         0  drnd.o ABSOLUTE
    ../fplib/cfplib/f2d.c                    0x00000000   Number         0  f2d.o ABSOLUTE
    ../fplib/cfplib/fcmpin.c                 0x00000000   Number         0  fcmpin.o ABSOLUTE
    ../fplib/cfplib/ffix.c                   0x00000000   Number         0  dfixi.o ABSOLUTE
    ../fplib/cfplib/fflt.c                   0x00000000   Number         0  dflti.o ABSOLUTE
    ../fplib/cfplib/fpinit.c                 0x00000000   Number         0  fpinit.o ABSOLUTE
    ../fplib/cfplib/nan2.c                   0x00000000   Number         0  dnan2.o ABSOLUTE
    ../fplib/cfplib/nan2.c                   0x00000000   Number         0  fnan2.o ABSOLUTE
    ../fplib/cfplib/retnan.c                 0x00000000   Number         0  retnan.o ABSOLUTE
    ../fplib/deqf6m.s                        0x00000000   Number         0  deqf.o ABSOLUTE
    ../fplib/dgeqf6m.s                       0x00000000   Number         0  dgef.o ABSOLUTE
    ../fplib/dleqf6m.s                       0x00000000   Number         0  dlef.o ABSOLUTE
    ../fplib/drleqf6m.s                      0x00000000   Number         0  drlef.o ABSOLUTE
    ../fplib/faddsub6m.s                     0x00000000   Number         0  faddsub.o ABSOLUTE
    ../fplib/feqf6m.s                        0x00000000   Number         0  feqf.o ABSOLUTE
    ../fplib/fgeqf6m.s                       0x00000000   Number         0  fgef.o ABSOLUTE
    ../fplib/fleqf6m.s                       0x00000000   Number         0  flef.o ABSOLUTE
    ../fplib/usenofp.s                       0x00000000   Number         0  usenofp.o ABSOLUTE
    ../mathlib/round.c                       0x00000000   Number         0  round.o ABSOLUTE
    RTE/Device/STM32F072RBTx/startup_stm32f072xb.s 0x00000000   Number         0  startup_stm32f072xb.o ABSOLUTE
    dc.s                                     0x00000000   Number         0  dc.o ABSOLUTE
    main.c                                   0x00000000   Number         0  main.o ABSOLUTE
    system_stm32f0xx.c                       0x00000000   Number         0  system_stm32f0xx.o ABSOLUTE
    RESET                                    0x08000000   Section      192  startup_stm32f072xb.o(RESET)
    !!!main                                  0x080000c0   Section        8  __main.o(!!!main)
    !!!scatter                               0x080000c8   Section       60  __scatter.o(!!!scatter)
    !!handler_copy                           0x08000104   Section       26  __scatter_copy.o(!!handler_copy)
    !!handler_zi                             0x08000120   Section       28  __scatter_zi.o(!!handler_zi)
    .ARM.Collect$$libinit$$00000000          0x0800013c   Section        2  libinit.o(.ARM.Collect$$libinit$$00000000)
    .ARM.Collect$$libinit$$00000002          0x0800013e   Section        0  libinit2.o(.ARM.Collect$$libinit$$00000002)
    .ARM.Collect$$libinit$$00000004          0x0800013e   Section        0  libinit2.o(.ARM.Collect$$libinit$$00000004)
    .ARM.Collect$$libinit$$00000005          0x0800013e   Section        8  libinit2.o(.ARM.Collect$$libinit$$00000005)
    .ARM.Collect$$libinit$$0000000A          0x08000146   Section        0  libinit2.o(.ARM.Collect$$libinit$$0000000A)
    .ARM.Collect$$libinit$$0000000C          0x08000146   Section        0  libinit2.o(.ARM.Collect$$libinit$$0000000C)
    .ARM.Collect$$libinit$$0000000E          0x08000146   Section        0  libinit2.o(.ARM.Collect$$libinit$$0000000E)
    .ARM.Collect$$libinit$$00000011          0x08000146   Section        0  libinit2.o(.ARM.Collect$$libinit$$00000011)
    .ARM.Collect$$libinit$$00000013          0x08000146   Section        0  libinit2.o(.ARM.Collect$$libinit$$00000013)
    .ARM.Collect$$libinit$$00000015          0x08000146   Section        0  libinit2.o(.ARM.Collect$$libinit$$00000015)
    .ARM.Collect$$libinit$$00000017          0x08000146   Section        0  libinit2.o(.ARM.Collect$$libinit$$00000017)
    .ARM.Collect$$libinit$$00000019          0x08000146   Section        0  libinit2.o(.ARM.Collect$$libinit$$00000019)
    .ARM.Collect$$libinit$$0000001B          0x08000146   Section        0  libinit2.o(.ARM.Collect$$libinit$$0000001B)
    .ARM.Collect$$libinit$$0000001D          0x08000146   Section        0  libinit2.o(.ARM.Collect$$libinit$$0000001D)
    .ARM.Collect$$libinit$$0000001F          0x08000146   Section        0  libinit2.o(.ARM.Collect$$libinit$$0000001F)
    .ARM.Collect$$libinit$$00000021          0x08000146   Section        0  libinit2.o(.ARM.Collect$$libinit$$00000021)
    .ARM.Collect$$libinit$$00000023          0x08000146   Section        0  libinit2.o(.ARM.Collect$$libinit$$00000023)
    .ARM.Collect$$libinit$$00000025          0x08000146   Section        0  libinit2.o(.ARM.Collect$$libinit$$00000025)
    .ARM.Collect$$libinit$$0000002C          0x08000146   Section        0  libinit2.o(.ARM.Collect$$libinit$$0000002C)
    .ARM.Collect$$libinit$$0000002E          0x08000146   Section        0  libinit2.o(.ARM.Collect$$libinit$$0000002E)
    .ARM.Collect$$libinit$$00000030          0x08000146   Section        0  libinit2.o(.ARM.Collect$$libinit$$00000030)
    .ARM.Collect$$libinit$$00000032          0x08000146   Section        0  libinit2.o(.ARM.Collect$$libinit$$00000032)
    .ARM.Collect$$libinit$$00000033          0x08000146   Section        2  libinit2.o(.ARM.Collect$$libinit$$00000033)
    .ARM.Collect$$libshutdown$$00000000      0x08000148   Section        2  libshutdown.o(.ARM.Collect$$libshutdown$$00000000)
    .ARM.Collect$$libshutdown$$00000002      0x0800014a   Section        0  libshutdown2.o(.ARM.Collect$$libshutdown$$00000002)
    .ARM.Collect$$libshutdown$$00000004      0x0800014a   Section        0  libshutdown2.o(.ARM.Collect$$libshutdown$$00000004)
    .ARM.Collect$$libshutdown$$00000007      0x0800014a   Section        0  libshutdown2.o(.ARM.Collect$$libshutdown$$00000007)
    .ARM.Collect$$libshutdown$$0000000A      0x0800014a   Section        0  libshutdown2.o(.ARM.Collect$$libshutdown$$0000000A)
    .ARM.Collect$$libshutdown$$0000000C      0x0800014a   Section        0  libshutdown2.o(.ARM.Collect$$libshutdown$$0000000C)
    .ARM.Collect$$libshutdown$$0000000F      0x0800014a   Section        0  libshutdown2.o(.ARM.Collect$$libshutdown$$0000000F)
    .ARM.Collect$$libshutdown$$00000010      0x0800014a   Section        2  libshutdown2.o(.ARM.Collect$$libshutdown$$00000010)
    .ARM.Collect$$rtentry$$00000000          0x0800014c   Section        0  __rtentry.o(.ARM.Collect$$rtentry$$00000000)
    .ARM.Collect$$rtentry$$00000002          0x0800014c   Section        0  __rtentry2.o(.ARM.Collect$$rtentry$$00000002)
    .ARM.Collect$$rtentry$$00000004          0x0800014c   Section        6  __rtentry4.o(.ARM.Collect$$rtentry$$00000004)
    .ARM.Collect$$rtentry$$00000009          0x08000152   Section        0  __rtentry2.o(.ARM.Collect$$rtentry$$00000009)
    .ARM.Collect$$rtentry$$0000000A          0x08000152   Section        4  __rtentry2.o(.ARM.Collect$$rtentry$$0000000A)
    .ARM.Collect$$rtentry$$0000000C          0x08000156   Section        0  __rtentry2.o(.ARM.Collect$$rtentry$$0000000C)
    .ARM.Collect$$rtentry$$0000000D          0x08000156   Section        8  __rtentry2.o(.ARM.Collect$$rtentry$$0000000D)
    .ARM.Collect$$rtexit$$00000000           0x0800015e   Section        2  rtexit.o(.ARM.Collect$$rtexit$$00000000)
    .ARM.Collect$$rtexit$$00000002           0x08000160   Section        0  rtexit2.o(.ARM.Collect$$rtexit$$00000002)
    .ARM.Collect$$rtexit$$00000003           0x08000160   Section        4  rtexit2.o(.ARM.Collect$$rtexit$$00000003)
    .ARM.Collect$$rtexit$$00000004           0x08000164   Section        6  rtexit2.o(.ARM.Collect$$rtexit$$00000004)
    .text                                    0x0800016c   Section       56  startup_stm32f072xb.o(.text)
    .text                                    0x080001a4   Section        0  h1_alloc.o(.text)
    .text                                    0x08000208   Section      364  aeabi_sdiv.o(.text)
    .text                                    0x08000374   Section        0  heapauxi.o(.text)
    .text                                    0x0800037c   Section        0  dfixi.o(.text)
    .text                                    0x080003e8   Section        0  dflti.o(.text)
    .text                                    0x08000440   Section        0  f2d.o(.text)
    .text                                    0x08000494   Section        8  rt_heap_descriptor_intlibspace.o(.text)
    .text                                    0x0800049c   Section        0  hguard.o(.text)
    .text                                    0x080004a0   Section        0  init_alloc.o(.text)
    .text                                    0x08000528   Section        0  h1_init.o(.text)
    .text                                    0x08000536   Section        0  h1_free.o(.text)
    _dadd1                                   0x08000585   Thumb Code   290  daddsub.o(.text)
    .text                                    0x08000584   Section        0  daddsub.o(.text)
    _dsub1                                   0x080006a7   Thumb Code   470  daddsub.o(.text)
    .text                                    0x080008dc   Section        0  drnd.o(.text)
    .text                                    0x080009cc   Section        8  libspace.o(.text)
    .text                                    0x080009d4   Section        0  maybetermalloc1.o(.text)
    .text                                    0x080009d4   Section        0  h1_extend.o(.text)
    .text                                    0x08000a08   Section        0  defsig_rtmem_outer.o(.text)
    .text                                    0x08000a14   Section        0  dcmpin.o(.text)
    .text                                    0x08000ab4   Section        0  fcmpin.o(.text)
    .text                                    0x08000b18   Section        2  use_no_semi.o(.text)
    .text                                    0x08000b1a   Section        0  indicate_semi.o(.text)
    .text                                    0x08000b1a   Section       62  sys_stackheap_outer.o(.text)
    .text                                    0x08000b58   Section        0  exit.o(.text)
    .text                                    0x08000b68   Section        0  defsig_exit.o(.text)
    .text                                    0x08000b74   Section        0  defsig_rtmem_inner.o(.text)
    .text                                    0x08000bc4   Section        0  cmpret.o(.text)
    .text                                    0x08000bf4   Section        0  dnan2.o(.text)
    .text                                    0x08000c08   Section        0  fnan2.o(.text)
    .text                                    0x08000c18   Section        0  sys_exit.o(.text)
    .text                                    0x08000c24   Section        0  defsig_general.o(.text)
    .text                                    0x08000c58   Section        0  retnan.o(.text)
    .text                                    0x08000cb6   Section        0  sys_wrch.o(.text)
    [Anonymous Symbol]                       0x08000cc4   Section        0  main.o(.text.SPI2_IRQHandler)
    __arm_cp.38_0                            0x08000ce0   Number         4  main.o(.text.SPI2_IRQHandler)
    __arm_cp.38_1                            0x08000ce4   Number         4  main.o(.text.SPI2_IRQHandler)
    SysTick_Config                           0x08000ce9   Thumb Code    84  main.o(.text.SysTick_Config)
    [Anonymous Symbol]                       0x08000ce8   Section        0  main.o(.text.SysTick_Config)
    __arm_cp.42_0                            0x08000d30   Number         4  main.o(.text.SysTick_Config)
    __arm_cp.42_1                            0x08000d34   Number         4  main.o(.text.SysTick_Config)
    __arm_cp.42_2                            0x08000d38   Number         4  main.o(.text.SysTick_Config)
    [Anonymous Symbol]                       0x08000d3c   Section        0  main.o(.text.SysTick_Handler)
    __arm_cp.36_0                            0x08000d50   Number         4  main.o(.text.SysTick_Handler)
    [Anonymous Symbol]                       0x08000d54   Section        0  system_stm32f0xx.o(.text.SystemCoreClockUpdate)
    __arm_cp.1_0                             0x08000e34   Number         4  system_stm32f0xx.o(.text.SystemCoreClockUpdate)
    __arm_cp.1_1                             0x08000e38   Number         4  system_stm32f0xx.o(.text.SystemCoreClockUpdate)
    __arm_cp.1_2                             0x08000e3c   Number         4  system_stm32f0xx.o(.text.SystemCoreClockUpdate)
    __arm_cp.1_3                             0x08000e40   Number         4  system_stm32f0xx.o(.text.SystemCoreClockUpdate)
    __arm_cp.1_4                             0x08000e44   Number         4  system_stm32f0xx.o(.text.SystemCoreClockUpdate)
    __arm_cp.1_5                             0x08000e48   Number         4  system_stm32f0xx.o(.text.SystemCoreClockUpdate)
    [Anonymous Symbol]                       0x08000e4c   Section        0  system_stm32f0xx.o(.text.SystemInit)
    [Anonymous Symbol]                       0x08000e50   Section        0  main.o(.text.TIM17_IRQHandler)
    __arm_cp.35_0                            0x08000e64   Number         4  main.o(.text.TIM17_IRQHandler)
    __arm_cp.35_1                            0x08000e68   Number         4  main.o(.text.TIM17_IRQHandler)
    [Anonymous Symbol]                       0x08000e6c   Section        0  main.o(.text.TSC_IRQHandler)
    __arm_cp.23_0                            0x08000f50   Number         4  main.o(.text.TSC_IRQHandler)
    __arm_cp.23_1                            0x08000f54   Number         4  main.o(.text.TSC_IRQHandler)
    __arm_cp.23_2                            0x08000f58   Number         4  main.o(.text.TSC_IRQHandler)
    __arm_cp.23_3                            0x08000f5c   Number         4  main.o(.text.TSC_IRQHandler)
    __arm_cp.23_4                            0x08000f60   Number         4  main.o(.text.TSC_IRQHandler)
    __arm_cp.23_5                            0x08000f64   Number         4  main.o(.text.TSC_IRQHandler)
    __arm_cp.23_6                            0x08000f68   Number         4  main.o(.text.TSC_IRQHandler)
    __NVIC_EnableIRQ                         0x08000f6d   Thumb Code    44  main.o(.text.__NVIC_EnableIRQ)
    [Anonymous Symbol]                       0x08000f6c   Section        0  main.o(.text.__NVIC_EnableIRQ)
    __arm_cp.22_0                            0x08000f94   Number         4  main.o(.text.__NVIC_EnableIRQ)
    __NVIC_SetPriority                       0x08000f99   Thumb Code   136  main.o(.text.__NVIC_SetPriority)
    [Anonymous Symbol]                       0x08000f98   Section        0  main.o(.text.__NVIC_SetPriority)
    __arm_cp.46_0                            0x08001018   Number         4  main.o(.text.__NVIC_SetPriority)
    __arm_cp.46_1                            0x0800101c   Number         4  main.o(.text.__NVIC_SetPriority)
    [Anonymous Symbol]                       0x08001020   Section        0  main.o(.text.buttonDown)
    clearImage                               0x0800102d   Thumb Code    40  main.o(.text.clearImage)
    [Anonymous Symbol]                       0x0800102c   Section        0  main.o(.text.clearImage)
    [Anonymous Symbol]                       0x08001054   Section        0  main.o(.text.clientFlush)
    __arm_cp.8_0                             0x08001084   Number         4  main.o(.text.clientFlush)
    __arm_cp.8_2                             0x08001088   Number         4  main.o(.text.clientFlush)
    [Anonymous Symbol]                       0x0800108c   Section        0  main.o(.text.drawCursor)
    [Anonymous Symbol]                       0x080010d4   Section        0  main.o(.text.drawMenu)
    __arm_cp.31_0                            0x08001150   Number         4  main.o(.text.drawMenu)
    [Anonymous Symbol]                       0x08001154   Section        0  main.o(.text.drawPlatform)
    [Anonymous Symbol]                       0x08001198   Section        0  main.o(.text.drawRow)
    drawSpiPos                               0x080011c1   Thumb Code    76  main.o(.text.drawSpiPos)
    [Anonymous Symbol]                       0x080011c0   Section        0  main.o(.text.drawSpiPos)
    __arm_cp.21_0                            0x08001208   Number         4  main.o(.text.drawSpiPos)
    fetchButtons                             0x0800120d   Thumb Code   316  main.o(.text.fetchButtons)
    [Anonymous Symbol]                       0x0800120c   Section        0  main.o(.text.fetchButtons)
    __arm_cp.37_0                            0x08001330   Number         4  main.o(.text.fetchButtons)
    __arm_cp.37_1                            0x08001334   Number         4  main.o(.text.fetchButtons)
    __arm_cp.37_2                            0x08001338   Number         4  main.o(.text.fetchButtons)
    __arm_cp.37_3                            0x0800133c   Number         4  main.o(.text.fetchButtons)
    __arm_cp.37_4                            0x08001340   Number         4  main.o(.text.fetchButtons)
    __arm_cp.37_5                            0x08001344   Number         4  main.o(.text.fetchButtons)
    [Anonymous Symbol]                       0x08001348   Section        0  main.o(.text.init)
    __arm_cp.41_0                            0x08001398   Number         4  main.o(.text.init)
    __arm_cp.41_1                            0x0800139c   Number         4  main.o(.text.init)
    [Anonymous Symbol]                       0x080013a0   Section        0  main.o(.text.initBtns)
    __arm_cp.1_2                             0x0800140c   Number         4  main.o(.text.initBtns)
    [Anonymous Symbol]                       0x08001410   Section        0  main.o(.text.initPong)
    __arm_cp.26_0                            0x08001444   Number         4  main.o(.text.initPong)
    __arm_cp.26_1                            0x08001448   Number         4  main.o(.text.initPong)
    __arm_cp.26_2                            0x0800144c   Number         4  main.o(.text.initPong)
    __arm_cp.26_3                            0x08001450   Number         4  main.o(.text.initPong)
    __arm_cp.26_4                            0x08001454   Number         4  main.o(.text.initPong)
    __arm_cp.26_5                            0x08001458   Number         4  main.o(.text.initPong)
    __arm_cp.26_6                            0x0800145c   Number         4  main.o(.text.initPong)
    __arm_cp.26_7                            0x08001460   Number         4  main.o(.text.initPong)
    initSPI                                  0x08001465   Thumb Code   152  main.o(.text.initSPI)
    [Anonymous Symbol]                       0x08001464   Section        0  main.o(.text.initSPI)
    __arm_cp.48_2                            0x080014dc   Number         4  main.o(.text.initSPI)
    __arm_cp.48_3                            0x080014e0   Number         4  main.o(.text.initSPI)
    __arm_cp.48_4                            0x080014e4   Number         4  main.o(.text.initSPI)
    __arm_cp.48_5                            0x080014e8   Number         4  main.o(.text.initSPI)
    __arm_cp.48_6                            0x080014ec   Number         4  main.o(.text.initSPI)
    __arm_cp.48_7                            0x080014f0   Number         4  main.o(.text.initSPI)
    __arm_cp.48_8                            0x080014f4   Number         4  main.o(.text.initSPI)
    __arm_cp.48_9                            0x080014f8   Number         4  main.o(.text.initSPI)
    [Anonymous Symbol]                       0x080014fc   Section        0  main.o(.text.initTransfer)
    __arm_cp.14_0                            0x08001564   Number         4  main.o(.text.initTransfer)
    __arm_cp.14_1                            0x08001568   Number         4  main.o(.text.initTransfer)
    __arm_cp.14_2                            0x0800156c   Number         4  main.o(.text.initTransfer)
    __arm_cp.14_3                            0x08001570   Number         4  main.o(.text.initTransfer)
    __arm_cp.14_4                            0x08001574   Number         4  main.o(.text.initTransfer)
    __arm_cp.14_5                            0x08001578   Number         4  main.o(.text.initTransfer)
    __arm_cp.14_6                            0x0800157c   Number         4  main.o(.text.initTransfer)
    __arm_cp.14_7                            0x08001580   Number         4  main.o(.text.initTransfer)
    __arm_cp.14_8                            0x08001584   Number         4  main.o(.text.initTransfer)
    [Anonymous Symbol]                       0x08001588   Section        0  main.o(.text.initUsartTransferReceive)
    [Anonymous Symbol]                       0x08001598   Section        0  main.o(.text.initUsartTransferTransmit)
    __arm_cp.11_0                            0x080015a8   Number         4  main.o(.text.initUsartTransferTransmit)
    __arm_cp.11_1                            0x080015ac   Number         4  main.o(.text.initUsartTransferTransmit)
    __arm_cp.11_2                            0x080015b0   Number         4  main.o(.text.initUsartTransferTransmit)
    [Anonymous Symbol]                       0x080015b4   Section        0  main.o(.text.initializeTimer)
    __arm_cp.34_0                            0x080015ec   Number         4  main.o(.text.initializeTimer)
    __arm_cp.34_1                            0x080015f0   Number         4  main.o(.text.initializeTimer)
    __arm_cp.34_2                            0x080015f4   Number         4  main.o(.text.initializeTimer)
    __arm_cp.34_3                            0x080015f8   Number         4  main.o(.text.initializeTimer)
    __arm_cp.34_4                            0x080015fc   Number         4  main.o(.text.initializeTimer)
    __arm_cp.34_5                            0x08001600   Number         4  main.o(.text.initializeTimer)
    __arm_cp.34_6                            0x08001604   Number         4  main.o(.text.initializeTimer)
    [Anonymous Symbol]                       0x08001608   Section        0  main.o(.text.lateTSCinit)
    __arm_cp.24_0                            0x08001624   Number         4  main.o(.text.lateTSCinit)
    __arm_cp.24_1                            0x08001628   Number         4  main.o(.text.lateTSCinit)
    __arm_cp.24_2                            0x0800162c   Number         4  main.o(.text.lateTSCinit)
    [Anonymous Symbol]                       0x08001630   Section        0  main.o(.text.loop)
    __arm_cp.43_0                            0x0800168c   Number         4  main.o(.text.loop)
    __arm_cp.43_1                            0x08001690   Number         4  main.o(.text.loop)
    [Anonymous Symbol]                       0x08001694   Section        0  main.o(.text.main)
    [Anonymous Symbol]                       0x080016bc   Section        0  main.o(.text.onUpdatePong)
    __arm_cp.33_1                            0x08001848   Number         4  main.o(.text.onUpdatePong)
    __arm_cp.33_3                            0x0800184c   Number         4  main.o(.text.onUpdatePong)
    __arm_cp.33_6                            0x08001850   Number         4  main.o(.text.onUpdatePong)
    __arm_cp.33_7                            0x08001854   Number         4  main.o(.text.onUpdatePong)
    __arm_cp.33_9                            0x08001858   Number         4  main.o(.text.onUpdatePong)
    [Anonymous Symbol]                       0x0800185c   Section        0  main.o(.text.processInput)
    __arm_cp.29_0                            0x0800196c   Number         4  main.o(.text.processInput)
    __arm_cp.29_1                            0x08001970   Number         4  main.o(.text.processInput)
    __arm_cp.29_2                            0x08001974   Number         4  main.o(.text.processInput)
    __arm_cp.29_3                            0x08001978   Number         4  main.o(.text.processInput)
    __arm_cp.29_4                            0x0800197c   Number         4  main.o(.text.processInput)
    __arm_cp.29_5                            0x08001980   Number         4  main.o(.text.processInput)
    [Anonymous Symbol]                       0x08001984   Section        0  main.o(.text.receiveMessage)
    __arm_cp.16_1                            0x080019a4   Number         4  main.o(.text.receiveMessage)
    __arm_cp.16_2                            0x080019a8   Number         4  main.o(.text.receiveMessage)
    [Anonymous Symbol]                       0x080019ac   Section        0  main.o(.text.renderBegin)
    [Anonymous Symbol]                       0x080019bc   Section        0  main.o(.text.renderFlush)
    __arm_cp.5_0                             0x080019cc   Number         4  main.o(.text.renderFlush)
    [Anonymous Symbol]                       0x080019d0   Section        0  main.o(.text.renderInt)
    __arm_cp.7_0                             0x08001a34   Number         4  main.o(.text.renderInt)
    __arm_cp.7_1                             0x08001a38   Number         4  main.o(.text.renderInt)
    __arm_cp.7_2                             0x08001a3c   Number         4  main.o(.text.renderInt)
    __arm_cp.7_3                             0x08001a40   Number         4  main.o(.text.renderInt)
    [Anonymous Symbol]                       0x08001a44   Section        0  main.o(.text.resetAll)
    [Anonymous Symbol]                       0x08001a70   Section        0  main.o(.text.resetBitV)
    resetBtns                                0x08001a85   Thumb Code    68  main.o(.text.resetBtns)
    [Anonymous Symbol]                       0x08001a84   Section        0  main.o(.text.resetBtns)
    __arm_cp.47_0                            0x08001ac4   Number         4  main.o(.text.resetBtns)
    [Anonymous Symbol]                       0x08001ac8   Section        0  main.o(.text.setBitV)
    [Anonymous Symbol]                       0x08001adc   Section        0  main.o(.text.setTransferMode)
    [Anonymous Symbol]                       0x08001b14   Section        0  main.o(.text.touch_init)
    __arm_cp.25_0                            0x08001bf0   Number         4  main.o(.text.touch_init)
    __arm_cp.25_1                            0x08001bf4   Number         4  main.o(.text.touch_init)
    __arm_cp.25_2                            0x08001bf8   Number         4  main.o(.text.touch_init)
    __arm_cp.25_3                            0x08001bfc   Number         4  main.o(.text.touch_init)
    __arm_cp.25_4                            0x08001c00   Number         4  main.o(.text.touch_init)
    __arm_cp.25_5                            0x08001c04   Number         4  main.o(.text.touch_init)
    __arm_cp.25_6                            0x08001c08   Number         4  main.o(.text.touch_init)
    __arm_cp.25_7                            0x08001c0c   Number         4  main.o(.text.touch_init)
    __arm_cp.25_8                            0x08001c10   Number         4  main.o(.text.touch_init)
    __arm_cp.25_9                            0x08001c14   Number         4  main.o(.text.touch_init)
    __arm_cp.25_10                           0x08001c18   Number         4  main.o(.text.touch_init)
    __arm_cp.25_11                           0x08001c1c   Number         4  main.o(.text.touch_init)
    __arm_cp.25_12                           0x08001c20   Number         4  main.o(.text.touch_init)
    __arm_cp.25_13                           0x08001c24   Number         4  main.o(.text.touch_init)
    __arm_cp.25_14                           0x08001c28   Number         4  main.o(.text.touch_init)
    __arm_cp.25_15                           0x08001c2c   Number         4  main.o(.text.touch_init)
    __arm_cp.25_16                           0x08001c30   Number         4  main.o(.text.touch_init)
    [Anonymous Symbol]                       0x08001c34   Section        0  main.o(.text.transmitMessage)
    __arm_cp.15_0                            0x08001c58   Number         4  main.o(.text.transmitMessage)
    __arm_cp.15_1                            0x08001c5c   Number         4  main.o(.text.transmitMessage)
    __arm_cp.15_2                            0x08001c60   Number         4  main.o(.text.transmitMessage)
    __arm_cp.15_3                            0x08001c64   Number         4  main.o(.text.transmitMessage)
    trySet                                   0x08001c69   Thumb Code    82  main.o(.text.trySet)
    [Anonymous Symbol]                       0x08001c68   Section        0  main.o(.text.trySet)
    [Anonymous Symbol]                       0x08001cbc   Section        0  main.o(.text.updateBall)
    __arm_cp.28_0                            0x08001e64   Number         4  main.o(.text.updateBall)
    __arm_cp.28_1                            0x08001e68   Number         4  main.o(.text.updateBall)
    __arm_cp.28_2                            0x08001e6c   Number         4  main.o(.text.updateBall)
    __arm_cp.28_3                            0x08001e70   Number         4  main.o(.text.updateBall)
    __arm_cp.28_4                            0x08001e74   Number         4  main.o(.text.updateBall)
    __arm_cp.28_5                            0x08001e78   Number         4  main.o(.text.updateBall)
    [Anonymous Symbol]                       0x08001e7c   Section        0  main.o(.text.wait)
    __arm_cp.39_0                            0x08001ea0   Number         4  main.o(.text.wait)
    i._dgr                                   0x08001ea4   Section        0  dcmp.o(i._dgr)
    i._dls                                   0x08001eba   Section        0  dcmp.o(i._dls)
    i._fgeq                                  0x08001ed0   Section        0  fcmp.o(i._fgeq)
    i._fgr                                   0x08001ee6   Section        0  fcmp.o(i._fgr)
    i._fleq                                  0x08001efc   Section        0  fcmp.o(i._fleq)
    i._fls                                   0x08001f16   Section        0  fcmp.o(i._fls)
    i.round                                  0x08001f2c   Section        0  round.o(i.round)
    x$fpl$dgeqf                              0x08001fc8   Section      100  dgef.o(x$fpl$dgeqf)
    x$fpl$dleqf                              0x0800202c   Section      100  dlef.o(x$fpl$dleqf)
    x$fpl$drleqf                             0x08002090   Section      104  drlef.o(x$fpl$drleqf)
    x$fpl$fadd                               0x080020f8   Section      140  faddsub.o(x$fpl$fadd)
    _fadd1                                   0x08002105   Thumb Code     0  faddsub.o(x$fpl$fadd)
    x$fpl$fgeqf                              0x08002184   Section       84  fgef.o(x$fpl$fgeqf)
    x$fpl$fleqf                              0x080021d8   Section       84  flef.o(x$fpl$fleqf)
    x$fpl$fsub                               0x0800222c   Section      208  faddsub.o(x$fpl$fsub)
    _fsub1                                   0x08002239   Thumb Code     0  faddsub.o(x$fpl$fsub)
    x$fpl$usenofp                            0x080022fc   Section        0  usenofp.o(x$fpl$usenofp)
    _debug                                   0x20000004   Data           1  main.o(.data._debug)
    [Anonymous Symbol]                       0x20000004   Section        0  main.o(.data._debug)
    renderedImage                            0x2000000c   Data           1  main.o(.data.renderedImage)
    [Anonymous Symbol]                       0x2000000c   Section        0  main.o(.data.renderedImage)
    .bss                                     0x20000010   Section       96  libspace.o(.bss)
    ball                                     0x20000080   Data          16  main.o(.bss.ball)
    [Anonymous Symbol]                       0x20000080   Section        0  main.o(.bss.ball)
    controlled                               0x20000090   Data           4  main.o(.bss.controlled)
    [Anonymous Symbol]                       0x20000090   Section        0  main.o(.bss.controlled)
    copyRenderer                             0x20000094   Data          32  main.o(.bss.copyRenderer)
    [Anonymous Symbol]                       0x20000094   Section        0  main.o(.bss.copyRenderer)
    gameState                                0x200000b8   Data          12  main.o(.bss.gameState)
    [Anonymous Symbol]                       0x200000b8   Section        0  main.o(.bss.gameState)
    keyStates                                0x200000c4   Data          40  main.o(.bss.keyStates)
    [Anonymous Symbol]                       0x200000c4   Section        0  main.o(.bss.keyStates)
    lastUpdate                               0x200000ec   Data           4  main.o(.bss.lastUpdate)
    [Anonymous Symbol]                       0x200000ec   Section        0  main.o(.bss.lastUpdate)
    platformLeft                             0x200000f0   Data           6  main.o(.bss.platformLeft)
    [Anonymous Symbol]                       0x200000f0   Section        0  main.o(.bss.platformLeft)
    platformRight                            0x200000f6   Data           6  main.o(.bss.platformRight)
    [Anonymous Symbol]                       0x200000f6   Section        0  main.o(.bss.platformRight)
    raw_result                               0x200000fc   Data           4  main.o(.bss.raw_result)
    [Anonymous Symbol]                       0x200000fc   Section        0  main.o(.bss.raw_result)
    renderBuffer                             0x20000100   Data          32  main.o(.bss.renderBuffer)
    [Anonymous Symbol]                       0x20000100   Section        0  main.o(.bss.renderBuffer)
    renderingLine                            0x20000120   Data           4  main.o(.bss.renderingLine)
    [Anonymous Symbol]                       0x20000120   Section        0  main.o(.bss.renderingLine)
    timestamp                                0x20000128   Data           4  main.o(.bss.timestamp)
    [Anonymous Symbol]                       0x20000128   Section        0  main.o(.bss.timestamp)
    transfer                                 0x2000012c   Data           2  main.o(.bss.transfer)
    [Anonymous Symbol]                       0x2000012c   Section        0  main.o(.bss.transfer)
    useTSC                                   0x2000012e   Data           1  main.o(.bss.useTSC)
    [Anonymous Symbol]                       0x2000012e   Section        0  main.o(.bss.useTSC)
    Heap_Mem                                 0x20000130   Data         512  startup_stm32f072xb.o(HEAP)
    HEAP                                     0x20000130   Section      512  startup_stm32f072xb.o(HEAP)
    Stack_Mem                                0x20000330   Data        1024  startup_stm32f072xb.o(STACK)
    STACK                                    0x20000330   Section     1024  startup_stm32f072xb.o(STACK)
    __initial_sp                             0x20000730   Data           0  startup_stm32f072xb.o(STACK)

    Global Symbols

    Symbol Name                              Value     Ov Type        Size  Object(Section)

    BuildAttributes$$THM_ISAv3M$S$PE$A:L22$X:L11$S22$IEEE1$IW$~IW$USESV6$~STKCKD$USESV7$~SHL$OTIME$ROPI$IEEEJ$EBA8$UX$STANDARDLIB$REQ8$PRES8$EABIv2 0x00000000   Number         0  anon$$obj.o ABSOLUTE
    __ARM_exceptions_init                     - Undefined Weak Reference
    __alloca_initialize                       - Undefined Weak Reference
    __arm_preinit_                            - Undefined Weak Reference
    __cpp_initialize__aeabi_                  - Undefined Weak Reference
    __cxa_finalize                            - Undefined Weak Reference
    __rt_locale                               - Undefined Weak Reference
    __sigvec_lookup                           - Undefined Weak Reference
    __user_heap_extent                        - Undefined Weak Reference
    _atexit_init                              - Undefined Weak Reference
    _call_atexit_fns                          - Undefined Weak Reference
    _clock_init                               - Undefined Weak Reference
    _fp_trap_init                             - Undefined Weak Reference
    _fp_trap_shutdown                         - Undefined Weak Reference
    _get_lc_collate                           - Undefined Weak Reference
    _get_lc_ctype                             - Undefined Weak Reference
    _get_lc_monetary                          - Undefined Weak Reference
    _get_lc_numeric                           - Undefined Weak Reference
    _get_lc_time                              - Undefined Weak Reference
    _getenv_init                              - Undefined Weak Reference
    _handle_redirection                       - Undefined Weak Reference
    _initio                                   - Undefined Weak Reference
    _mutex_acquire                            - Undefined Weak Reference
    _mutex_free                               - Undefined Weak Reference
    _mutex_release                            - Undefined Weak Reference
    _rand_init                                - Undefined Weak Reference
    _signal_finish                            - Undefined Weak Reference
    _signal_init                              - Undefined Weak Reference
    _terminateio                              - Undefined Weak Reference
    __Vectors_Size                           0x000000c0   Number         0  startup_stm32f072xb.o ABSOLUTE
    __Vectors                                0x08000000   Data           4  startup_stm32f072xb.o(RESET)
    __Vectors_End                            0x080000c0   Data           0  startup_stm32f072xb.o(RESET)
    __main                                   0x080000c1   Thumb Code     8  __main.o(!!!main)
    __scatterload                            0x080000c9   Thumb Code     0  __scatter.o(!!!scatter)
    __scatterload_rt2                        0x080000c9   Thumb Code    52  __scatter.o(!!!scatter)
    __scatterload_rt2_thumb_only             0x080000c9   Thumb Code     0  __scatter.o(!!!scatter)
    __scatterload_null                       0x080000d9   Thumb Code     0  __scatter.o(!!!scatter)
    __scatterload_copy                       0x08000105   Thumb Code    26  __scatter_copy.o(!!handler_copy)
    __scatterload_zeroinit                   0x08000121   Thumb Code    28  __scatter_zi.o(!!handler_zi)
    __rt_lib_init                            0x0800013d   Thumb Code     0  libinit.o(.ARM.Collect$$libinit$$00000000)
    __rt_lib_init_fp_1                       0x0800013f   Thumb Code     0  libinit2.o(.ARM.Collect$$libinit$$00000002)
    __rt_lib_init_heap_2                     0x0800013f   Thumb Code     0  libinit2.o(.ARM.Collect$$libinit$$00000005)
    __rt_lib_init_preinit_1                  0x0800013f   Thumb Code     0  libinit2.o(.ARM.Collect$$libinit$$00000004)
    __rt_lib_init_alloca_1                   0x08000147   Thumb Code     0  libinit2.o(.ARM.Collect$$libinit$$0000002E)
    __rt_lib_init_argv_1                     0x08000147   Thumb Code     0  libinit2.o(.ARM.Collect$$libinit$$0000002C)
    __rt_lib_init_atexit_1                   0x08000147   Thumb Code     0  libinit2.o(.ARM.Collect$$libinit$$0000001B)
    __rt_lib_init_clock_1                    0x08000147   Thumb Code     0  libinit2.o(.ARM.Collect$$libinit$$00000021)
    __rt_lib_init_cpp_1                      0x08000147   Thumb Code     0  libinit2.o(.ARM.Collect$$libinit$$00000032)
    __rt_lib_init_exceptions_1               0x08000147   Thumb Code     0  libinit2.o(.ARM.Collect$$libinit$$00000030)
    __rt_lib_init_fp_trap_1                  0x08000147   Thumb Code     0  libinit2.o(.ARM.Collect$$libinit$$0000001F)
    __rt_lib_init_getenv_1                   0x08000147   Thumb Code     0  libinit2.o(.ARM.Collect$$libinit$$00000023)
    __rt_lib_init_heap_1                     0x08000147   Thumb Code     0  libinit2.o(.ARM.Collect$$libinit$$0000000A)
    __rt_lib_init_lc_collate_1               0x08000147   Thumb Code     0  libinit2.o(.ARM.Collect$$libinit$$00000011)
    __rt_lib_init_lc_ctype_1                 0x08000147   Thumb Code     0  libinit2.o(.ARM.Collect$$libinit$$00000013)
    __rt_lib_init_lc_monetary_1              0x08000147   Thumb Code     0  libinit2.o(.ARM.Collect$$libinit$$00000015)
    __rt_lib_init_lc_numeric_1               0x08000147   Thumb Code     0  libinit2.o(.ARM.Collect$$libinit$$00000017)
    __rt_lib_init_lc_time_1                  0x08000147   Thumb Code     0  libinit2.o(.ARM.Collect$$libinit$$00000019)
    __rt_lib_init_rand_1                     0x08000147   Thumb Code     0  libinit2.o(.ARM.Collect$$libinit$$0000000E)
    __rt_lib_init_return                     0x08000147   Thumb Code     0  libinit2.o(.ARM.Collect$$libinit$$00000033)
    __rt_lib_init_signal_1                   0x08000147   Thumb Code     0  libinit2.o(.ARM.Collect$$libinit$$0000001D)
    __rt_lib_init_stdio_1                    0x08000147   Thumb Code     0  libinit2.o(.ARM.Collect$$libinit$$00000025)
    __rt_lib_init_user_alloc_1               0x08000147   Thumb Code     0  libinit2.o(.ARM.Collect$$libinit$$0000000C)
    __rt_lib_shutdown                        0x08000149   Thumb Code     0  libshutdown.o(.ARM.Collect$$libshutdown$$00000000)
    __rt_lib_shutdown_cpp_1                  0x0800014b   Thumb Code     0  libshutdown2.o(.ARM.Collect$$libshutdown$$00000002)
    __rt_lib_shutdown_fp_trap_1              0x0800014b   Thumb Code     0  libshutdown2.o(.ARM.Collect$$libshutdown$$00000007)
    __rt_lib_shutdown_heap_1                 0x0800014b   Thumb Code     0  libshutdown2.o(.ARM.Collect$$libshutdown$$0000000F)
    __rt_lib_shutdown_return                 0x0800014b   Thumb Code     0  libshutdown2.o(.ARM.Collect$$libshutdown$$00000010)
    __rt_lib_shutdown_signal_1               0x0800014b   Thumb Code     0  libshutdown2.o(.ARM.Collect$$libshutdown$$0000000A)
    __rt_lib_shutdown_stdio_1                0x0800014b   Thumb Code     0  libshutdown2.o(.ARM.Collect$$libshutdown$$00000004)
    __rt_lib_shutdown_user_alloc_1           0x0800014b   Thumb Code     0  libshutdown2.o(.ARM.Collect$$libshutdown$$0000000C)
    __rt_entry                               0x0800014d   Thumb Code     0  __rtentry.o(.ARM.Collect$$rtentry$$00000000)
    __rt_entry_presh_1                       0x0800014d   Thumb Code     0  __rtentry2.o(.ARM.Collect$$rtentry$$00000002)
    __rt_entry_sh                            0x0800014d   Thumb Code     0  __rtentry4.o(.ARM.Collect$$rtentry$$00000004)
    __rt_entry_li                            0x08000153   Thumb Code     0  __rtentry2.o(.ARM.Collect$$rtentry$$0000000A)
    __rt_entry_postsh_1                      0x08000153   Thumb Code     0  __rtentry2.o(.ARM.Collect$$rtentry$$00000009)
    __rt_entry_main                          0x08000157   Thumb Code     0  __rtentry2.o(.ARM.Collect$$rtentry$$0000000D)
    __rt_entry_postli_1                      0x08000157   Thumb Code     0  __rtentry2.o(.ARM.Collect$$rtentry$$0000000C)
    __rt_exit                                0x0800015f   Thumb Code     0  rtexit.o(.ARM.Collect$$rtexit$$00000000)
    __rt_exit_ls                             0x08000161   Thumb Code     0  rtexit2.o(.ARM.Collect$$rtexit$$00000003)
    __rt_exit_prels_1                        0x08000161   Thumb Code     0  rtexit2.o(.ARM.Collect$$rtexit$$00000002)
    __rt_exit_exit                           0x08000165   Thumb Code     0  rtexit2.o(.ARM.Collect$$rtexit$$00000004)
    Reset_Handler                            0x0800016d   Thumb Code     8  startup_stm32f072xb.o(.text)
    NMI_Handler                              0x08000175   Thumb Code     2  startup_stm32f072xb.o(.text)
    HardFault_Handler                        0x08000177   Thumb Code     2  startup_stm32f072xb.o(.text)
    SVC_Handler                              0x08000179   Thumb Code     2  startup_stm32f072xb.o(.text)
    PendSV_Handler                           0x0800017b   Thumb Code     2  startup_stm32f072xb.o(.text)
    ADC1_COMP_IRQHandler                     0x0800017f   Thumb Code     0  startup_stm32f072xb.o(.text)
    CEC_CAN_IRQHandler                       0x0800017f   Thumb Code     0  startup_stm32f072xb.o(.text)
    DMA1_Channel1_IRQHandler                 0x0800017f   Thumb Code     0  startup_stm32f072xb.o(.text)
    DMA1_Channel2_3_IRQHandler               0x0800017f   Thumb Code     0  startup_stm32f072xb.o(.text)
    DMA1_Channel4_5_6_7_IRQHandler           0x0800017f   Thumb Code     0  startup_stm32f072xb.o(.text)
    EXTI0_1_IRQHandler                       0x0800017f   Thumb Code     0  startup_stm32f072xb.o(.text)
    EXTI2_3_IRQHandler                       0x0800017f   Thumb Code     0  startup_stm32f072xb.o(.text)
    EXTI4_15_IRQHandler                      0x0800017f   Thumb Code     0  startup_stm32f072xb.o(.text)
    FLASH_IRQHandler                         0x0800017f   Thumb Code     0  startup_stm32f072xb.o(.text)
    I2C1_IRQHandler                          0x0800017f   Thumb Code     0  startup_stm32f072xb.o(.text)
    I2C2_IRQHandler                          0x0800017f   Thumb Code     0  startup_stm32f072xb.o(.text)
    PVD_VDDIO2_IRQHandler                    0x0800017f   Thumb Code     0  startup_stm32f072xb.o(.text)
    RCC_CRS_IRQHandler                       0x0800017f   Thumb Code     0  startup_stm32f072xb.o(.text)
    RTC_IRQHandler                           0x0800017f   Thumb Code     0  startup_stm32f072xb.o(.text)
    SPI1_IRQHandler                          0x0800017f   Thumb Code     0  startup_stm32f072xb.o(.text)
    TIM14_IRQHandler                         0x0800017f   Thumb Code     0  startup_stm32f072xb.o(.text)
    TIM15_IRQHandler                         0x0800017f   Thumb Code     0  startup_stm32f072xb.o(.text)
    TIM16_IRQHandler                         0x0800017f   Thumb Code     0  startup_stm32f072xb.o(.text)
    TIM1_BRK_UP_TRG_COM_IRQHandler           0x0800017f   Thumb Code     0  startup_stm32f072xb.o(.text)
    TIM1_CC_IRQHandler                       0x0800017f   Thumb Code     0  startup_stm32f072xb.o(.text)
    TIM2_IRQHandler                          0x0800017f   Thumb Code     0  startup_stm32f072xb.o(.text)
    TIM3_IRQHandler                          0x0800017f   Thumb Code     0  startup_stm32f072xb.o(.text)
    TIM6_DAC_IRQHandler                      0x0800017f   Thumb Code     0  startup_stm32f072xb.o(.text)
    TIM7_IRQHandler                          0x0800017f   Thumb Code     0  startup_stm32f072xb.o(.text)
    USART1_IRQHandler                        0x0800017f   Thumb Code     0  startup_stm32f072xb.o(.text)
    USART2_IRQHandler                        0x0800017f   Thumb Code     0  startup_stm32f072xb.o(.text)
    USART3_4_IRQHandler                      0x0800017f   Thumb Code     0  startup_stm32f072xb.o(.text)
    USB_IRQHandler                           0x0800017f   Thumb Code     0  startup_stm32f072xb.o(.text)
    WWDG_IRQHandler                          0x0800017f   Thumb Code     0  startup_stm32f072xb.o(.text)
    __user_initial_stackheap                 0x08000181   Thumb Code     0  startup_stm32f072xb.o(.text)
    malloc                                   0x080001a5   Thumb Code    98  h1_alloc.o(.text)
    __aeabi_uidiv                            0x08000209   Thumb Code     0  aeabi_sdiv.o(.text)
    __aeabi_uidivmod                         0x08000209   Thumb Code    20  aeabi_sdiv.o(.text)
    __aeabi_idiv                             0x0800021d   Thumb Code     0  aeabi_sdiv.o(.text)
    __aeabi_idivmod                          0x0800021d   Thumb Code   338  aeabi_sdiv.o(.text)
    __use_two_region_memory                  0x08000375   Thumb Code     2  heapauxi.o(.text)
    __rt_heap_escrow                         0x08000377   Thumb Code     2  heapauxi.o(.text)
    __rt_heap_expand                         0x08000379   Thumb Code     2  heapauxi.o(.text)
    __aeabi_d2iz                             0x0800037d   Thumb Code     0  dfixi.o(.text)
    _dfix                                    0x0800037d   Thumb Code    98  dfixi.o(.text)
    __aeabi_i2d_normalise                    0x080003e9   Thumb Code    66  dflti.o(.text)
    __aeabi_i2d                              0x0800042b   Thumb Code    16  dflti.o(.text)
    _dflt                                    0x0800042b   Thumb Code     0  dflti.o(.text)
    __aeabi_ui2d                             0x0800043b   Thumb Code     6  dflti.o(.text)
    _dfltu                                   0x0800043b   Thumb Code     0  dflti.o(.text)
    __aeabi_f2d                              0x08000441   Thumb Code     0  f2d.o(.text)
    _f2d                                     0x08000441   Thumb Code    80  f2d.o(.text)
    __rt_heap_descriptor                     0x08000495   Thumb Code     8  rt_heap_descriptor_intlibspace.o(.text)
    __use_no_heap                            0x0800049d   Thumb Code     2  hguard.o(.text)
    __heap$guard                             0x0800049f   Thumb Code     2  hguard.o(.text)
    _terminate_user_alloc                    0x080004a1   Thumb Code     2  init_alloc.o(.text)
    _init_user_alloc                         0x080004a3   Thumb Code     2  init_alloc.o(.text)
    __Heap_Full                              0x080004a5   Thumb Code    32  init_alloc.o(.text)
    __Heap_Broken                            0x080004c5   Thumb Code    10  init_alloc.o(.text)
    _init_alloc                              0x080004cf   Thumb Code    90  init_alloc.o(.text)
    __Heap_Initialize                        0x08000529   Thumb Code    10  h1_init.o(.text)
    __Heap_DescSize                          0x08000533   Thumb Code     4  h1_init.o(.text)
    free                                     0x08000537   Thumb Code    76  h1_free.o(.text)
    __aeabi_dadd                             0x0800087d   Thumb Code     0  daddsub.o(.text)
    _dadd                                    0x0800087d   Thumb Code    26  daddsub.o(.text)
    __aeabi_dsub                             0x08000897   Thumb Code     0  daddsub.o(.text)
    _dsub                                    0x08000897   Thumb Code    22  daddsub.o(.text)
    __aeabi_drsub                            0x080008ad   Thumb Code     0  daddsub.o(.text)
    _drsb                                    0x080008ad   Thumb Code    28  daddsub.o(.text)
    _drnd                                    0x080008dd   Thumb Code   232  drnd.o(.text)
    __user_libspace                          0x080009cd   Thumb Code     8  libspace.o(.text)
    __user_perproc_libspace                  0x080009cd   Thumb Code     0  libspace.o(.text)
    __user_perthread_libspace                0x080009cd   Thumb Code     0  libspace.o(.text)
    __Heap_ProvideMemory                     0x080009d5   Thumb Code    52  h1_extend.o(.text)
    _maybe_terminate_alloc                   0x080009d5   Thumb Code     0  maybetermalloc1.o(.text)
    __rt_SIGRTMEM                            0x08000a09   Thumb Code    12  defsig_rtmem_outer.o(.text)
    __fpl_dcmp_InfNaN                        0x08000a15   Thumb Code   154  dcmpin.o(.text)
    __fpl_fcmp_InfNaN                        0x08000ab5   Thumb Code    96  fcmpin.o(.text)
    __I$use$semihosting                      0x08000b19   Thumb Code     0  use_no_semi.o(.text)
    __use_no_semihosting_swi                 0x08000b19   Thumb Code     2  use_no_semi.o(.text)
    __semihosting_library_function           0x08000b1b   Thumb Code     0  indicate_semi.o(.text)
    __user_setup_stackheap                   0x08000b1b   Thumb Code    62  sys_stackheap_outer.o(.text)
    exit                                     0x08000b59   Thumb Code    16  exit.o(.text)
    __sig_exit                               0x08000b69   Thumb Code    12  defsig_exit.o(.text)
    __rt_SIGRTMEM_inner                      0x08000b75   Thumb Code    22  defsig_rtmem_inner.o(.text)
    __fpl_cmpreturn                          0x08000bc5   Thumb Code    46  cmpret.o(.text)
    __fpl_dcheck_NaN2                        0x08000bf5   Thumb Code    14  dnan2.o(.text)
    __fpl_fcheck_NaN2                        0x08000c09   Thumb Code    10  fnan2.o(.text)
    _sys_exit                                0x08000c19   Thumb Code     8  sys_exit.o(.text)
    __default_signal_display                 0x08000c25   Thumb Code    52  defsig_general.o(.text)
    __fpl_return_NaN                         0x08000c59   Thumb Code    94  retnan.o(.text)
    _ttywrch                                 0x08000cb7   Thumb Code    12  sys_wrch.o(.text)
    SPI2_IRQHandler                          0x08000cc5   Thumb Code    36  main.o(.text.SPI2_IRQHandler)
    SysTick_Handler                          0x08000d3d   Thumb Code    24  main.o(.text.SysTick_Handler)
    SystemCoreClockUpdate                    0x08000d55   Thumb Code   248  system_stm32f0xx.o(.text.SystemCoreClockUpdate)
    SystemInit                               0x08000e4d   Thumb Code     2  system_stm32f0xx.o(.text.SystemInit)
    TIM17_IRQHandler                         0x08000e51   Thumb Code    28  main.o(.text.TIM17_IRQHandler)
    TSC_IRQHandler                           0x08000e6d   Thumb Code   256  main.o(.text.TSC_IRQHandler)
    buttonDown                               0x08001021   Thumb Code    12  main.o(.text.buttonDown)
    clientFlush                              0x08001055   Thumb Code    56  main.o(.text.clientFlush)
    drawCursor                               0x0800108d   Thumb Code    72  main.o(.text.drawCursor)
    drawMenu                                 0x080010d5   Thumb Code   128  main.o(.text.drawMenu)
    drawPlatform                             0x08001155   Thumb Code    66  main.o(.text.drawPlatform)
    drawRow                                  0x08001199   Thumb Code    40  main.o(.text.drawRow)
    init                                     0x08001349   Thumb Code    88  main.o(.text.init)
    initBtns                                 0x080013a1   Thumb Code   112  main.o(.text.initBtns)
    initPong                                 0x08001411   Thumb Code    84  main.o(.text.initPong)
    initTransfer                             0x080014fd   Thumb Code   140  main.o(.text.initTransfer)
    initUsartTransferReceive                 0x08001589   Thumb Code    16  main.o(.text.initUsartTransferReceive)
    initUsartTransferTransmit                0x08001599   Thumb Code    28  main.o(.text.initUsartTransferTransmit)
    initializeTimer                          0x080015b5   Thumb Code    84  main.o(.text.initializeTimer)
    lateTSCinit                              0x08001609   Thumb Code    40  main.o(.text.lateTSCinit)
    loop                                     0x08001631   Thumb Code   100  main.o(.text.loop)
    main                                     0x08001695   Thumb Code    40  main.o(.text.main)
    onUpdatePong                             0x080016bd   Thumb Code   416  main.o(.text.onUpdatePong)
    processInput                             0x0800185d   Thumb Code   296  main.o(.text.processInput)
    receiveMessage                           0x08001985   Thumb Code    40  main.o(.text.receiveMessage)
    renderBegin                              0x080019ad   Thumb Code    16  main.o(.text.renderBegin)
    renderFlush                              0x080019bd   Thumb Code    20  main.o(.text.renderFlush)
    renderInt                                0x080019d1   Thumb Code   116  main.o(.text.renderInt)
    resetAll                                 0x08001a45   Thumb Code    44  main.o(.text.resetAll)
    resetBitV                                0x08001a71   Thumb Code    20  main.o(.text.resetBitV)
    setBitV                                  0x08001ac9   Thumb Code    20  main.o(.text.setBitV)
    setTransferMode                          0x08001add   Thumb Code    56  main.o(.text.setTransferMode)
    touch_init                               0x08001b15   Thumb Code   288  main.o(.text.touch_init)
    transmitMessage                          0x08001c35   Thumb Code    52  main.o(.text.transmitMessage)
    updateBall                               0x08001cbd   Thumb Code   448  main.o(.text.updateBall)
    wait                                     0x08001e7d   Thumb Code    40  main.o(.text.wait)
    __aeabi_dcmpgt                           0x08001ea5   Thumb Code     0  dcmp.o(i._dgr)
    _dgr                                     0x08001ea5   Thumb Code    22  dcmp.o(i._dgr)
    __aeabi_dcmplt                           0x08001ebb   Thumb Code     0  dcmp.o(i._dls)
    _dls                                     0x08001ebb   Thumb Code    22  dcmp.o(i._dls)
    __aeabi_fcmpge                           0x08001ed1   Thumb Code     0  fcmp.o(i._fgeq)
    _fgeq                                    0x08001ed1   Thumb Code    22  fcmp.o(i._fgeq)
    __aeabi_fcmpgt                           0x08001ee7   Thumb Code     0  fcmp.o(i._fgr)
    _fgr                                     0x08001ee7   Thumb Code    22  fcmp.o(i._fgr)
    __aeabi_fcmple                           0x08001efd   Thumb Code     0  fcmp.o(i._fleq)
    _fleq                                    0x08001efd   Thumb Code    26  fcmp.o(i._fleq)
    __aeabi_fcmplt                           0x08001f17   Thumb Code     0  fcmp.o(i._fls)
    _fls                                     0x08001f17   Thumb Code    22  fcmp.o(i._fls)
    round                                    0x08001f2d   Thumb Code   142  round.o(i.round)
    _dcmpge                                  0x08001fc9   Thumb Code    94  dgef.o(x$fpl$dgeqf)
    __aeabi_cdcmple                          0x0800202d   Thumb Code     0  dlef.o(x$fpl$dleqf)
    _dcmple                                  0x0800202d   Thumb Code    94  dlef.o(x$fpl$dleqf)
    __aeabi_cdrcmple                         0x08002091   Thumb Code     0  drlef.o(x$fpl$drleqf)
    _drcmple                                 0x08002091   Thumb Code   100  drlef.o(x$fpl$drleqf)
    __aeabi_fadd                             0x080020f9   Thumb Code     0  faddsub.o(x$fpl$fadd)
    _fadd                                    0x080020f9   Thumb Code   134  faddsub.o(x$fpl$fadd)
    _fcmpge                                  0x08002185   Thumb Code    78  fgef.o(x$fpl$fgeqf)
    __aeabi_cfcmple                          0x080021d9   Thumb Code     0  flef.o(x$fpl$fleqf)
    _fcmple                                  0x080021d9   Thumb Code    78  flef.o(x$fpl$fleqf)
    __aeabi_fsub                             0x0800222d   Thumb Code     0  faddsub.o(x$fpl$fsub)
    _fsub                                    0x0800222d   Thumb Code   204  faddsub.o(x$fpl$fsub)
    AHBPrescTable                            0x080022fc   Data          16  system_stm32f0xx.o(.rodata.AHBPrescTable)
    __I$use$fp                               0x080022fc   Number         0  usenofp.o(x$fpl$usenofp)
    Region$$Table$$Base                      0x0800230c   Number         0  anon$$obj.o(Region$$Table)
    Region$$Table$$Limit                     0x0800232c   Number         0  anon$$obj.o(Region$$Table)
    SystemCoreClock                          0x20000000   Data           4  system_stm32f0xx.o(.data.SystemCoreClock)
    cursorY                                  0x20000008   Data           4  main.o(.data.cursorY)
    __libspace_start                         0x20000010   Data          96  libspace.o(.bss)
    Result                                   0x20000070   Data          16  main.o(.bss.Result)
    __temporary_stack_top$libspace           0x20000070   Data           0  libspace.o(.bss)
    flushed                                  0x200000b4   Data           1  main.o(.bss.flushed)
    timer                                    0x20000124   Data           4  main.o(.bss.timer)



==============================================================================

Memory Map of the image

  Image Entry point : 0x0800016d

  Load Region LR_1 (Base: 0x08000000, Size: 0x0000233c, Max: 0xffffffff, ABSOLUTE)

    Execution Region ER_RO (Exec base: 0x08000000, Load base: 0x08000000, Size: 0x0000232c, Max: 0xffffffff, ABSOLUTE)

    Exec Addr    Load Addr    Size         Type   Attr      Idx    E Section Name        Object

    0x08000000   0x08000000   0x000000c0   Data   RO          132    RESET               startup_stm32f072xb.o
    0x080000c0   0x080000c0   0x00000008   Code   RO          217  * !!!main             c_p.l(__main.o)
    0x080000c8   0x080000c8   0x0000003c   Code   RO          513    !!!scatter          c_p.l(__scatter.o)
    0x08000104   0x08000104   0x0000001a   Code   RO          515    !!handler_copy      c_p.l(__scatter_copy.o)
    0x0800011e   0x0800011e   0x00000002   PAD
    0x08000120   0x08000120   0x0000001c   Code   RO          517    !!handler_zi        c_p.l(__scatter_zi.o)
    0x0800013c   0x0800013c   0x00000002   Code   RO          439    .ARM.Collect$$libinit$$00000000  c_p.l(libinit.o)
    0x0800013e   0x0800013e   0x00000000   Code   RO          300    .ARM.Collect$$libinit$$00000002  c_p.l(libinit2.o)
    0x0800013e   0x0800013e   0x00000000   Code   RO          302    .ARM.Collect$$libinit$$00000004  c_p.l(libinit2.o)
    0x0800013e   0x0800013e   0x00000008   Code   RO          303    .ARM.Collect$$libinit$$00000005  c_p.l(libinit2.o)
    0x08000146   0x08000146   0x00000000   Code   RO          305    .ARM.Collect$$libinit$$0000000A  c_p.l(libinit2.o)
    0x08000146   0x08000146   0x00000000   Code   RO          307    .ARM.Collect$$libinit$$0000000C  c_p.l(libinit2.o)
    0x08000146   0x08000146   0x00000000   Code   RO          309    .ARM.Collect$$libinit$$0000000E  c_p.l(libinit2.o)
    0x08000146   0x08000146   0x00000000   Code   RO          312    .ARM.Collect$$libinit$$00000011  c_p.l(libinit2.o)
    0x08000146   0x08000146   0x00000000   Code   RO          314    .ARM.Collect$$libinit$$00000013  c_p.l(libinit2.o)
    0x08000146   0x08000146   0x00000000   Code   RO          316    .ARM.Collect$$libinit$$00000015  c_p.l(libinit2.o)
    0x08000146   0x08000146   0x00000000   Code   RO          318    .ARM.Collect$$libinit$$00000017  c_p.l(libinit2.o)
    0x08000146   0x08000146   0x00000000   Code   RO          320    .ARM.Collect$$libinit$$00000019  c_p.l(libinit2.o)
    0x08000146   0x08000146   0x00000000   Code   RO          322    .ARM.Collect$$libinit$$0000001B  c_p.l(libinit2.o)
    0x08000146   0x08000146   0x00000000   Code   RO          324    .ARM.Collect$$libinit$$0000001D  c_p.l(libinit2.o)
    0x08000146   0x08000146   0x00000000   Code   RO          326    .ARM.Collect$$libinit$$0000001F  c_p.l(libinit2.o)
    0x08000146   0x08000146   0x00000000   Code   RO          328    .ARM.Collect$$libinit$$00000021  c_p.l(libinit2.o)
    0x08000146   0x08000146   0x00000000   Code   RO          330    .ARM.Collect$$libinit$$00000023  c_p.l(libinit2.o)
    0x08000146   0x08000146   0x00000000   Code   RO          332    .ARM.Collect$$libinit$$00000025  c_p.l(libinit2.o)
    0x08000146   0x08000146   0x00000000   Code   RO          336    .ARM.Collect$$libinit$$0000002C  c_p.l(libinit2.o)
    0x08000146   0x08000146   0x00000000   Code   RO          338    .ARM.Collect$$libinit$$0000002E  c_p.l(libinit2.o)
    0x08000146   0x08000146   0x00000000   Code   RO          340    .ARM.Collect$$libinit$$00000030  c_p.l(libinit2.o)
    0x08000146   0x08000146   0x00000000   Code   RO          342    .ARM.Collect$$libinit$$00000032  c_p.l(libinit2.o)
    0x08000146   0x08000146   0x00000002   Code   RO          343    .ARM.Collect$$libinit$$00000033  c_p.l(libinit2.o)
    0x08000148   0x08000148   0x00000002   Code   RO          510    .ARM.Collect$$libshutdown$$00000000  c_p.l(libshutdown.o)
    0x0800014a   0x0800014a   0x00000000   Code   RO          464    .ARM.Collect$$libshutdown$$00000002  c_p.l(libshutdown2.o)
    0x0800014a   0x0800014a   0x00000000   Code   RO          466    .ARM.Collect$$libshutdown$$00000004  c_p.l(libshutdown2.o)
    0x0800014a   0x0800014a   0x00000000   Code   RO          469    .ARM.Collect$$libshutdown$$00000007  c_p.l(libshutdown2.o)
    0x0800014a   0x0800014a   0x00000000   Code   RO          472    .ARM.Collect$$libshutdown$$0000000A  c_p.l(libshutdown2.o)
    0x0800014a   0x0800014a   0x00000000   Code   RO          474    .ARM.Collect$$libshutdown$$0000000C  c_p.l(libshutdown2.o)
    0x0800014a   0x0800014a   0x00000000   Code   RO          477    .ARM.Collect$$libshutdown$$0000000F  c_p.l(libshutdown2.o)
    0x0800014a   0x0800014a   0x00000002   Code   RO          478    .ARM.Collect$$libshutdown$$00000010  c_p.l(libshutdown2.o)
    0x0800014c   0x0800014c   0x00000000   Code   RO          259    .ARM.Collect$$rtentry$$00000000  c_p.l(__rtentry.o)
    0x0800014c   0x0800014c   0x00000000   Code   RO          371    .ARM.Collect$$rtentry$$00000002  c_p.l(__rtentry2.o)
    0x0800014c   0x0800014c   0x00000006   Code   RO          383    .ARM.Collect$$rtentry$$00000004  c_p.l(__rtentry4.o)
    0x08000152   0x08000152   0x00000000   Code   RO          373    .ARM.Collect$$rtentry$$00000009  c_p.l(__rtentry2.o)
    0x08000152   0x08000152   0x00000004   Code   RO          374    .ARM.Collect$$rtentry$$0000000A  c_p.l(__rtentry2.o)
    0x08000156   0x08000156   0x00000000   Code   RO          376    .ARM.Collect$$rtentry$$0000000C  c_p.l(__rtentry2.o)
    0x08000156   0x08000156   0x00000008   Code   RO          377    .ARM.Collect$$rtentry$$0000000D  c_p.l(__rtentry2.o)
    0x0800015e   0x0800015e   0x00000002   Code   RO          451    .ARM.Collect$$rtexit$$00000000  c_p.l(rtexit.o)
    0x08000160   0x08000160   0x00000000   Code   RO          486    .ARM.Collect$$rtexit$$00000002  c_p.l(rtexit2.o)
    0x08000160   0x08000160   0x00000004   Code   RO          487    .ARM.Collect$$rtexit$$00000003  c_p.l(rtexit2.o)
    0x08000164   0x08000164   0x00000006   Code   RO          488    .ARM.Collect$$rtexit$$00000004  c_p.l(rtexit2.o)
    0x0800016a   0x0800016a   0x00000002   PAD
    0x0800016c   0x0800016c   0x00000038   Code   RO          133  * .text               startup_stm32f072xb.o
    0x080001a4   0x080001a4   0x00000062   Code   RO          157    .text               c_p.l(h1_alloc.o)
    0x08000206   0x08000206   0x00000002   PAD
    0x08000208   0x08000208   0x0000016c   Code   RO          211    .text               c_p.l(aeabi_sdiv.o)
    0x08000374   0x08000374   0x00000006   Code   RO          215    .text               c_p.l(heapauxi.o)
    0x0800037a   0x0800037a   0x00000002   PAD
    0x0800037c   0x0800037c   0x0000006c   Code   RO          231    .text               fz_ps.l(dfixi.o)
    0x080003e8   0x080003e8   0x00000058   Code   RO          233    .text               fz_ps.l(dflti.o)
    0x08000440   0x08000440   0x00000054   Code   RO          235    .text               fz_ps.l(f2d.o)
    0x08000494   0x08000494   0x00000008   Code   RO          267    .text               c_p.l(rt_heap_descriptor_intlibspace.o)
    0x0800049c   0x0800049c   0x00000004   Code   RO          269    .text               c_p.l(hguard.o)
    0x080004a0   0x080004a0   0x00000088   Code   RO          271    .text               c_p.l(init_alloc.o)
    0x08000528   0x08000528   0x0000000e   Code   RO          277    .text               c_p.l(h1_init.o)
    0x08000536   0x08000536   0x0000004c   Code   RO          279    .text               c_p.l(h1_free.o)
    0x08000582   0x08000582   0x00000002   PAD
    0x08000584   0x08000584   0x00000358   Code   RO          344    .text               fz_ps.l(daddsub.o)
    0x080008dc   0x080008dc   0x000000f0   Code   RO          354    .text               fz_ps.l(drnd.o)
    0x080009cc   0x080009cc   0x00000008   Code   RO          367    .text               c_p.l(libspace.o)
    0x080009d4   0x080009d4   0x00000000   Code   RO          389    .text               c_p.l(maybetermalloc1.o)
    0x080009d4   0x080009d4   0x00000034   Code   RO          391    .text               c_p.l(h1_extend.o)
    0x08000a08   0x08000a08   0x0000000c   Code   RO          395    .text               c_p.l(defsig_rtmem_outer.o)
    0x08000a14   0x08000a14   0x000000a0   Code   RO          404    .text               fz_ps.l(dcmpin.o)
    0x08000ab4   0x08000ab4   0x00000064   Code   RO          406    .text               fz_ps.l(fcmpin.o)
    0x08000b18   0x08000b18   0x00000002   Code   RO          410    .text               c_p.l(use_no_semi.o)
    0x08000b1a   0x08000b1a   0x00000000   Code   RO          412    .text               c_p.l(indicate_semi.o)
    0x08000b1a   0x08000b1a   0x0000003e   Code   RO          413    .text               c_p.l(sys_stackheap_outer.o)
    0x08000b58   0x08000b58   0x00000010   Code   RO          420    .text               c_p.l(exit.o)
    0x08000b68   0x08000b68   0x0000000c   Code   RO          422    .text               c_p.l(defsig_exit.o)
    0x08000b74   0x08000b74   0x00000050   Code   RO          428    .text               c_p.l(defsig_rtmem_inner.o)
    0x08000bc4   0x08000bc4   0x0000002e   Code   RO          440    .text               fz_ps.l(cmpret.o)
    0x08000bf2   0x08000bf2   0x00000002   PAD
    0x08000bf4   0x08000bf4   0x00000014   Code   RO          442    .text               fz_ps.l(dnan2.o)
    0x08000c08   0x08000c08   0x00000010   Code   RO          444    .text               fz_ps.l(fnan2.o)
    0x08000c18   0x08000c18   0x0000000c   Code   RO          446    .text               c_p.l(sys_exit.o)
    0x08000c24   0x08000c24   0x00000034   Code   RO          459    .text               c_p.l(defsig_general.o)
    0x08000c58   0x08000c58   0x0000005e   Code   RO          479    .text               fz_ps.l(retnan.o)
    0x08000cb6   0x08000cb6   0x0000000c   Code   RO          481    .text               c_p.l(sys_wrch.o)
    0x08000cc2   0x08000cc2   0x00000002   PAD
    0x08000cc4   0x08000cc4   0x00000024   Code   RO           78    .text.SPI2_IRQHandler  main.o
    0x08000ce8   0x08000ce8   0x00000054   Code   RO           86    .text.SysTick_Config  main.o
    0x08000d3c   0x08000d3c   0x00000018   Code   RO           74    .text.SysTick_Handler  main.o
    0x08000d54   0x08000d54   0x000000f8   Code   RO          142    .text.SystemCoreClockUpdate  system_stm32f0xx.o
    0x08000e4c   0x08000e4c   0x00000002   Code   RO          140    .text.SystemInit    system_stm32f0xx.o
    0x08000e4e   0x08000e4e   0x00000002   PAD
    0x08000e50   0x08000e50   0x0000001c   Code   RO           72    .text.TIM17_IRQHandler  main.o
    0x08000e6c   0x08000e6c   0x00000100   Code   RO           48    .text.TSC_IRQHandler  main.o
    0x08000f6c   0x08000f6c   0x0000002c   Code   RO           46    .text.__NVIC_EnableIRQ  main.o
    0x08000f98   0x08000f98   0x00000088   Code   RO           94    .text.__NVIC_SetPriority  main.o
    0x08001020   0x08001020   0x0000000c   Code   RO            2    .text.buttonDown    main.o
    0x0800102c   0x0800102c   0x00000028   Code   RO          100    .text.clearImage    main.o
    0x08001054   0x08001054   0x00000038   Code   RO           18    .text.clientFlush   main.o
    0x0800108c   0x0800108c   0x00000048   Code   RO           62    .text.drawCursor    main.o
    0x080010d4   0x080010d4   0x00000080   Code   RO           64    .text.drawMenu      main.o
    0x08001154   0x08001154   0x00000042   Code   RO           56    .text.drawPlatform  main.o
    0x08001196   0x08001196   0x00000002   PAD
    0x08001198   0x08001198   0x00000028   Code   RO            6    .text.drawRow       main.o
    0x080011c0   0x080011c0   0x0000004c   Code   RO           44    .text.drawSpiPos    main.o
    0x0800120c   0x0800120c   0x0000013c   Code   RO           76    .text.fetchButtons  main.o
    0x08001348   0x08001348   0x00000058   Code   RO           84    .text.init          main.o
    0x080013a0   0x080013a0   0x00000070   Code   RO            4    .text.initBtns      main.o
    0x08001410   0x08001410   0x00000054   Code   RO           54    .text.initPong      main.o
    0x08001464   0x08001464   0x00000098   Code   RO           98    .text.initSPI       main.o
    0x080014fc   0x080014fc   0x0000008c   Code   RO           30    .text.initTransfer  main.o
    0x08001588   0x08001588   0x00000010   Code   RO           26    .text.initUsartTransferReceive  main.o
    0x08001598   0x08001598   0x0000001c   Code   RO           24    .text.initUsartTransferTransmit  main.o
    0x080015b4   0x080015b4   0x00000054   Code   RO           70    .text.initializeTimer  main.o
    0x08001608   0x08001608   0x00000028   Code   RO           50    .text.lateTSCinit   main.o
    0x08001630   0x08001630   0x00000064   Code   RO           88    .text.loop          main.o
    0x08001694   0x08001694   0x00000028   Code   RO           90    .text.main          main.o
    0x080016bc   0x080016bc   0x000001a0   Code   RO           68    .text.onUpdatePong  main.o
    0x0800185c   0x0800185c   0x00000128   Code   RO           60    .text.processInput  main.o
    0x08001984   0x08001984   0x00000028   Code   RO           34    .text.receiveMessage  main.o
    0x080019ac   0x080019ac   0x00000010   Code   RO           10    .text.renderBegin   main.o
    0x080019bc   0x080019bc   0x00000014   Code   RO           12    .text.renderFlush   main.o
    0x080019d0   0x080019d0   0x00000074   Code   RO           16    .text.renderInt     main.o
    0x08001a44   0x08001a44   0x0000002c   Code   RO           82    .text.resetAll      main.o
    0x08001a70   0x08001a70   0x00000014   Code   RO           22    .text.resetBitV     main.o
    0x08001a84   0x08001a84   0x00000044   Code   RO           96    .text.resetBtns     main.o
    0x08001ac8   0x08001ac8   0x00000014   Code   RO           20    .text.setBitV       main.o
    0x08001adc   0x08001adc   0x00000038   Code   RO           28    .text.setTransferMode  main.o
    0x08001b14   0x08001b14   0x00000120   Code   RO           52    .text.touch_init    main.o
    0x08001c34   0x08001c34   0x00000034   Code   RO           32    .text.transmitMessage  main.o
    0x08001c68   0x08001c68   0x00000052   Code   RO           92    .text.trySet        main.o
    0x08001cba   0x08001cba   0x00000002   PAD
    0x08001cbc   0x08001cbc   0x000001c0   Code   RO           58    .text.updateBall    main.o
    0x08001e7c   0x08001e7c   0x00000028   Code   RO           80    .text.wait          main.o
    0x08001ea4   0x08001ea4   0x00000016   Code   RO          221    i._dgr              fz_ps.l(dcmp.o)
    0x08001eba   0x08001eba   0x00000016   Code   RO          223    i._dls              fz_ps.l(dcmp.o)
    0x08001ed0   0x08001ed0   0x00000016   Code   RO          244    i._fgeq             fz_ps.l(fcmp.o)
    0x08001ee6   0x08001ee6   0x00000016   Code   RO          245    i._fgr              fz_ps.l(fcmp.o)
    0x08001efc   0x08001efc   0x0000001a   Code   RO          246    i._fleq             fz_ps.l(fcmp.o)
    0x08001f16   0x08001f16   0x00000016   Code   RO          247    i._fls              fz_ps.l(fcmp.o)
    0x08001f2c   0x08001f2c   0x0000009c   Code   RO          255    i.round             m_ps.l(round.o)
    0x08001fc8   0x08001fc8   0x00000064   Code   RO          348    x$fpl$dgeqf         fz_ps.l(dgef.o)
    0x0800202c   0x0800202c   0x00000064   Code   RO          350    x$fpl$dleqf         fz_ps.l(dlef.o)
    0x08002090   0x08002090   0x00000068   Code   RO          352    x$fpl$drleqf        fz_ps.l(drlef.o)
    0x080020f8   0x080020f8   0x0000008c   Code   RO          237    x$fpl$fadd          fz_ps.l(faddsub.o)
    0x08002184   0x08002184   0x00000054   Code   RO          358    x$fpl$fgeqf         fz_ps.l(fgef.o)
    0x080021d8   0x080021d8   0x00000054   Code   RO          360    x$fpl$fleqf         fz_ps.l(flef.o)
    0x0800222c   0x0800222c   0x000000d0   Code   RO          239    x$fpl$fsub          fz_ps.l(faddsub.o)
    0x080022fc   0x080022fc   0x00000000   Code   RO          362    x$fpl$usenofp       fz_ps.l(usenofp.o)
    0x080022fc   0x080022fc   0x00000010   Data   RO          145    .rodata.AHBPrescTable  system_stm32f0xx.o
    0x0800230c   0x0800230c   0x00000020   Data   RO          512    Region$$Table       anon$$obj.o


    Execution Region ER_RW (Exec base: 0x20000000, Load base: 0x0800232c, Size: 0x00000010, Max: 0xffffffff, ABSOLUTE)

    Exec Addr    Load Addr    Size         Type   Attr      Idx    E Section Name        Object

    0x20000000   0x0800232c   0x00000004   Data   RW          144    .data.SystemCoreClock  system_stm32f0xx.o
    0x20000004   0x08002330   0x00000001   Data   RW          109    .data._debug        main.o
    0x20000005   0x08002331   0x00000003   PAD
    0x20000008   0x08002334   0x00000004   Data   RW          119    .data.cursorY       main.o
    0x2000000c   0x08002338   0x00000001   Data   RW          104    .data.renderedImage  main.o


    Execution Region ER_ZI (Exec base: 0x20000010, Load base: 0x0800233c, Size: 0x00000720, Max: 0xffffffff, ABSOLUTE)

    Exec Addr    Load Addr    Size         Type   Attr      Idx    E Section Name        Object

    0x20000010        -       0x00000060   Zero   RW          368    .bss                c_p.l(libspace.o)
    0x20000070        -       0x00000010   Zero   RW          110    .bss.Result         main.o
    0x20000080        -       0x00000010   Zero   RW          115    .bss.ball           main.o
    0x20000090        -       0x00000004   Zero   RW          114    .bss.controlled     main.o
    0x20000094        -       0x00000020   Zero   RW          105    .bss.copyRenderer   main.o
    0x200000b4        -       0x00000001   Zero   RW          102    .bss.flushed        main.o
    0x200000b5   0x0800233c   0x00000003   PAD
    0x200000b8        -       0x0000000c   Zero   RW          116    .bss.gameState      main.o
    0x200000c4        -       0x00000028   Zero   RW          118    .bss.keyStates      main.o
    0x200000ec        -       0x00000004   Zero   RW          120    .bss.lastUpdate     main.o
    0x200000f0        -       0x00000006   Zero   RW          112    .bss.platformLeft   main.o
    0x200000f6        -       0x00000006   Zero   RW          113    .bss.platformRight  main.o
    0x200000fc        -       0x00000004   Zero   RW          111    .bss.raw_result     main.o
    0x20000100        -       0x00000020   Zero   RW          106    .bss.renderBuffer   main.o
    0x20000120        -       0x00000004   Zero   RW          103    .bss.renderingLine  main.o
    0x20000124        -       0x00000004   Zero   RW          121    .bss.timer          main.o
    0x20000128        -       0x00000004   Zero   RW          122    .bss.timestamp      main.o
    0x2000012c        -       0x00000002   Zero   RW          107    .bss.transfer       main.o
    0x2000012e        -       0x00000001   Zero   RW          117    .bss.useTSC         main.o
    0x2000012f   0x0800233c   0x00000001   PAD
    0x20000130        -       0x00000200   Zero   RW          131    HEAP                startup_stm32f072xb.o
    0x20000330        -       0x00000400   Zero   RW          130    STACK               startup_stm32f072xb.o


==============================================================================

Image component sizes


      Code (inc. data)   RO Data    RW Data    ZI Data      Debug   Object Name

      4320        472          0          6        188      13287   main.o
        56         26        192          0       1536        632   startup_stm32f072xb.o
       250         24         16          4          0       1689   system_stm32f0xx.o

    ----------------------------------------------------------------------
      4632        522        240         16       1728      15608   Object Totals
         0          0         32          0          0          0   (incl. Generated)
         6          0          0          6          4          0   (incl. Padding)

    ----------------------------------------------------------------------

      Code (inc. data)   RO Data    RW Data    ZI Data      Debug   Library Member Name

         8          0          0          0          0         68   __main.o
         0          0          0          0          0          0   __rtentry.o
        12          0          0          0          0          0   __rtentry2.o
         6          0          0          0          0          0   __rtentry4.o
        60          8          0          0          0          0   __scatter.o
        26          0          0          0          0          0   __scatter_copy.o
        28          0          0          0          0          0   __scatter_zi.o
       364          4          0          0          0         92   aeabi_sdiv.o
        12          0          0          0          0         68   defsig_exit.o
        52          0          0          0          0         72   defsig_general.o
        80         58          0          0          0         68   defsig_rtmem_inner.o
        12          0          0          0          0         68   defsig_rtmem_outer.o
        16          0          0          0          0         68   exit.o
        98          0          0          0          0         72   h1_alloc.o
        52          0          0          0          0         68   h1_extend.o
        76          0          0          0          0         72   h1_free.o
        14          0          0          0          0         76   h1_init.o
         6          0          0          0          0        136   heapauxi.o
         4          0          0          0          0        120   hguard.o
         0          0          0          0          0          0   indicate_semi.o
       136          0          0          0          0        160   init_alloc.o
         2          0          0          0          0          0   libinit.o
        10          0          0          0          0          0   libinit2.o
         2          0          0          0          0          0   libshutdown.o
         2          0          0          0          0          0   libshutdown2.o
         8          4          0          0         96         68   libspace.o
         0          0          0          0          0          0   maybetermalloc1.o
         8          4          0          0          0         68   rt_heap_descriptor_intlibspace.o
         2          0          0          0          0          0   rtexit.o
        10          0          0          0          0          0   rtexit2.o
        12          4          0          0          0         60   sys_exit.o
        62          0          0          0          0         80   sys_stackheap_outer.o
        12          0          0          0          0         68   sys_wrch.o
         2          0          0          0          0         68   use_no_semi.o
        46          0          0          0          0         60   cmpret.o
       856         20          0          0          0        208   daddsub.o
        44          0          0          0          0        136   dcmp.o
       160          6          0          0          0         76   dcmpin.o
       108         10          0          0          0         72   dfixi.o
        88          0          0          0          0         92   dflti.o
       100          4          0          0          0         92   dgef.o
       100          4          0          0          0         92   dlef.o
        20          6          0          0          0         68   dnan2.o
       104          4          0          0          0        104   drlef.o
       240          8          0          0          0         76   drnd.o
        84          4          0          0          0         60   f2d.o
       348          8          0          0          0        160   faddsub.o
        92          0          0          0          0        272   fcmp.o
       100          4          0          0          0         68   fcmpin.o
        84          4          0          0          0         76   fgef.o
        84          4          0          0          0         76   flef.o
        16          6          0          0          0         68   fnan2.o
        94          0          0          0          0         68   retnan.o
         0          0          0          0          0          0   usenofp.o
       156         14          0          0          0         84   round.o

    ----------------------------------------------------------------------
      4132        188          0          0         96       3628   Library Totals
        14          0          0          0          0          0   (incl. Padding)

    ----------------------------------------------------------------------

      Code (inc. data)   RO Data    RW Data    ZI Data      Debug   Library Name

      1194         82          0          0         96       1620   c_p.l
      2768         92          0          0          0       1924   fz_ps.l
       156         14          0          0          0         84   m_ps.l

    ----------------------------------------------------------------------
      4132        188          0          0         96       3628   Library Totals

    ----------------------------------------------------------------------

==============================================================================


      Code (inc. data)   RO Data    RW Data    ZI Data      Debug   

      8764        710        240         16       1824      17340   Grand Totals
      8764        710        240         16       1824      17340   ELF Image Totals
      8764        710        240         16          0          0   ROM Totals

==============================================================================

    Total RO  Size (Code + RO Data)                 9004 (   8.79kB)
    Total RW  Size (RW Data + ZI Data)              1840 (   1.80kB)
    Total ROM Size (Code + RO Data + RW Data)       9020 (   8.81kB)

==============================================================================

