Component: ARM Compiler 6.15 Tool: armlink [5dd79300]

==============================================================================

Section Cross References

    main.o(.ARM.exidx.text.buttonDown) refers to main.o(.text.buttonDown) for [Anonymous Symbol]
    main.o(.ARM.exidx.text.initBtns) refers to main.o(.text.initBtns) for [Anonymous Symbol]
    main.o(.ARM.exidx.text.drawRow) refers to main.o(.text.drawRow) for [Anonymous Symbol]
    main.o(.ARM.exidx.text.renderBusy) refers to main.o(.text.renderBusy) for [Anonymous Symbol]
    main.o(.ARM.exidx.text.renderBegin) refers to main.o(.text.renderBegin) for [Anonymous Symbol]
    main.o(.ARM.exidx.text.renderFlush) refers to main.o(.text.renderFlush) for [Anonymous Symbol]
    main.o(.text.renderInt) refers to main.o(.text.renderFlush) for renderFlush
    main.o(.text.renderInt) refers to main.o(.text.renderBegin) for renderBegin
    main.o(.text.renderInt) refers to main.o(.text.drawRow) for drawRow
    main.o(.text.renderInt) refers to main.o(.bss.renderingLine) for [Anonymous Symbol]
    main.o(.text.renderInt) refers to main.o(.data.renderedImage) for [Anonymous Symbol]
    main.o(.text.renderInt) refers to main.o(.bss.flushed) for flushed
    main.o(.text.renderInt) refers to main.o(.bss.backBuffer) for [Anonymous Symbol]
    main.o(.ARM.exidx.text.renderInt) refers to main.o(.text.renderInt) for [Anonymous Symbol]
    main.o(.text.clientFlush) refers to main.o(.bss.flushed) for flushed
    main.o(.text.clientFlush) refers to main.o(.bss.frontBuffer) for [Anonymous Symbol]
    main.o(.text.clientFlush) refers to main.o(.bss.backBuffer) for [Anonymous Symbol]
    main.o(.ARM.exidx.text.clientFlush) refers to main.o(.text.clientFlush) for [Anonymous Symbol]
    main.o(.ARM.exidx.text.setBitV) refers to main.o(.text.setBitV) for [Anonymous Symbol]
    main.o(.ARM.exidx.text.resetBitV) refers to main.o(.text.resetBitV) for [Anonymous Symbol]
    main.o(.ARM.exidx.text.initUsartTransferTransmit) refers to main.o(.text.initUsartTransferTransmit) for [Anonymous Symbol]
    main.o(.ARM.exidx.text.initUsartTransferReceive) refers to main.o(.text.initUsartTransferReceive) for [Anonymous Symbol]
    main.o(.text.initUsart) refers to main.o(.text.initUsartTransferTransmit) for initUsartTransferTransmit
    main.o(.text.initUsart) refers to main.o(.text.initUsartTransferReceive) for initUsartTransferReceive
    main.o(.ARM.exidx.text.initUsart) refers to main.o(.text.initUsart) for [Anonymous Symbol]
    main.o(.text.ConstrTransfer) refers to main.o(.text.initUsart) for initUsart
    main.o(.ARM.exidx.text.ConstrTransfer) refers to main.o(.text.ConstrTransfer) for [Anonymous Symbol]
    main.o(.ARM.exidx.text.transmitMessage) refers to main.o(.text.transmitMessage) for [Anonymous Symbol]
    main.o(.ARM.exidx.text.receiveMessage) refers to main.o(.text.receiveMessage) for [Anonymous Symbol]
    main.o(.ARM.exidx.text.getBit) refers to main.o(.text.getBit) for [Anonymous Symbol]
    main.o(.ARM.exidx.text.setBit) refers to main.o(.text.setBit) for [Anonymous Symbol]
    main.o(.ARM.exidx.text.ResetSensors) refers to main.o(.text.ResetSensors) for [Anonymous Symbol]
    main.o(.text.ReadSensors) refers to main.o(.text.drawSpiPos) for drawSpiPos
    main.o(.text.ReadSensors) refers to main.o(.text.ResetSensors) for ResetSensors
    main.o(.text.ReadSensors) refers to main.o(.text.__NVIC_EnableIRQ) for __NVIC_EnableIRQ
    main.o(.text.ReadSensors) refers to main.o(.data._debug) for [Anonymous Symbol]
    main.o(.text.ReadSensors) refers to main.o(.bss.Result) for Result
    main.o(.text.ReadSensors) refers to main.o(.bss.raw_result) for [Anonymous Symbol]
    main.o(.ARM.exidx.text.ReadSensors) refers to main.o(.text.ReadSensors) for [Anonymous Symbol]
    main.o(.text.drawSpiPos) refers to main.o(.bss.frontBuffer) for [Anonymous Symbol]
    main.o(.ARM.exidx.text.drawSpiPos) refers to main.o(.text.drawSpiPos) for [Anonymous Symbol]
    main.o(.ARM.exidx.text.__NVIC_EnableIRQ) refers to main.o(.text.__NVIC_EnableIRQ) for [Anonymous Symbol]
    main.o(.text.TSC_IRQHandler) refers to aeabi_sdiv.o(.text) for __aeabi_uidiv
    main.o(.text.TSC_IRQHandler) refers to main.o(.bss.Result) for Result
    main.o(.text.TSC_IRQHandler) refers to main.o(.bss.raw_result) for [Anonymous Symbol]
    main.o(.ARM.exidx.text.TSC_IRQHandler) refers to main.o(.text.TSC_IRQHandler) for [Anonymous Symbol]
    main.o(.text.lateTSCinit) refers to main.o(.text.__NVIC_EnableIRQ) for __NVIC_EnableIRQ
    main.o(.ARM.exidx.text.lateTSCinit) refers to main.o(.text.lateTSCinit) for [Anonymous Symbol]
    main.o(.text.touch_init) refers to main.o(.text.lateTSCinit) for lateTSCinit
    main.o(.ARM.exidx.text.touch_init) refers to main.o(.text.touch_init) for [Anonymous Symbol]
    main.o(.text.initPong) refers to main.o(.bss.platformLeft) for [Anonymous Symbol]
    main.o(.text.initPong) refers to main.o(.bss.platformRight) for [Anonymous Symbol]
[...]
    ../clib/signal.c                         0x00000000   Number         0  defsig_pvfn_inner.o ABSOLUTE
    ../clib/signal.c                         0x00000000   Number         0  defsig_cppl_inner.o ABSOLUTE
    ../clib/signal.c                         0x00000000   Number         0  defsig_segv_inner.o ABSOLUTE
    ../clib/signal.c                         0x00000000   Number         0  defsig_other.o ABSOLUTE
    ../clib/signal.s                         0x00000000   Number         0  defsig.o ABSOLUTE
    ../clib/stdlib.c                         0x00000000   Number         0  rand.o ABSOLUTE
    ../clib/stdlib.c                         0x00000000   Number         0  rand.o ABSOLUTE
    ../clib/stdlib.c                         0x00000000   Number         0  exit.o ABSOLUTE
    ../fplib/cfplib/cmp.c                    0x00000000   Number         0  dcmp.o ABSOLUTE
    ../fplib/cfplib/cmp.c                    0x00000000   Number         0  fcmp.o ABSOLUTE
    ../fplib/cfplib/cmpret.c                 0x00000000   Number         0  cmpret.o ABSOLUTE
    ../fplib/cfplib/daddsub.c                0x00000000   Number         0  daddsub.o ABSOLUTE
    ../fplib/cfplib/dcmpin.c                 0x00000000   Number         0  dcmpin.o ABSOLUTE
    ../fplib/cfplib/drnd.c                   0x00000000   Number         0  drnd.o ABSOLUTE
    ../fplib/cfplib/f2d.c                    0x00000000   Number         0  f2d.o ABSOLUTE
    ../fplib/cfplib/fcmpin.c                 0x00000000   Number         0  fcmpin.o ABSOLUTE
    ../fplib/cfplib/ffix.c                   0x00000000   Number         0  dfixi.o ABSOLUTE
    ../fplib/cfplib/fflt.c                   0x00000000   Number         0  dflti.o ABSOLUTE
    ../fplib/cfplib/fflt.c                   0x00000000   Number         0  fflti.o ABSOLUTE
    ../fplib/cfplib/fpinit.c                 0x00000000   Number         0  fpinit.o ABSOLUTE
    ../fplib/cfplib/nan2.c                   0x00000000   Number         0  dnan2.o ABSOLUTE
    ../fplib/cfplib/nan2.c                   0x00000000   Number         0  fnan2.o ABSOLUTE
    ../fplib/cfplib/retnan.c                 0x00000000   Number         0  retnan.o ABSOLUTE
    ../fplib/deqf6m.s                        0x00000000   Number         0  deqf.o ABSOLUTE
    ../fplib/dgeqf6m.s                       0x00000000   Number         0  dgef.o ABSOLUTE
    ../fplib/dleqf6m.s                       0x00000000   Number         0  dlef.o ABSOLUTE
    ../fplib/drleqf6m.s                      0x00000000   Number         0  drlef.o ABSOLUTE
    ../fplib/faddsub6m.s                     0x00000000   Number         0  faddsub.o ABSOLUTE
    ../fplib/feqf6m.s                        0x00000000   Number         0  feqf.o ABSOLUTE
    ../fplib/fgeqf6m.s                       0x00000000   Number         0  fgef.o ABSOLUTE
    ../fplib/fleqf6m.s                       0x00000000   Number         0  flef.o ABSOLUTE
    ../fplib/usenofp.s                       0x00000000   Number         0  usenofp.o ABSOLUTE
    ../mathlib/round.c                       0x00000000   Number         0  round.o ABSOLUTE
    RTE/Device/STM32F072RBTx/startup_stm32f072xb.s 0x00000000   Number         0  startup_stm32f072xb.o ABSOLUTE
    dc.s                                     0x00000000   Number         0  dc.o ABSOLUTE
    main.c                                   0x00000000   Number         0  main.o ABSOLUTE
    system_stm32f0xx.c                       0x00000000   Number         0  system_stm32f0xx.o ABSOLUTE
    RESET                                    0x08000000   Section      192  startup_stm32f072xb.o(RESET)
    !!!main                                  0x080000c0   Section        8  __main.o(!!!main)
    !!!scatter                               0x080000c8   Section       60  __scatter.o(!!!scatter)
    !!handler_copy                           0x08000104   Section       26  __scatter_copy.o(!!handler_copy)
    !!handler_zi                             0x08000120   Section       28  __scatter_zi.o(!!handler_zi)
    .ARM.Collect$$libinit$$00000000          0x0800013c   Section        2  libinit.o(.ARM.Collect$$libinit$$00000000)
    .ARM.Collect$$libinit$$00000002          0x0800013e   Section        0  libinit2.o(.ARM.Collect$$libinit$$00000002)
    .ARM.Collect$$libinit$$00000004          0x0800013e   Section        0  libinit2.o(.ARM.Collect$$libinit$$00000004)
    .ARM.Collect$$libinit$$00000005          0x0800013e   Section        8  libinit2.o(.ARM.Collect$$libinit$$00000005)
    .ARM.Collect$$libinit$$0000000A          0x08000146   Section        0  libinit2.o(.ARM.Collect$$libinit$$0000000A)
    .ARM.Collect$$libinit$$0000000C          0x08000146   Section        0  libinit2.o(.ARM.Collect$$libinit$$0000000C)
    .ARM.Collect$$libinit$$0000000D          0x08000146   Section        4  libinit2.o(.ARM.Collect$$libinit$$0000000D)
    .ARM.Collect$$libinit$$0000000E          0x0800014a   Section        0  libinit2.o(.ARM.Collect$$libinit$$0000000E)
    .ARM.Collect$$libinit$$00000011          0x0800014a   Section        0  libinit2.o(.ARM.Collect$$libinit$$00000011)
    .ARM.Collect$$libinit$$00000013          0x0800014a   Section        0  libinit2.o(.ARM.Collect$$libinit$$00000013)
    .ARM.Collect$$libinit$$00000015          0x0800014a   Section        0  libinit2.o(.ARM.Collect$$libinit$$00000015)
    .ARM.Collect$$libinit$$00000017          0x0800014a   Section        0  libinit2.o(.ARM.Collect$$libinit$$00000017)
    .ARM.Collect$$libinit$$00000019          0x0800014a   Section        0  libinit2.o(.ARM.Collect$$libinit$$00000019)
    .ARM.Collect$$libinit$$0000001B          0x0800014a   Section        0  libinit2.o(.ARM.Collect$$libinit$$0000001B)
    .ARM.Collect$$libinit$$0000001D          0x0800014a   Section        0  libinit2.o(.ARM.Collect$$libinit$$0000001D)
    .ARM.Collect$$libinit$$0000001F          0x0800014a   Section        0  libinit2.o(.ARM.Collect$$libinit$$0000001F)
    .ARM.Collect$$libinit$$00000021          0x0800014a   Section        0  libinit2.o(.ARM.Collect$$libinit$$00000021)
    .ARM.Collect$$libinit$$00000023          0x0800014a   Section        0  libinit2.o(.ARM.Collect$$libinit$$00000023)
    .ARM.Collect$$libinit$$00000025          0x0800014a   Section        0  libinit2.o(.ARM.Collect$$libinit$$00000025)
    .ARM.Collect$$libinit$$0000002C          0x0800014a   Section        0  libinit2.o(.ARM.Collect$$libinit$$0000002C)
    .ARM.Collect$$libinit$$0000002E          0x0800014a   Section        0  libinit2.o(.ARM.Collect$$libinit$$0000002E)
    .ARM.Collect$$libinit$$00000030          0x0800014a   Section        0  libinit2.o(.ARM.Collect$$libinit$$00000030)
    .ARM.Collect$$libinit$$00000032          0x0800014a   Section        0  libinit2.o(.ARM.Collect$$libinit$$00000032)
    .ARM.Collect$$libinit$$00000033          0x0800014a   Section        2  libinit2.o(.ARM.Collect$$libinit$$00000033)
    .ARM.Collect$$libshutdown$$00000000      0x0800014c   Section        2  libshutdown.o(.ARM.Collect$$libshutdown$$00000000)
    .ARM.Collect$$libshutdown$$00000002      0x0800014e   Section        0  libshutdown2.o(.ARM.Collect$$libshutdown$$00000002)
    .ARM.Collect$$libshutdown$$00000004      0x0800014e   Section        0  libshutdown2.o(.ARM.Collect$$libshutdown$$00000004)
    .ARM.Collect$$libshutdown$$00000007      0x0800014e   Section        0  libshutdown2.o(.ARM.Collect$$libshutdown$$00000007)
    .ARM.Collect$$libshutdown$$0000000A      0x0800014e   Section        0  libshutdown2.o(.ARM.Collect$$libshutdown$$0000000A)
    .ARM.Collect$$libshutdown$$0000000C      0x0800014e   Section        0  libshutdown2.o(.ARM.Collect$$libshutdown$$0000000C)
    .ARM.Collect$$libshutdown$$0000000F      0x0800014e   Section        0  libshutdown2.o(.ARM.Collect$$libshutdown$$0000000F)
    .ARM.Collect$$libshutdown$$00000010      0x0800014e   Section        2  libshutdown2.o(.ARM.Collect$$libshutdown$$00000010)
    .ARM.Collect$$rtentry$$00000000          0x08000150   Section        0  __rtentry.o(.ARM.Collect$$rtentry$$00000000)
    .ARM.Collect$$rtentry$$00000002          0x08000150   Section        0  __rtentry2.o(.ARM.Collect$$rtentry$$00000002)
    .ARM.Collect$$rtentry$$00000004          0x08000150   Section        6  __rtentry4.o(.ARM.Collect$$rtentry$$00000004)
    .ARM.Collect$$rtentry$$00000009          0x08000156   Section        0  __rtentry2.o(.ARM.Collect$$rtentry$$00000009)
    .ARM.Collect$$rtentry$$0000000A          0x08000156   Section        4  __rtentry2.o(.ARM.Collect$$rtentry$$0000000A)
    .ARM.Collect$$rtentry$$0000000C          0x0800015a   Section        0  __rtentry2.o(.ARM.Collect$$rtentry$$0000000C)
    .ARM.Collect$$rtentry$$0000000D          0x0800015a   Section        8  __rtentry2.o(.ARM.Collect$$rtentry$$0000000D)
    .ARM.Collect$$rtexit$$00000000           0x08000162   Section        2  rtexit.o(.ARM.Collect$$rtexit$$00000000)
    .ARM.Collect$$rtexit$$00000002           0x08000164   Section        0  rtexit2.o(.ARM.Collect$$rtexit$$00000002)
    .ARM.Collect$$rtexit$$00000003           0x08000164   Section        4  rtexit2.o(.ARM.Collect$$rtexit$$00000003)
    .ARM.Collect$$rtexit$$00000004           0x08000168   Section        6  rtexit2.o(.ARM.Collect$$rtexit$$00000004)
    .emb_text                                0x08000170   Section       56  rand.o(.emb_text)
    .text                                    0x080001a8   Section       56  startup_stm32f072xb.o(.text)
    .text                                    0x080001e0   Section        0  h1_alloc.o(.text)
    .text                                    0x08000244   Section        0  rand.o(.text)
    .text                                    0x08000280   Section        0  rt_memclr.o(.text)
    .text                                    0x080002c0   Section      364  aeabi_sdiv.o(.text)
    .text                                    0x0800042c   Section        0  heapauxi.o(.text)
    .text                                    0x08000434   Section        0  dfixi.o(.text)
    .text                                    0x080004a0   Section        0  dflti.o(.text)
    .text                                    0x080004f8   Section        0  f2d.o(.text)
    .text                                    0x0800054c   Section        0  fflti.o(.text)
    .text                                    0x080005ac   Section        8  rt_heap_descriptor_intlibspace.o(.text)
    .text                                    0x080005b4   Section        0  hguard.o(.text)
    .text                                    0x080005b8   Section        0  init_alloc.o(.text)
    .text                                    0x08000640   Section        0  h1_init.o(.text)
    .text                                    0x0800064e   Section        0  h1_free.o(.text)
    _dadd1                                   0x0800069d   Thumb Code   290  daddsub.o(.text)
    .text                                    0x0800069c   Section        0  daddsub.o(.text)
    _dsub1                                   0x080007bf   Thumb Code   470  daddsub.o(.text)
    .text                                    0x080009f4   Section        0  drnd.o(.text)
    .text                                    0x08000ae4   Section        8  libspace.o(.text)
    .text                                    0x08000aec   Section        0  maybetermalloc1.o(.text)
    .text                                    0x08000aec   Section        0  h1_extend.o(.text)
    .text                                    0x08000b20   Section        0  defsig_rtmem_outer.o(.text)
    .text                                    0x08000b2c   Section        0  dcmpin.o(.text)
    .text                                    0x08000bcc   Section        0  fcmpin.o(.text)
    .text                                    0x08000c30   Section        2  use_no_semi.o(.text)
    .text                                    0x08000c32   Section        0  indicate_semi.o(.text)
    .text                                    0x08000c32   Section       62  sys_stackheap_outer.o(.text)
    .text                                    0x08000c70   Section        0  exit.o(.text)
    .text                                    0x08000c80   Section        0  defsig_exit.o(.text)
    .text                                    0x08000c8c   Section        0  defsig_rtmem_inner.o(.text)
    .text                                    0x08000cdc   Section        0  cmpret.o(.text)
    .text                                    0x08000d0c   Section        0  dnan2.o(.text)
    .text                                    0x08000d20   Section        0  fnan2.o(.text)
    .text                                    0x08000d30   Section        0  sys_exit.o(.text)
    .text                                    0x08000d3c   Section        0  defsig_general.o(.text)
    .text                                    0x08000d70   Section        0  retnan.o(.text)
    .text                                    0x08000dce   Section        0  sys_wrch.o(.text)
    [Anonymous Symbol]                       0x08000ddc   Section        0  main.o(.text.ConstrTransfer)
    __arm_cp.13_0                            0x08000e68   Number         4  main.o(.text.ConstrTransfer)
    __arm_cp.13_1                            0x08000e6c   Number         4  main.o(.text.ConstrTransfer)
    __arm_cp.13_2                            0x08000e70   Number         4  main.o(.text.ConstrTransfer)
    __arm_cp.13_3                            0x08000e74   Number         4  main.o(.text.ConstrTransfer)
    __arm_cp.13_4                            0x08000e78   Number         4  main.o(.text.ConstrTransfer)
    __arm_cp.13_5                            0x08000e7c   Number         4  main.o(.text.ConstrTransfer)
    __arm_cp.13_6                            0x08000e80   Number         4  main.o(.text.ConstrTransfer)
    __arm_cp.13_7                            0x08000e84   Number         4  main.o(.text.ConstrTransfer)
    __arm_cp.13_8                            0x08000e88   Number         4  main.o(.text.ConstrTransfer)
    [Anonymous Symbol]                       0x08000e8c   Section        0  main.o(.text.SPI2_IRQHandler)
    __arm_cp.42_0                            0x08000ea8   Number         4  main.o(.text.SPI2_IRQHandler)
    __arm_cp.42_1                            0x08000eac   Number         4  main.o(.text.SPI2_IRQHandler)
    SysTick_Config                           0x08000eb1   Thumb Code    84  main.o(.text.SysTick_Config)
    [Anonymous Symbol]                       0x08000eb0   Section        0  main.o(.text.SysTick_Config)
    __arm_cp.46_0                            0x08000ef8   Number         4  main.o(.text.SysTick_Config)
    __arm_cp.46_1                            0x08000efc   Number         4  main.o(.text.SysTick_Config)
    __arm_cp.46_2                            0x08000f00   Number         4  main.o(.text.SysTick_Config)
    [Anonymous Symbol]                       0x08000f04   Section        0  main.o(.text.SysTick_Handler)
    __arm_cp.40_0                            0x08000f18   Number         4  main.o(.text.SysTick_Handler)
    [Anonymous Symbol]                       0x08000f1c   Section        0  system_stm32f0xx.o(.text.SystemCoreClockUpdate)
    __arm_cp.1_0                             0x08000ffc   Number         4  system_stm32f0xx.o(.text.SystemCoreClockUpdate)
    __arm_cp.1_1                             0x08001000   Number         4  system_stm32f0xx.o(.text.SystemCoreClockUpdate)
    __arm_cp.1_2                             0x08001004   Number         4  system_stm32f0xx.o(.text.SystemCoreClockUpdate)
    __arm_cp.1_3                             0x08001008   Number         4  system_stm32f0xx.o(.text.SystemCoreClockUpdate)
    __arm_cp.1_4                             0x0800100c   Number         4  system_stm32f0xx.o(.text.SystemCoreClockUpdate)
    __arm_cp.1_5                             0x08001010   Number         4  system_stm32f0xx.o(.text.SystemCoreClockUpdate)
    [Anonymous Symbol]                       0x08001014   Section        0  system_stm32f0xx.o(.text.SystemInit)
    [Anonymous Symbol]                       0x08001018   Section        0  main.o(.text.TIM17_IRQHandler)
    __arm_cp.37_1                            0x0800102c   Number         4  main.o(.text.TIM17_IRQHandler)
    [Anonymous Symbol]                       0x08001030   Section        0  main.o(.text.TSC_IRQHandler)
    __arm_cp.22_0                            0x08001114   Number         4  main.o(.text.TSC_IRQHandler)
    __arm_cp.22_1                            0x08001118   Number         4  main.o(.text.TSC_IRQHandler)
    __arm_cp.22_2                            0x0800111c   Number         4  main.o(.text.TSC_IRQHandler)
    __arm_cp.22_3                            0x08001120   Number         4  main.o(.text.TSC_IRQHandler)
    __arm_cp.22_4                            0x08001124   Number         4  main.o(.text.TSC_IRQHandler)
    __arm_cp.22_5                            0x08001128   Number         4  main.o(.text.TSC_IRQHandler)
    __arm_cp.22_6                            0x0800112c   Number         4  main.o(.text.TSC_IRQHandler)
    __NVIC_EnableIRQ                         0x08001131   Thumb Code    44  main.o(.text.__NVIC_EnableIRQ)
    [Anonymous Symbol]                       0x08001130   Section        0  main.o(.text.__NVIC_EnableIRQ)
    __arm_cp.21_0                            0x08001158   Number         4  main.o(.text.__NVIC_EnableIRQ)
    __NVIC_SetPriority                       0x0800115d   Thumb Code   136  main.o(.text.__NVIC_SetPriority)
    [Anonymous Symbol]                       0x0800115c   Section        0  main.o(.text.__NVIC_SetPriority)
    __arm_cp.50_0                            0x080011dc   Number         4  main.o(.text.__NVIC_SetPriority)
    __arm_cp.50_1                            0x080011e0   Number         4  main.o(.text.__NVIC_SetPriority)
    [Anonymous Symbol]                       0x080011e4   Section        0  main.o(.text.autoSyncLan)
    __arm_cp.39_0                            0x08001270   Number         4  main.o(.text.autoSyncLan)
    __arm_cp.39_1                            0x08001274   Number         4  main.o(.text.autoSyncLan)
    __arm_cp.39_2                            0x08001278   Number         4  main.o(.text.autoSyncLan)
    [Anonymous Symbol]                       0x0800127c   Section        0  main.o(.text.buttonDown)
    clearImage                               0x08001289   Thumb Code    16  main.o(.text.clearImage)
    [Anonymous Symbol]                       0x08001288   Section        0  main.o(.text.clearImage)
    [Anonymous Symbol]                       0x08001298   Section        0  main.o(.text.clientFlush)
    __arm_cp.7_0                             0x080012b4   Number         4  main.o(.text.clientFlush)
    __arm_cp.7_2                             0x080012b8   Number         4  main.o(.text.clientFlush)
    [Anonymous Symbol]                       0x080012bc   Section        0  main.o(.text.drawCursor)
    [Anonymous Symbol]                       0x08001304   Section        0  main.o(.text.drawMenu)
    __arm_cp.30_0                            0x08001380   Number         4  main.o(.text.drawMenu)
    [Anonymous Symbol]                       0x08001384   Section        0  main.o(.text.drawPlatform)
    [Anonymous Symbol]                       0x080013c8   Section        0  main.o(.text.drawRow)
    drawSpiPos                               0x080013f1   Thumb Code    80  main.o(.text.drawSpiPos)
    [Anonymous Symbol]                       0x080013f0   Section        0  main.o(.text.drawSpiPos)
    __arm_cp.20_0                            0x0800143c   Number         4  main.o(.text.drawSpiPos)
    fetchButtons                             0x08001441   Thumb Code   316  main.o(.text.fetchButtons)
    [Anonymous Symbol]                       0x08001440   Section        0  main.o(.text.fetchButtons)
    __arm_cp.41_0                            0x08001564   Number         4  main.o(.text.fetchButtons)
    __arm_cp.41_1                            0x08001568   Number         4  main.o(.text.fetchButtons)
    __arm_cp.41_2                            0x0800156c   Number         4  main.o(.text.fetchButtons)
    __arm_cp.41_3                            0x08001570   Number         4  main.o(.text.fetchButtons)
    __arm_cp.41_4                            0x08001574   Number         4  main.o(.text.fetchButtons)
    __arm_cp.41_5                            0x08001578   Number         4  main.o(.text.fetchButtons)
    [Anonymous Symbol]                       0x0800157c   Section        0  main.o(.text.getBit)
    [Anonymous Symbol]                       0x0800159c   Section        0  main.o(.text.get_delay)
    [Anonymous Symbol]                       0x080015c4   Section        0  main.o(.text.init)
    __arm_cp.45_0                            0x08001610   Number         4  main.o(.text.init)
    __arm_cp.45_1                            0x08001614   Number         4  main.o(.text.init)
    __arm_cp.45_2                            0x08001618   Number         4  main.o(.text.init)
    [Anonymous Symbol]                       0x0800161c   Section        0  main.o(.text.initBtns)
    __arm_cp.1_1                             0x08001688   Number         4  main.o(.text.initBtns)
    __arm_cp.1_2                             0x0800168c   Number         4  main.o(.text.initBtns)
    __arm_cp.1_3                             0x08001690   Number         4  main.o(.text.initBtns)
    [Anonymous Symbol]                       0x08001694   Section        0  main.o(.text.initPong)
    __arm_cp.25_0                            0x080016c8   Number         4  main.o(.text.initPong)
    __arm_cp.25_1                            0x080016cc   Number         4  main.o(.text.initPong)
    __arm_cp.25_2                            0x080016d0   Number         4  main.o(.text.initPong)
    __arm_cp.25_3                            0x080016d4   Number         4  main.o(.text.initPong)
    __arm_cp.25_4                            0x080016d8   Number         4  main.o(.text.initPong)
    __arm_cp.25_5                            0x080016dc   Number         4  main.o(.text.initPong)
    __arm_cp.25_6                            0x080016e0   Number         4  main.o(.text.initPong)
    __arm_cp.25_7                            0x080016e4   Number         4  main.o(.text.initPong)
    initSPI                                  0x080016e9   Thumb Code   184  main.o(.text.initSPI)
    [Anonymous Symbol]                       0x080016e8   Section        0  main.o(.text.initSPI)
    __arm_cp.52_0                            0x0800176c   Number         4  main.o(.text.initSPI)
    __arm_cp.52_1                            0x08001770   Number         4  main.o(.text.initSPI)
    __arm_cp.52_2                            0x08001774   Number         4  main.o(.text.initSPI)
    __arm_cp.52_3                            0x08001778   Number         4  main.o(.text.initSPI)
    __arm_cp.52_4                            0x0800177c   Number         4  main.o(.text.initSPI)
    __arm_cp.52_5                            0x08001780   Number         4  main.o(.text.initSPI)
    __arm_cp.52_6                            0x08001784   Number         4  main.o(.text.initSPI)
    __arm_cp.52_7                            0x08001788   Number         4  main.o(.text.initSPI)
    __arm_cp.52_8                            0x0800178c   Number         4  main.o(.text.initSPI)
    __arm_cp.52_9                            0x08001790   Number         4  main.o(.text.initSPI)
    __arm_cp.52_10                           0x08001794   Number         4  main.o(.text.initSPI)
    __arm_cp.52_11                           0x08001798   Number         4  main.o(.text.initSPI)
    __arm_cp.52_12                           0x0800179c   Number         4  main.o(.text.initSPI)
    [Anonymous Symbol]                       0x080017a0   Section        0  main.o(.text.initUsart)
    [Anonymous Symbol]                       0x080017c4   Section        0  main.o(.text.initUsartTransferReceive)
    [Anonymous Symbol]                       0x080017e8   Section        0  main.o(.text.initUsartTransferTransmit)
    __arm_cp.10_0                            0x0800180c   Number         4  main.o(.text.initUsartTransferTransmit)
    __arm_cp.10_1                            0x08001810   Number         4  main.o(.text.initUsartTransferTransmit)
    __arm_cp.10_2                            0x08001814   Number         4  main.o(.text.initUsartTransferTransmit)
    __arm_cp.10_3                            0x08001818   Number         4  main.o(.text.initUsartTransferTransmit)
    [Anonymous Symbol]                       0x0800181c   Section        0  main.o(.text.initializeTimer)
    __arm_cp.36_0                            0x08001854   Number         4  main.o(.text.initializeTimer)
    __arm_cp.36_1                            0x08001858   Number         4  main.o(.text.initializeTimer)
    __arm_cp.36_2                            0x0800185c   Number         4  main.o(.text.initializeTimer)
    __arm_cp.36_3                            0x08001860   Number         4  main.o(.text.initializeTimer)
    __arm_cp.36_4                            0x08001864   Number         4  main.o(.text.initializeTimer)
    __arm_cp.36_5                            0x08001868   Number         4  main.o(.text.initializeTimer)
    __arm_cp.36_6                            0x0800186c   Number         4  main.o(.text.initializeTimer)
    [Anonymous Symbol]                       0x08001870   Section        0  main.o(.text.lateTSCinit)
    __arm_cp.23_0                            0x0800188c   Number         4  main.o(.text.lateTSCinit)
    __arm_cp.23_1                            0x08001890   Number         4  main.o(.text.lateTSCinit)
    __arm_cp.23_2                            0x08001894   Number         4  main.o(.text.lateTSCinit)
    [Anonymous Symbol]                       0x08001898   Section        0  main.o(.text.loadInt)
    [Anonymous Symbol]                       0x0800190c   Section        0  main.o(.text.loop)
    __arm_cp.47_0                            0x08001964   Number         4  main.o(.text.loop)
    __arm_cp.47_1                            0x08001968   Number         4  main.o(.text.loop)
    __arm_cp.47_2                            0x0800196c   Number         4  main.o(.text.loop)
    [Anonymous Symbol]                       0x08001970   Section        0  main.o(.text.main)
    [Anonymous Symbol]                       0x08001998   Section        0  main.o(.text.onUpdatePong)
    __arm_cp.35_1                            0x08001b40   Number         4  main.o(.text.onUpdatePong)
    __arm_cp.35_3                            0x08001b44   Number         4  main.o(.text.onUpdatePong)
    __arm_cp.35_6                            0x08001b48   Number         4  main.o(.text.onUpdatePong)
    __arm_cp.35_7                            0x08001b4c   Number         4  main.o(.text.onUpdatePong)
    [Anonymous Symbol]                       0x08001b50   Section        0  main.o(.text.processInput)
    __arm_cp.28_0                            0x08001c60   Number         4  main.o(.text.processInput)
    __arm_cp.28_1                            0x08001c64   Number         4  main.o(.text.processInput)
    __arm_cp.28_2                            0x08001c68   Number         4  main.o(.text.processInput)
    __arm_cp.28_3                            0x08001c6c   Number         4  main.o(.text.processInput)
    [Anonymous Symbol]                       0x08001c70   Section        0  main.o(.text.receiveData)
    __arm_cp.34_0                            0x08001d44   Number         4  main.o(.text.receiveData)
    __arm_cp.34_1                            0x08001d48   Number         4  main.o(.text.receiveData)
    __arm_cp.34_2                            0x08001d4c   Number         4  main.o(.text.receiveData)
    __arm_cp.34_3                            0x08001d50   Number         4  main.o(.text.receiveData)
    __arm_cp.34_4                            0x08001d54   Number         4  main.o(.text.receiveData)
    [Anonymous Symbol]                       0x08001d58   Section        0  main.o(.text.receiveMessage)
    __arm_cp.15_1                            0x08001d88   Number         4  main.o(.text.receiveMessage)
    [Anonymous Symbol]                       0x08001d8c   Section        0  main.o(.text.renderBegin)
    [Anonymous Symbol]                       0x08001d9c   Section        0  main.o(.text.renderFlush)
    __arm_cp.5_0                             0x08001dac   Number         4  main.o(.text.renderFlush)
    [Anonymous Symbol]                       0x08001db0   Section        0  main.o(.text.renderInt)
    __arm_cp.6_0                             0x08001e14   Number         4  main.o(.text.renderInt)
    __arm_cp.6_1                             0x08001e18   Number         4  main.o(.text.renderInt)
    __arm_cp.6_2                             0x08001e1c   Number         4  main.o(.text.renderInt)
    __arm_cp.6_3                             0x08001e20   Number         4  main.o(.text.renderInt)
    [Anonymous Symbol]                       0x08001e24   Section        0  main.o(.text.resetAll)
    [Anonymous Symbol]                       0x08001e50   Section        0  main.o(.text.resetBitV)
    resetBtns                                0x08001e65   Thumb Code    68  main.o(.text.resetBtns)
    [Anonymous Symbol]                       0x08001e64   Section        0  main.o(.text.resetBtns)
    __arm_cp.51_0                            0x08001ea4   Number         4  main.o(.text.resetBtns)
    [Anonymous Symbol]                       0x08001ea8   Section        0  main.o(.text.setBit)
    [Anonymous Symbol]                       0x08001ec4   Section        0  main.o(.text.setBitV)
    [Anonymous Symbol]                       0x08001ed8   Section        0  main.o(.text.setTransmitData)
    __arm_cp.33_0                            0x08001fb4   Number         4  main.o(.text.setTransmitData)
    __arm_cp.33_1                            0x08001fb8   Number         4  main.o(.text.setTransmitData)
    __arm_cp.33_2                            0x08001fbc   Number         4  main.o(.text.setTransmitData)
    __arm_cp.33_3                            0x08001fc0   Number         4  main.o(.text.setTransmitData)
    __arm_cp.33_4                            0x08001fc4   Number         4  main.o(.text.setTransmitData)
    __arm_cp.33_5                            0x08001fc8   Number         4  main.o(.text.setTransmitData)
    [Anonymous Symbol]                       0x08001fcc   Section        0  main.o(.text.touch_init)
    __arm_cp.24_0                            0x080020a8   Number         4  main.o(.text.touch_init)
    __arm_cp.24_1                            0x080020ac   Number         4  main.o(.text.touch_init)
    __arm_cp.24_2                            0x080020b0   Number         4  main.o(.text.touch_init)
    __arm_cp.24_3                            0x080020b4   Number         4  main.o(.text.touch_init)
    __arm_cp.24_4                            0x080020b8   Number         4  main.o(.text.touch_init)
    __arm_cp.24_5                            0x080020bc   Number         4  main.o(.text.touch_init)
    __arm_cp.24_6                            0x080020c0   Number         4  main.o(.text.touch_init)
    __arm_cp.24_7                            0x080020c4   Number         4  main.o(.text.touch_init)
    __arm_cp.24_8                            0x080020c8   Number         4  main.o(.text.touch_init)
    __arm_cp.24_9                            0x080020cc   Number         4  main.o(.text.touch_init)
    __arm_cp.24_10                           0x080020d0   Number         4  main.o(.text.touch_init)
    __arm_cp.24_11                           0x080020d4   Number         4  main.o(.text.touch_init)
    __arm_cp.24_12                           0x080020d8   Number         4  main.o(.text.touch_init)
    __arm_cp.24_13                           0x080020dc   Number         4  main.o(.text.touch_init)
    __arm_cp.24_14                           0x080020e0   Number         4  main.o(.text.touch_init)
    __arm_cp.24_15                           0x080020e4   Number         4  main.o(.text.touch_init)
    __arm_cp.24_16                           0x080020e8   Number         4  main.o(.text.touch_init)
    [Anonymous Symbol]                       0x080020ec   Section        0  main.o(.text.transmitMessage)
    __arm_cp.14_0                            0x08002128   Number         4  main.o(.text.transmitMessage)
    __arm_cp.14_1                            0x0800212c   Number         4  main.o(.text.transmitMessage)
    __arm_cp.14_2                            0x08002130   Number         4  main.o(.text.transmitMessage)
    trySet                                   0x08002135   Thumb Code    82  main.o(.text.trySet)
    [Anonymous Symbol]                       0x08002134   Section        0  main.o(.text.trySet)
    [Anonymous Symbol]                       0x08002188   Section        0  main.o(.text.updateBall)
    __arm_cp.27_0                            0x08002330   Number         4  main.o(.text.updateBall)
    __arm_cp.27_1                            0x08002334   Number         4  main.o(.text.updateBall)
    __arm_cp.27_2                            0x08002338   Number         4  main.o(.text.updateBall)
    __arm_cp.27_3                            0x0800233c   Number         4  main.o(.text.updateBall)
    __arm_cp.27_4                            0x08002340   Number         4  main.o(.text.updateBall)
    __arm_cp.27_5                            0x08002344   Number         4  main.o(.text.updateBall)
    [Anonymous Symbol]                       0x08002348   Section        0  main.o(.text.writeInt)
    i._dgr                                   0x080023c0   Section        0  dcmp.o(i._dgr)
    i._dls                                   0x080023d6   Section        0  dcmp.o(i._dls)
    i._fgeq                                  0x080023ec   Section        0  fcmp.o(i._fgeq)
    i._fgr                                   0x08002402   Section        0  fcmp.o(i._fgr)
    i._fleq                                  0x08002418   Section        0  fcmp.o(i._fleq)
    i._fls                                   0x08002432   Section        0  fcmp.o(i._fls)
    i.round                                  0x08002448   Section        0  round.o(i.round)
    x$fpl$dgeqf                              0x080024e4   Section      100  dgef.o(x$fpl$dgeqf)
    x$fpl$dleqf                              0x08002548   Section      100  dlef.o(x$fpl$dleqf)
    x$fpl$drleqf                             0x080025ac   Section      104  drlef.o(x$fpl$drleqf)
    x$fpl$fadd                               0x08002614   Section      140  faddsub.o(x$fpl$fadd)
    _fadd1                                   0x08002621   Thumb Code     0  faddsub.o(x$fpl$fadd)
    x$fpl$fgeqf                              0x080026a0   Section       84  fgef.o(x$fpl$fgeqf)
    x$fpl$fleqf                              0x080026f4   Section       84  flef.o(x$fpl$fleqf)
    x$fpl$fsub                               0x08002748   Section      208  faddsub.o(x$fpl$fsub)
    _fsub1                                   0x08002755   Thumb Code     0  faddsub.o(x$fpl$fsub)
    x$fpl$usenofp                            0x08002818   Section        0  usenofp.o(x$fpl$usenofp)
    _debug                                   0x20000004   Data           1  main.o(.data._debug)
    [Anonymous Symbol]                       0x20000004   Section        0  main.o(.data._debug)
    renderedImage                            0x2000000c   Data           1  main.o(.data.renderedImage)
    [Anonymous Symbol]                       0x2000000c   Section        0  main.o(.data.renderedImage)
    .bss                                     0x20000010   Section      228  rand.o(.bss)
    .bss                                     0x200000f4   Section       96  libspace.o(.bss)
    backBuffer                               0x20000164   Data           4  main.o(.bss.backBuffer)
    [Anonymous Symbol]                       0x20000164   Section        0  main.o(.bss.backBuffer)
    ball                                     0x20000168   Data          16  main.o(.bss.ball)
    [Anonymous Symbol]                       0x20000168   Section        0  main.o(.bss.ball)
    buffers                                  0x20000178   Data          64  main.o(.bss.buffers)
    [Anonymous Symbol]                       0x20000178   Section        0  main.o(.bss.buffers)
    controlled                               0x200001b8   Data           4  main.o(.bss.controlled)
    [Anonymous Symbol]                       0x200001b8   Section        0  main.o(.bss.controlled)
    frontBuffer                              0x200001c0   Data           4  main.o(.bss.frontBuffer)
    [Anonymous Symbol]                       0x200001c0   Section        0  main.o(.bss.frontBuffer)
    gameState                                0x200001c4   Data          12  main.o(.bss.gameState)
    [Anonymous Symbol]                       0x200001c4   Section        0  main.o(.bss.gameState)
    keyStates                                0x200001d0   Data          40  main.o(.bss.keyStates)
    [Anonymous Symbol]                       0x200001d0   Section        0  main.o(.bss.keyStates)
    lastUpdate                               0x200001f8   Data           4  main.o(.bss.lastUpdate)
    [Anonymous Symbol]                       0x200001f8   Section        0  main.o(.bss.lastUpdate)
    numberOfSends                            0x200001fc   Data           4  main.o(.bss.numberOfSends)
    [Anonymous Symbol]                       0x200001fc   Section        0  main.o(.bss.numberOfSends)
    platformLeft                             0x20000200   Data           6  main.o(.bss.platformLeft)
    [Anonymous Symbol]                       0x20000200   Section        0  main.o(.bss.platformLeft)
    platformRight                            0x20000206   Data           6  main.o(.bss.platformRight)
    [Anonymous Symbol]                       0x20000206   Section        0  main.o(.bss.platformRight)
    raw_result                               0x2000020c   Data           4  main.o(.bss.raw_result)
    [Anonymous Symbol]                       0x2000020c   Section        0  main.o(.bss.raw_result)
    renderingLine                            0x20000210   Data           4  main.o(.bss.renderingLine)
    [Anonymous Symbol]                       0x20000210   Section        0  main.o(.bss.renderingLine)
    rtState                                  0x20000214   Data           4  main.o(.bss.rtState)
    [Anonymous Symbol]                       0x20000214   Section        0  main.o(.bss.rtState)
    timestamp                                0x2000021c   Data           4  main.o(.bss.timestamp)
    [Anonymous Symbol]                       0x2000021c   Section        0  main.o(.bss.timestamp)
    useTSC                                   0x20000223   Data           1  main.o(.bss.useTSC)
    [Anonymous Symbol]                       0x20000223   Section        0  main.o(.bss.useTSC)
    Heap_Mem                                 0x20000228   Data         512  startup_stm32f072xb.o(HEAP)
    HEAP                                     0x20000228   Section      512  startup_stm32f072xb.o(HEAP)
    Stack_Mem                                0x20000428   Data        1024  startup_stm32f072xb.o(STACK)
    STACK                                    0x20000428   Section     1024  startup_stm32f072xb.o(STACK)
    __initial_sp                             0x20000828   Data           0  startup_stm32f072xb.o(STACK)

    Global Symbols

    Symbol Name                              Value     Ov Type        Size  Object(Section)

    BuildAttributes$$THM_ISAv3M$S$PE$A:L22$X:L11$S22$IEEE1$IW$~IW$USESV6$~STKCKD$USESV7$~SHL$OTIME$ROPI$IEEEJ$EBA8$UX$STANDARDLIB$REQ8$PRES8$EABIv2 0x00000000   Number         0  anon$$obj.o ABSOLUTE
    __ARM_exceptions_init                     - Undefined Weak Reference
    __alloca_initialize                       - Undefined Weak Reference
    __arm_preinit_                            - Undefined Weak Reference
    __cpp_initialize__aeabi_                  - Undefined Weak Reference
    __cxa_finalize                            - Undefined Weak Reference
    __rt_locale                               - Undefined Weak Reference
    __sigvec_lookup                           - Undefined Weak Reference
    __user_heap_extent                        - Undefined Weak Reference
    _atexit_init                              - Undefined Weak Reference
    _call_atexit_fns                          - Undefined Weak Reference
    _clock_init                               - Undefined Weak Reference
    _fp_trap_init                             - Undefined Weak Reference
    _fp_trap_shutdown                         - Undefined Weak Reference
    _get_lc_collate                           - Undefined Weak Reference
    _get_lc_ctype                             - Undefined Weak Reference
    _get_lc_monetary                          - Undefined Weak Reference
    _get_lc_numeric                           - Undefined Weak Reference
    _get_lc_time                              - Undefined Weak Reference
    _getenv_init                              - Undefined Weak Reference
    _handle_redirection                       - Undefined Weak Reference
    _initio                                   - Undefined Weak Reference
    _mutex_acquire                            - Undefined Weak Reference
    _mutex_free                               - Undefined Weak Reference
    _mutex_release                            - Undefined Weak Reference
    _signal_finish                            - Undefined Weak Reference
    _signal_init                              - Undefined Weak Reference
    _terminateio                              - Undefined Weak Reference
    __Vectors_Size                           0x000000c0   Number         0  startup_stm32f072xb.o ABSOLUTE
    __Vectors                                0x08000000   Data           4  startup_stm32f072xb.o(RESET)
    __Vectors_End                            0x080000c0   Data           0  startup_stm32f072xb.o(RESET)
    __main                                   0x080000c1   Thumb Code     8  __main.o(!!!main)
    __scatterload                            0x080000c9   Thumb Code     0  __scatter.o(!!!scatter)
    __scatterload_rt2                        0x080000c9   Thumb Code    52  __scatter.o(!!!scatter)
    __scatterload_rt2_thumb_only             0x080000c9   Thumb Code     0  __scatter.o(!!!scatter)
    __scatterload_null                       0x080000d9   Thumb Code     0  __scatter.o(!!!scatter)
    __scatterload_copy                       0x08000105   Thumb Code    26  __scatter_copy.o(!!handler_copy)
    __scatterload_zeroinit                   0x08000121   Thumb Code    28  __scatter_zi.o(!!handler_zi)
    __rt_lib_init                            0x0800013d   Thumb Code     0  libinit.o(.ARM.Collect$$libinit$$00000000)
    __rt_lib_init_fp_1                       0x0800013f   Thumb Code     0  libinit2.o(.ARM.Collect$$libinit$$00000002)
    __rt_lib_init_heap_2                     0x0800013f   Thumb Code     0  libinit2.o(.ARM.Collect$$libinit$$00000005)
    __rt_lib_init_preinit_1                  0x0800013f   Thumb Code     0  libinit2.o(.ARM.Collect$$libinit$$00000004)
    __rt_lib_init_heap_1                     0x08000147   Thumb Code     0  libinit2.o(.ARM.Collect$$libinit$$0000000A)
    __rt_lib_init_rand_2                     0x08000147   Thumb Code     0  libinit2.o(.ARM.Collect$$libinit$$0000000D)
    __rt_lib_init_user_alloc_1               0x08000147   Thumb Code     0  libinit2.o(.ARM.Collect$$libinit$$0000000C)
    __rt_lib_init_alloca_1                   0x0800014b   Thumb Code     0  libinit2.o(.ARM.Collect$$libinit$$0000002E)
    __rt_lib_init_argv_1                     0x0800014b   Thumb Code     0  libinit2.o(.ARM.Collect$$libinit$$0000002C)
    __rt_lib_init_atexit_1                   0x0800014b   Thumb Code     0  libinit2.o(.ARM.Collect$$libinit$$0000001B)
    __rt_lib_init_clock_1                    0x0800014b   Thumb Code     0  libinit2.o(.ARM.Collect$$libinit$$00000021)
    __rt_lib_init_cpp_1                      0x0800014b   Thumb Code     0  libinit2.o(.ARM.Collect$$libinit$$00000032)
    __rt_lib_init_exceptions_1               0x0800014b   Thumb Code     0  libinit2.o(.ARM.Collect$$libinit$$00000030)
    __rt_lib_init_fp_trap_1                  0x0800014b   Thumb Code     0  libinit2.o(.ARM.Collect$$libinit$$0000001F)
    __rt_lib_init_getenv_1                   0x0800014b   Thumb Code     0  libinit2.o(.ARM.Collect$$libinit$$00000023)
    __rt_lib_init_lc_collate_1               0x0800014b   Thumb Code     0  libinit2.o(.ARM.Collect$$libinit$$00000011)
    __rt_lib_init_lc_ctype_1                 0x0800014b   Thumb Code     0  libinit2.o(.ARM.Collect$$libinit$$00000013)
    __rt_lib_init_lc_monetary_1              0x0800014b   Thumb Code     0  libinit2.o(.ARM.Collect$$libinit$$00000015)
    __rt_lib_init_lc_numeric_1               0x0800014b   Thumb Code     0  libinit2.o(.ARM.Collect$$libinit$$00000017)
    __rt_lib_init_lc_time_1                  0x0800014b   Thumb Code     0  libinit2.o(.ARM.Collect$$libinit$$00000019)
    __rt_lib_init_rand_1                     0x0800014b   Thumb Code     0  libinit2.o(.ARM.Collect$$libinit$$0000000E)
    __rt_lib_init_return                     0x0800014b   Thumb Code     0  libinit2.o(.ARM.Collect$$libinit$$00000033)
    __rt_lib_init_signal_1                   0x0800014b   Thumb Code     0  libinit2.o(.ARM.Collect$$libinit$$0000001D)
    __rt_lib_init_stdio_1                    0x0800014b   Thumb Code     0  libinit2.o(.ARM.Collect$$libinit$$00000025)
    __rt_lib_shutdown                        0x0800014d   Thumb Code     0  libshutdown.o(.ARM.Collect$$libshutdown$$00000000)
    __rt_lib_shutdown_cpp_1                  0x0800014f   Thumb Code     0  libshutdown2.o(.ARM.Collect$$libshutdown$$00000002)
    __rt_lib_shutdown_fp_trap_1              0x0800014f   Thumb Code     0  libshutdown2.o(.ARM.Collect$$libshutdown$$00000007)
    __rt_lib_shutdown_heap_1                 0x0800014f   Thumb Code     0  libshutdown2.o(.ARM.Collect$$libshutdown$$0000000F)
    __rt_lib_shutdown_return                 0x0800014f   Thumb Code     0  libshutdown2.o(.ARM.Collect$$libshutdown$$00000010)
    __rt_lib_shutdown_signal_1               0x0800014f   Thumb Code     0  libshutdown2.o(.ARM.Collect$$libshutdown$$0000000A)
    __rt_lib_shutdown_stdio_1                0x0800014f   Thumb Code     0  libshutdown2.o(.ARM.Collect$$libshutdown$$00000004)
    __rt_lib_shutdown_user_alloc_1           0x0800014f   Thumb Code     0  libshutdown2.o(.ARM.Collect$$libshutdown$$0000000C)
    __rt_entry                               0x08000151   Thumb Code     0  __rtentry.o(.ARM.Collect$$rtentry$$00000000)
    __rt_entry_presh_1                       0x08000151   Thumb Code     0  __rtentry2.o(.ARM.Collect$$rtentry$$00000002)
    __rt_entry_sh                            0x08000151   Thumb Code     0  __rtentry4.o(.ARM.Collect$$rtentry$$00000004)
    __rt_entry_li                            0x08000157   Thumb Code     0  __rtentry2.o(.ARM.Collect$$rtentry$$0000000A)
    __rt_entry_postsh_1                      0x08000157   Thumb Code     0  __rtentry2.o(.ARM.Collect$$rtentry$$00000009)
    __rt_entry_main                          0x0800015b   Thumb Code     0  __rtentry2.o(.ARM.Collect$$rtentry$$0000000D)
    __rt_entry_postli_1                      0x0800015b   Thumb Code     0  __rtentry2.o(.ARM.Collect$$rtentry$$0000000C)
    __rt_exit                                0x08000163   Thumb Code     0  rtexit.o(.ARM.Collect$$rtexit$$00000000)
    __rt_exit_ls                             0x08000165   Thumb Code     0  rtexit2.o(.ARM.Collect$$rtexit$$00000003)
    __rt_exit_prels_1                        0x08000165   Thumb Code     0  rtexit2.o(.ARM.Collect$$rtexit$$00000002)
    __rt_exit_exit                           0x08000169   Thumb Code     0  rtexit2.o(.ARM.Collect$$rtexit$$00000004)
    rand                                     0x08000171   Thumb Code    52  rand.o(.emb_text)
    Reset_Handler                            0x080001a9   Thumb Code     8  startup_stm32f072xb.o(.text)
    NMI_Handler                              0x080001b1   Thumb Code     2  startup_stm32f072xb.o(.text)
    HardFault_Handler                        0x080001b3   Thumb Code     2  startup_stm32f072xb.o(.text)
    SVC_Handler                              0x080001b5   Thumb Code     2  startup_stm32f072xb.o(.text)
    PendSV_Handler                           0x080001b7   Thumb Code     2  startup_stm32f072xb.o(.text)
    ADC1_COMP_IRQHandler                     0x080001bb   Thumb Code     0  startup_stm32f072xb.o(.text)
    CEC_CAN_IRQHandler                       0x080001bb   Thumb Code     0  startup_stm32f072xb.o(.text)
    DMA1_Channel1_IRQHandler                 0x080001bb   Thumb Code     0  startup_stm32f072xb.o(.text)
    DMA1_Channel2_3_IRQHandler               0x080001bb   Thumb Code     0  startup_stm32f072xb.o(.text)
    DMA1_Channel4_5_6_7_IRQHandler           0x080001bb   Thumb Code     0  startup_stm32f072xb.o(.text)
    EXTI0_1_IRQHandler                       0x080001bb   Thumb Code     0  startup_stm32f072xb.o(.text)
    EXTI2_3_IRQHandler                       0x080001bb   Thumb Code     0  startup_stm32f072xb.o(.text)
    EXTI4_15_IRQHandler                      0x080001bb   Thumb Code     0  startup_stm32f072xb.o(.text)
    FLASH_IRQHandler                         0x080001bb   Thumb Code     0  startup_stm32f072xb.o(.text)
    I2C1_IRQHandler                          0x080001bb   Thumb Code     0  startup_stm32f072xb.o(.text)
    I2C2_IRQHandler                          0x080001bb   Thumb Code     0  startup_stm32f072xb.o(.text)
    PVD_VDDIO2_IRQHandler                    0x080001bb   Thumb Code     0  startup_stm32f072xb.o(.text)
    RCC_CRS_IRQHandler                       0x080001bb   Thumb Code     0  startup_stm32f072xb.o(.text)
    RTC_IRQHandler                           0x080001bb   Thumb Code     0  startup_stm32f072xb.o(.text)
    SPI1_IRQHandler                          0x080001bb   Thumb Code     0  startup_stm32f072xb.o(.text)
    TIM14_IRQHandler                         0x080001bb   Thumb Code     0  startup_stm32f072xb.o(.text)
    TIM15_IRQHandler                         0x080001bb   Thumb Code     0  startup_stm32f072xb.o(.text)
    TIM16_IRQHandler                         0x080001bb   Thumb Code     0  startup_stm32f072xb.o(.text)
    TIM1_BRK_UP_TRG_COM_IRQHandler           0x080001bb   Thumb Code     0  startup_stm32f072xb.o(.text)
    TIM1_CC_IRQHandler                       0x080001bb   Thumb Code     0  startup_stm32f072xb.o(.text)
    TIM2_IRQHandler                          0x080001bb   Thumb Code     0  startup_stm32f072xb.o(.text)
    TIM3_IRQHandler                          0x080001bb   Thumb Code     0  startup_stm32f072xb.o(.text)
    TIM6_DAC_IRQHandler                      0x080001bb   Thumb Code     0  startup_stm32f072xb.o(.text)
    TIM7_IRQHandler                          0x080001bb   Thumb Code     0  startup_stm32f072xb.o(.text)
    USART1_IRQHandler                        0x080001bb   Thumb Code     0  startup_stm32f072xb.o(.text)
    USART2_IRQHandler                        0x080001bb   Thumb Code     0  startup_stm32f072xb.o(.text)
    USART3_4_IRQHandler                      0x080001bb   Thumb Code     0  startup_stm32f072xb.o(.text)
    USB_IRQHandler                           0x080001bb   Thumb Code     0  startup_stm32f072xb.o(.text)
    WWDG_IRQHandler                          0x080001bb   Thumb Code     0  startup_stm32f072xb.o(.text)
    __user_initial_stackheap                 0x080001bd   Thumb Code     0  startup_stm32f072xb.o(.text)
    malloc                                   0x080001e1   Thumb Code    98  h1_alloc.o(.text)
    srand                                    0x08000245   Thumb Code    44  rand.o(.text)
    _rand_init                               0x08000271   Thumb Code     4  rand.o(.text)
    _memset_w                                0x08000281   Thumb Code    26  rt_memclr.o(.text)
    _memset                                  0x0800029b   Thumb Code    30  rt_memclr.o(.text)
    __aeabi_memclr                           0x080002b9   Thumb Code     4  rt_memclr.o(.text)
    __rt_memclr                              0x080002b9   Thumb Code     0  rt_memclr.o(.text)
    __aeabi_memclr4                          0x080002bd   Thumb Code     0  rt_memclr.o(.text)
    __aeabi_memclr8                          0x080002bd   Thumb Code     0  rt_memclr.o(.text)
    __rt_memclr_w                            0x080002bd   Thumb Code     4  rt_memclr.o(.text)
    __aeabi_uidiv                            0x080002c1   Thumb Code     0  aeabi_sdiv.o(.text)
    __aeabi_uidivmod                         0x080002c1   Thumb Code    20  aeabi_sdiv.o(.text)
    __aeabi_idiv                             0x080002d5   Thumb Code     0  aeabi_sdiv.o(.text)
    __aeabi_idivmod                          0x080002d5   Thumb Code   338  aeabi_sdiv.o(.text)
    __use_two_region_memory                  0x0800042d   Thumb Code     2  heapauxi.o(.text)
    __rt_heap_escrow                         0x0800042f   Thumb Code     2  heapauxi.o(.text)
    __rt_heap_expand                         0x08000431   Thumb Code     2  heapauxi.o(.text)
    __aeabi_d2iz                             0x08000435   Thumb Code     0  dfixi.o(.text)
    _dfix                                    0x08000435   Thumb Code    98  dfixi.o(.text)
    __aeabi_i2d_normalise                    0x080004a1   Thumb Code    66  dflti.o(.text)
    __aeabi_i2d                              0x080004e3   Thumb Code    16  dflti.o(.text)
    _dflt                                    0x080004e3   Thumb Code     0  dflti.o(.text)
    __aeabi_ui2d                             0x080004f3   Thumb Code     6  dflti.o(.text)
    _dfltu                                   0x080004f3   Thumb Code     0  dflti.o(.text)
    __aeabi_f2d                              0x080004f9   Thumb Code     0  f2d.o(.text)
    _f2d                                     0x080004f9   Thumb Code    80  f2d.o(.text)
    __aeabi_i2f_normalise                    0x0800054d   Thumb Code    72  fflti.o(.text)
    __aeabi_i2f                              0x08000595   Thumb Code    16  fflti.o(.text)
    _fflt                                    0x08000595   Thumb Code     0  fflti.o(.text)
    __aeabi_ui2f                             0x080005a5   Thumb Code     6  fflti.o(.text)
    _ffltu                                   0x080005a5   Thumb Code     0  fflti.o(.text)
    __rt_heap_descriptor                     0x080005ad   Thumb Code     8  rt_heap_descriptor_intlibspace.o(.text)
    __use_no_heap                            0x080005b5   Thumb Code     2  hguard.o(.text)
    __heap$guard                             0x080005b7   Thumb Code     2  hguard.o(.text)
    _terminate_user_alloc                    0x080005b9   Thumb Code     2  init_alloc.o(.text)
    _init_user_alloc                         0x080005bb   Thumb Code     2  init_alloc.o(.text)
    __Heap_Full                              0x080005bd   Thumb Code    32  init_alloc.o(.text)
    __Heap_Broken                            0x080005dd   Thumb Code    10  init_alloc.o(.text)
    _init_alloc                              0x080005e7   Thumb Code    90  init_alloc.o(.text)
    __Heap_Initialize                        0x08000641   Thumb Code    10  h1_init.o(.text)
    __Heap_DescSize                          0x0800064b   Thumb Code     4  h1_init.o(.text)
    free                                     0x0800064f   Thumb Code    76  h1_free.o(.text)
    __aeabi_dadd                             0x08000995   Thumb Code     0  daddsub.o(.text)
    _dadd                                    0x08000995   Thumb Code    26  daddsub.o(.text)
    __aeabi_dsub                             0x080009af   Thumb Code     0  daddsub.o(.text)
    _dsub                                    0x080009af   Thumb Code    22  daddsub.o(.text)
    __aeabi_drsub                            0x080009c5   Thumb Code     0  daddsub.o(.text)
    _drsb                                    0x080009c5   Thumb Code    28  daddsub.o(.text)
    _drnd                                    0x080009f5   Thumb Code   232  drnd.o(.text)
    __user_libspace                          0x08000ae5   Thumb Code     8  libspace.o(.text)
    __user_perproc_libspace                  0x08000ae5   Thumb Code     0  libspace.o(.text)
    __user_perthread_libspace                0x08000ae5   Thumb Code     0  libspace.o(.text)
    __Heap_ProvideMemory                     0x08000aed   Thumb Code    52  h1_extend.o(.text)
    _maybe_terminate_alloc                   0x08000aed   Thumb Code     0  maybetermalloc1.o(.text)
    __rt_SIGRTMEM                            0x08000b21   Thumb Code    12  defsig_rtmem_outer.o(.text)
    __fpl_dcmp_InfNaN                        0x08000b2d   Thumb Code   154  dcmpin.o(.text)
    __fpl_fcmp_InfNaN                        0x08000bcd   Thumb Code    96  fcmpin.o(.text)
    __I$use$semihosting                      0x08000c31   Thumb Code     0  use_no_semi.o(.text)
    __use_no_semihosting_swi                 0x08000c31   Thumb Code     2  use_no_semi.o(.text)
    __semihosting_library_function           0x08000c33   Thumb Code     0  indicate_semi.o(.text)
    __user_setup_stackheap                   0x08000c33   Thumb Code    62  sys_stackheap_outer.o(.text)
    exit                                     0x08000c71   Thumb Code    16  exit.o(.text)
    __sig_exit                               0x08000c81   Thumb Code    12  defsig_exit.o(.text)
    __rt_SIGRTMEM_inner                      0x08000c8d   Thumb Code    22  defsig_rtmem_inner.o(.text)
    __fpl_cmpreturn                          0x08000cdd   Thumb Code    46  cmpret.o(.text)
    __fpl_dcheck_NaN2                        0x08000d0d   Thumb Code    14  dnan2.o(.text)
    __fpl_fcheck_NaN2                        0x08000d21   Thumb Code    10  fnan2.o(.text)
    _sys_exit                                0x08000d31   Thumb Code     8  sys_exit.o(.text)
    __default_signal_display                 0x08000d3d   Thumb Code    52  defsig_general.o(.text)
    __fpl_return_NaN                         0x08000d71   Thumb Code    94  retnan.o(.text)
    _ttywrch                                 0x08000dcf   Thumb Code    12  sys_wrch.o(.text)
    ConstrTransfer                           0x08000ddd   Thumb Code   176  main.o(.text.ConstrTransfer)
    SPI2_IRQHandler                          0x08000e8d   Thumb Code    36  main.o(.text.SPI2_IRQHandler)
    SysTick_Handler                          0x08000f05   Thumb Code    24  main.o(.text.SysTick_Handler)
    SystemCoreClockUpdate                    0x08000f1d   Thumb Code   248  system_stm32f0xx.o(.text.SystemCoreClockUpdate)
    SystemInit                               0x08001015   Thumb Code     2  system_stm32f0xx.o(.text.SystemInit)
    TIM17_IRQHandler                         0x08001019   Thumb Code    24  main.o(.text.TIM17_IRQHandler)
    TSC_IRQHandler                           0x08001031   Thumb Code   256  main.o(.text.TSC_IRQHandler)
    autoSyncLan                              0x080011e5   Thumb Code   152  main.o(.text.autoSyncLan)
    buttonDown                               0x0800127d   Thumb Code    12  main.o(.text.buttonDown)
    clientFlush                              0x08001299   Thumb Code    36  main.o(.text.clientFlush)
    drawCursor                               0x080012bd   Thumb Code    72  main.o(.text.drawCursor)
    drawMenu                                 0x08001305   Thumb Code   128  main.o(.text.drawMenu)
    drawPlatform                             0x08001385   Thumb Code    66  main.o(.text.drawPlatform)
    drawRow                                  0x080013c9   Thumb Code    40  main.o(.text.drawRow)
    getBit                                   0x0800157d   Thumb Code    32  main.o(.text.getBit)
    get_delay                                0x0800159d   Thumb Code    38  main.o(.text.get_delay)
    init                                     0x080015c5   Thumb Code    88  main.o(.text.init)
    initBtns                                 0x0800161d   Thumb Code   120  main.o(.text.initBtns)
    initPong                                 0x08001695   Thumb Code    84  main.o(.text.initPong)
    initUsart                                0x080017a1   Thumb Code    34  main.o(.text.initUsart)
    initUsartTransferReceive                 0x080017c5   Thumb Code    36  main.o(.text.initUsartTransferReceive)
    initUsartTransferTransmit                0x080017e9   Thumb Code    52  main.o(.text.initUsartTransferTransmit)
    initializeTimer                          0x0800181d   Thumb Code    84  main.o(.text.initializeTimer)
    lateTSCinit                              0x08001871   Thumb Code    40  main.o(.text.lateTSCinit)
    loadInt                                  0x08001899   Thumb Code   116  main.o(.text.loadInt)
    loop                                     0x0800190d   Thumb Code   100  main.o(.text.loop)
    main                                     0x08001971   Thumb Code    40  main.o(.text.main)
    onUpdatePong                             0x08001999   Thumb Code   440  main.o(.text.onUpdatePong)
    processInput                             0x08001b51   Thumb Code   288  main.o(.text.processInput)
    receiveData                              0x08001c71   Thumb Code   232  main.o(.text.receiveData)
    receiveMessage                           0x08001d59   Thumb Code    52  main.o(.text.receiveMessage)
    renderBegin                              0x08001d8d   Thumb Code    16  main.o(.text.renderBegin)
    renderFlush                              0x08001d9d   Thumb Code    20  main.o(.text.renderFlush)
    renderInt                                0x08001db1   Thumb Code   116  main.o(.text.renderInt)
    resetAll                                 0x08001e25   Thumb Code    44  main.o(.text.resetAll)
    resetBitV                                0x08001e51   Thumb Code    20  main.o(.text.resetBitV)
    setBit                                   0x08001ea9   Thumb Code    28  main.o(.text.setBit)
    setBitV                                  0x08001ec5   Thumb Code    20  main.o(.text.setBitV)
    setTransmitData                          0x08001ed9   Thumb Code   244  main.o(.text.setTransmitData)
    touch_init                               0x08001fcd   Thumb Code   288  main.o(.text.touch_init)
    transmitMessage                          0x080020ed   Thumb Code    72  main.o(.text.transmitMessage)
    updateBall                               0x08002189   Thumb Code   448  main.o(.text.updateBall)
    writeInt                                 0x08002349   Thumb Code   120  main.o(.text.writeInt)
    __aeabi_dcmpgt                           0x080023c1   Thumb Code     0  dcmp.o(i._dgr)
    _dgr                                     0x080023c1   Thumb Code    22  dcmp.o(i._dgr)
    __aeabi_dcmplt                           0x080023d7   Thumb Code     0  dcmp.o(i._dls)
    _dls                                     0x080023d7   Thumb Code    22  dcmp.o(i._dls)
    __aeabi_fcmpge                           0x080023ed   Thumb Code     0  fcmp.o(i._fgeq)
    _fgeq                                    0x080023ed   Thumb Code    22  fcmp.o(i._fgeq)
    __aeabi_fcmpgt                           0x08002403   Thumb Code     0  fcmp.o(i._fgr)
    _fgr                                     0x08002403   Thumb Code    22  fcmp.o(i._fgr)
    __aeabi_fcmple                           0x08002419   Thumb Code     0  fcmp.o(i._fleq)
    _fleq                                    0x08002419   Thumb Code    26  fcmp.o(i._fleq)
    __aeabi_fcmplt                           0x08002433   Thumb Code     0  fcmp.o(i._fls)
    _fls                                     0x08002433   Thumb Code    22  fcmp.o(i._fls)
    round                                    0x08002449   Thumb Code   142  round.o(i.round)
    _dcmpge                                  0x080024e5   Thumb Code    94  dgef.o(x$fpl$dgeqf)
    __aeabi_cdcmple                          0x08002549   Thumb Code     0  dlef.o(x$fpl$dleqf)
    _dcmple                                  0x08002549   Thumb Code    94  dlef.o(x$fpl$dleqf)
    __aeabi_cdrcmple                         0x080025ad   Thumb Code     0  drlef.o(x$fpl$drleqf)
    _drcmple                                 0x080025ad   Thumb Code   100  drlef.o(x$fpl$drleqf)
    __aeabi_fadd                             0x08002615   Thumb Code     0  faddsub.o(x$fpl$fadd)
    _fadd                                    0x08002615   Thumb Code   134  faddsub.o(x$fpl$fadd)
    _fcmpge                                  0x080026a1   Thumb Code    78  fgef.o(x$fpl$fgeqf)
    __aeabi_cfcmple                          0x080026f5   Thumb Code     0  flef.o(x$fpl$fleqf)
    _fcmple                                  0x080026f5   Thumb Code    78  flef.o(x$fpl$fleqf)
    __aeabi_fsub                             0x08002749   Thumb Code     0  faddsub.o(x$fpl$fsub)
    _fsub                                    0x08002749   Thumb Code   204  faddsub.o(x$fpl$fsub)
    AHBPrescTable                            0x08002818   Data          16  system_stm32f0xx.o(.rodata.AHBPrescTable)
    __I$use$fp                               0x08002818   Number         0  usenofp.o(x$fpl$usenofp)
    Region$$Table$$Base                      0x08002828   Number         0  anon$$obj.o(Region$$Table)
    Region$$Table$$Limit                     0x08002848   Number         0  anon$$obj.o(Region$$Table)
    SystemCoreClock                          0x20000000   Data           4  system_stm32f0xx.o(.data.SystemCoreClock)
    cursorY                                  0x20000008   Data           4  main.o(.data.cursorY)
    _random_number_data                      0x20000010   Data         228  rand.o(.bss)
    __libspace_start                         0x200000f4   Data          96  libspace.o(.bss)
    Result                                   0x20000154   Data          16  main.o(.bss.Result)
    __temporary_stack_top$libspace           0x20000154   Data           0  libspace.o(.bss)
    flushed                                  0x200001bc   Data           1  main.o(.bss.flushed)
    timer                                    0x20000218   Data           4  main.o(.bss.timer)
    transfer                                 0x20000220   Data           3  main.o(.bss.transfer)



==============================================================================

Memory Map of the image

  Image Entry point : 0x080001a9

  Load Region LR_1 (Base: 0x08000000, Size: 0x00002858, Max: 0xffffffff, ABSOLUTE)

    Execution Region ER_RO (Exec base: 0x08000000, Load base: 0x08000000, Size: 0x00002848, Max: 0xffffffff, ABSOLUTE)

    Exec Addr    Load Addr    Size         Type   Attr      Idx    E Section Name        Object

    0x08000000   0x08000000   0x000000c0   Data   RO          143    RESET               startup_stm32f072xb.o
    0x080000c0   0x080000c0   0x00000008   Code   RO          235  * !!!main             c_p.l(__main.o)
    0x080000c8   0x080000c8   0x0000003c   Code   RO          533    !!!scatter          c_p.l(__scatter.o)
    0x08000104   0x08000104   0x0000001a   Code   RO          535    !!handler_copy      c_p.l(__scatter_copy.o)
    0x0800011e   0x0800011e   0x00000002   PAD
    0x08000120   0x08000120   0x0000001c   Code   RO          537    !!handler_zi        c_p.l(__scatter_zi.o)
    0x0800013c   0x0800013c   0x00000002   Code   RO          459    .ARM.Collect$$libinit$$00000000  c_p.l(libinit.o)
    0x0800013e   0x0800013e   0x00000000   Code   RO          320    .ARM.Collect$$libinit$$00000002  c_p.l(libinit2.o)
    0x0800013e   0x0800013e   0x00000000   Code   RO          322    .ARM.Collect$$libinit$$00000004  c_p.l(libinit2.o)
    0x0800013e   0x0800013e   0x00000008   Code   RO          323    .ARM.Collect$$libinit$$00000005  c_p.l(libinit2.o)
    0x08000146   0x08000146   0x00000000   Code   RO          325    .ARM.Collect$$libinit$$0000000A  c_p.l(libinit2.o)
    0x08000146   0x08000146   0x00000000   Code   RO          327    .ARM.Collect$$libinit$$0000000C  c_p.l(libinit2.o)
    0x08000146   0x08000146   0x00000004   Code   RO          328    .ARM.Collect$$libinit$$0000000D  c_p.l(libinit2.o)
    0x0800014a   0x0800014a   0x00000000   Code   RO          329    .ARM.Collect$$libinit$$0000000E  c_p.l(libinit2.o)
    0x0800014a   0x0800014a   0x00000000   Code   RO          332    .ARM.Collect$$libinit$$00000011  c_p.l(libinit2.o)
    0x0800014a   0x0800014a   0x00000000   Code   RO          334    .ARM.Collect$$libinit$$00000013  c_p.l(libinit2.o)
    0x0800014a   0x0800014a   0x00000000   Code   RO          336    .ARM.Collect$$libinit$$00000015  c_p.l(libinit2.o)
    0x0800014a   0x0800014a   0x00000000   Code   RO          338    .ARM.Collect$$libinit$$00000017  c_p.l(libinit2.o)
    0x0800014a   0x0800014a   0x00000000   Code   RO          340    .ARM.Collect$$libinit$$00000019  c_p.l(libinit2.o)
    0x0800014a   0x0800014a   0x00000000   Code   RO          342    .ARM.Collect$$libinit$$0000001B  c_p.l(libinit2.o)
    0x0800014a   0x0800014a   0x00000000   Code   RO          344    .ARM.Collect$$libinit$$0000001D  c_p.l(libinit2.o)
    0x0800014a   0x0800014a   0x00000000   Code   RO          346    .ARM.Collect$$libinit$$0000001F  c_p.l(libinit2.o)
    0x0800014a   0x0800014a   0x00000000   Code   RO          348    .ARM.Collect$$libinit$$00000021  c_p.l(libinit2.o)
    0x0800014a   0x0800014a   0x00000000   Code   RO          350    .ARM.Collect$$libinit$$00000023  c_p.l(libinit2.o)
    0x0800014a   0x0800014a   0x00000000   Code   RO          352    .ARM.Collect$$libinit$$00000025  c_p.l(libinit2.o)
    0x0800014a   0x0800014a   0x00000000   Code   RO          356    .ARM.Collect$$libinit$$0000002C  c_p.l(libinit2.o)
    0x0800014a   0x0800014a   0x00000000   Code   RO          358    .ARM.Collect$$libinit$$0000002E  c_p.l(libinit2.o)
    0x0800014a   0x0800014a   0x00000000   Code   RO          360    .ARM.Collect$$libinit$$00000030  c_p.l(libinit2.o)
    0x0800014a   0x0800014a   0x00000000   Code   RO          362    .ARM.Collect$$libinit$$00000032  c_p.l(libinit2.o)
    0x0800014a   0x0800014a   0x00000002   Code   RO          363    .ARM.Collect$$libinit$$00000033  c_p.l(libinit2.o)
    0x0800014c   0x0800014c   0x00000002   Code   RO          530    .ARM.Collect$$libshutdown$$00000000  c_p.l(libshutdown.o)
    0x0800014e   0x0800014e   0x00000000   Code   RO          484    .ARM.Collect$$libshutdown$$00000002  c_p.l(libshutdown2.o)
    0x0800014e   0x0800014e   0x00000000   Code   RO          486    .ARM.Collect$$libshutdown$$00000004  c_p.l(libshutdown2.o)
    0x0800014e   0x0800014e   0x00000000   Code   RO          489    .ARM.Collect$$libshutdown$$00000007  c_p.l(libshutdown2.o)
    0x0800014e   0x0800014e   0x00000000   Code   RO          492    .ARM.Collect$$libshutdown$$0000000A  c_p.l(libshutdown2.o)
    0x0800014e   0x0800014e   0x00000000   Code   RO          494    .ARM.Collect$$libshutdown$$0000000C  c_p.l(libshutdown2.o)
    0x0800014e   0x0800014e   0x00000000   Code   RO          497    .ARM.Collect$$libshutdown$$0000000F  c_p.l(libshutdown2.o)
    0x0800014e   0x0800014e   0x00000002   Code   RO          498    .ARM.Collect$$libshutdown$$00000010  c_p.l(libshutdown2.o)
    0x08000150   0x08000150   0x00000000   Code   RO          279    .ARM.Collect$$rtentry$$00000000  c_p.l(__rtentry.o)
    0x08000150   0x08000150   0x00000000   Code   RO          391    .ARM.Collect$$rtentry$$00000002  c_p.l(__rtentry2.o)
    0x08000150   0x08000150   0x00000006   Code   RO          403    .ARM.Collect$$rtentry$$00000004  c_p.l(__rtentry4.o)
    0x08000156   0x08000156   0x00000000   Code   RO          393    .ARM.Collect$$rtentry$$00000009  c_p.l(__rtentry2.o)
    0x08000156   0x08000156   0x00000004   Code   RO          394    .ARM.Collect$$rtentry$$0000000A  c_p.l(__rtentry2.o)
    0x0800015a   0x0800015a   0x00000000   Code   RO          396    .ARM.Collect$$rtentry$$0000000C  c_p.l(__rtentry2.o)
    0x0800015a   0x0800015a   0x00000008   Code   RO          397    .ARM.Collect$$rtentry$$0000000D  c_p.l(__rtentry2.o)
    0x08000162   0x08000162   0x00000002   Code   RO          471    .ARM.Collect$$rtexit$$00000000  c_p.l(rtexit.o)
    0x08000164   0x08000164   0x00000000   Code   RO          506    .ARM.Collect$$rtexit$$00000002  c_p.l(rtexit2.o)
    0x08000164   0x08000164   0x00000004   Code   RO          507    .ARM.Collect$$rtexit$$00000003  c_p.l(rtexit2.o)
    0x08000168   0x08000168   0x00000006   Code   RO          508    .ARM.Collect$$rtexit$$00000004  c_p.l(rtexit2.o)
    0x0800016e   0x0800016e   0x00000002   PAD
    0x08000170   0x08000170   0x00000038   Code   RO          222    .emb_text           c_p.l(rand.o)
    0x080001a8   0x080001a8   0x00000038   Code   RO          144  * .text               startup_stm32f072xb.o
    0x080001e0   0x080001e0   0x00000062   Code   RO          168    .text               c_p.l(h1_alloc.o)
    0x08000242   0x08000242   0x00000002   PAD
    0x08000244   0x08000244   0x0000003c   Code   RO          223    .text               c_p.l(rand.o)
    0x08000280   0x08000280   0x00000040   Code   RO          227    .text               c_p.l(rt_memclr.o)
    0x080002c0   0x080002c0   0x0000016c   Code   RO          229    .text               c_p.l(aeabi_sdiv.o)
    0x0800042c   0x0800042c   0x00000006   Code   RO          233    .text               c_p.l(heapauxi.o)
    0x08000432   0x08000432   0x00000002   PAD
    0x08000434   0x08000434   0x0000006c   Code   RO          249    .text               fz_ps.l(dfixi.o)
    0x080004a0   0x080004a0   0x00000058   Code   RO          251    .text               fz_ps.l(dflti.o)
    0x080004f8   0x080004f8   0x00000054   Code   RO          253    .text               fz_ps.l(f2d.o)
    0x0800054c   0x0800054c   0x0000005e   Code   RO          273    .text               fz_ps.l(fflti.o)
    0x080005aa   0x080005aa   0x00000002   PAD
    0x080005ac   0x080005ac   0x00000008   Code   RO          287    .text               c_p.l(rt_heap_descriptor_intlibspace.o)
    0x080005b4   0x080005b4   0x00000004   Code   RO          289    .text               c_p.l(hguard.o)
    0x080005b8   0x080005b8   0x00000088   Code   RO          291    .text               c_p.l(init_alloc.o)
    0x08000640   0x08000640   0x0000000e   Code   RO          297    .text               c_p.l(h1_init.o)
    0x0800064e   0x0800064e   0x0000004c   Code   RO          299    .text               c_p.l(h1_free.o)
    0x0800069a   0x0800069a   0x00000002   PAD
    0x0800069c   0x0800069c   0x00000358   Code   RO          364    .text               fz_ps.l(daddsub.o)
    0x080009f4   0x080009f4   0x000000f0   Code   RO          374    .text               fz_ps.l(drnd.o)
    0x08000ae4   0x08000ae4   0x00000008   Code   RO          387    .text               c_p.l(libspace.o)
    0x08000aec   0x08000aec   0x00000000   Code   RO          409    .text               c_p.l(maybetermalloc1.o)
    0x08000aec   0x08000aec   0x00000034   Code   RO          411    .text               c_p.l(h1_extend.o)
    0x08000b20   0x08000b20   0x0000000c   Code   RO          415    .text               c_p.l(defsig_rtmem_outer.o)
    0x08000b2c   0x08000b2c   0x000000a0   Code   RO          424    .text               fz_ps.l(dcmpin.o)
    0x08000bcc   0x08000bcc   0x00000064   Code   RO          426    .text               fz_ps.l(fcmpin.o)
    0x08000c30   0x08000c30   0x00000002   Code   RO          430    .text               c_p.l(use_no_semi.o)
    0x08000c32   0x08000c32   0x00000000   Code   RO          432    .text               c_p.l(indicate_semi.o)
    0x08000c32   0x08000c32   0x0000003e   Code   RO          433    .text               c_p.l(sys_stackheap_outer.o)
    0x08000c70   0x08000c70   0x00000010   Code   RO          440    .text               c_p.l(exit.o)
    0x08000c80   0x08000c80   0x0000000c   Code   RO          442    .text               c_p.l(defsig_exit.o)
    0x08000c8c   0x08000c8c   0x00000050   Code   RO          448    .text               c_p.l(defsig_rtmem_inner.o)
    0x08000cdc   0x08000cdc   0x0000002e   Code   RO          460    .text               fz_ps.l(cmpret.o)
    0x08000d0a   0x08000d0a   0x00000002   PAD
    0x08000d0c   0x08000d0c   0x00000014   Code   RO          462    .text               fz_ps.l(dnan2.o)
    0x08000d20   0x08000d20   0x00000010   Code   RO          464    .text               fz_ps.l(fnan2.o)
    0x08000d30   0x08000d30   0x0000000c   Code   RO          466    .text               c_p.l(sys_exit.o)
    0x08000d3c   0x08000d3c   0x00000034   Code   RO          479    .text               c_p.l(defsig_general.o)
    0x08000d70   0x08000d70   0x0000005e   Code   RO          499    .text               fz_ps.l(retnan.o)
    0x08000dce   0x08000dce   0x0000000c   Code   RO          501    .text               c_p.l(sys_wrch.o)
    0x08000dda   0x08000dda   0x00000002   PAD
    0x08000ddc   0x08000ddc   0x000000b0   Code   RO           28    .text.ConstrTransfer  main.o
    0x08000e8c   0x08000e8c   0x00000024   Code   RO           86    .text.SPI2_IRQHandler  main.o
    0x08000eb0   0x08000eb0   0x00000054   Code   RO           94    .text.SysTick_Config  main.o
    0x08000f04   0x08000f04   0x00000018   Code   RO           82    .text.SysTick_Handler  main.o
    0x08000f1c   0x08000f1c   0x000000f8   Code   RO          153    .text.SystemCoreClockUpdate  system_stm32f0xx.o
    0x08001014   0x08001014   0x00000002   Code   RO          151    .text.SystemInit    system_stm32f0xx.o
    0x08001016   0x08001016   0x00000002   PAD
    0x08001018   0x08001018   0x00000018   Code   RO           76    .text.TIM17_IRQHandler  main.o
    0x08001030   0x08001030   0x00000100   Code   RO           46    .text.TSC_IRQHandler  main.o
    0x08001130   0x08001130   0x0000002c   Code   RO           44    .text.__NVIC_EnableIRQ  main.o
    0x0800115c   0x0800115c   0x00000088   Code   RO          102    .text.__NVIC_SetPriority  main.o
    0x080011e4   0x080011e4   0x00000098   Code   RO           80    .text.autoSyncLan   main.o
    0x0800127c   0x0800127c   0x0000000c   Code   RO            2    .text.buttonDown    main.o
    0x08001288   0x08001288   0x00000010   Code   RO          108    .text.clearImage    main.o
    0x08001298   0x08001298   0x00000024   Code   RO           16    .text.clientFlush   main.o
    0x080012bc   0x080012bc   0x00000048   Code   RO           60    .text.drawCursor    main.o
    0x08001304   0x08001304   0x00000080   Code   RO           62    .text.drawMenu      main.o
    0x08001384   0x08001384   0x00000042   Code   RO           54    .text.drawPlatform  main.o
    0x080013c6   0x080013c6   0x00000002   PAD
    0x080013c8   0x080013c8   0x00000028   Code   RO            6    .text.drawRow       main.o
    0x080013f0   0x080013f0   0x00000050   Code   RO           42    .text.drawSpiPos    main.o
    0x08001440   0x08001440   0x0000013c   Code   RO           84    .text.fetchButtons  main.o
    0x0800157c   0x0800157c   0x00000020   Code   RO           34    .text.getBit        main.o
    0x0800159c   0x0800159c   0x00000026   Code   RO           78    .text.get_delay     main.o
    0x080015c2   0x080015c2   0x00000002   PAD
    0x080015c4   0x080015c4   0x00000058   Code   RO           92    .text.init          main.o
    0x0800161c   0x0800161c   0x00000078   Code   RO            4    .text.initBtns      main.o
    0x08001694   0x08001694   0x00000054   Code   RO           52    .text.initPong      main.o
    0x080016e8   0x080016e8   0x000000b8   Code   RO          106    .text.initSPI       main.o
    0x080017a0   0x080017a0   0x00000022   Code   RO           26    .text.initUsart     main.o
    0x080017c2   0x080017c2   0x00000002   PAD
    0x080017c4   0x080017c4   0x00000024   Code   RO           24    .text.initUsartTransferReceive  main.o
    0x080017e8   0x080017e8   0x00000034   Code   RO           22    .text.initUsartTransferTransmit  main.o
    0x0800181c   0x0800181c   0x00000054   Code   RO           74    .text.initializeTimer  main.o
    0x08001870   0x08001870   0x00000028   Code   RO           48    .text.lateTSCinit   main.o
    0x08001898   0x08001898   0x00000074   Code   RO           64    .text.loadInt       main.o
    0x0800190c   0x0800190c   0x00000064   Code   RO           96    .text.loop          main.o
    0x08001970   0x08001970   0x00000028   Code   RO           98    .text.main          main.o
    0x08001998   0x08001998   0x000001b8   Code   RO           72    .text.onUpdatePong  main.o
    0x08001b50   0x08001b50   0x00000120   Code   RO           58    .text.processInput  main.o
    0x08001c70   0x08001c70   0x000000e8   Code   RO           70    .text.receiveData   main.o
    0x08001d58   0x08001d58   0x00000034   Code   RO           32    .text.receiveMessage  main.o
    0x08001d8c   0x08001d8c   0x00000010   Code   RO           10    .text.renderBegin   main.o
    0x08001d9c   0x08001d9c   0x00000014   Code   RO           12    .text.renderFlush   main.o
    0x08001db0   0x08001db0   0x00000074   Code   RO           14    .text.renderInt     main.o
    0x08001e24   0x08001e24   0x0000002c   Code   RO           90    .text.resetAll      main.o
    0x08001e50   0x08001e50   0x00000014   Code   RO           20    .text.resetBitV     main.o
    0x08001e64   0x08001e64   0x00000044   Code   RO          104    .text.resetBtns     main.o
    0x08001ea8   0x08001ea8   0x0000001c   Code   RO           36    .text.setBit        main.o
    0x08001ec4   0x08001ec4   0x00000014   Code   RO           18    .text.setBitV       main.o
    0x08001ed8   0x08001ed8   0x000000f4   Code   RO           68    .text.setTransmitData  main.o
    0x08001fcc   0x08001fcc   0x00000120   Code   RO           50    .text.touch_init    main.o
    0x080020ec   0x080020ec   0x00000048   Code   RO           30    .text.transmitMessage  main.o
    0x08002134   0x08002134   0x00000052   Code   RO          100    .text.trySet        main.o
    0x08002186   0x08002186   0x00000002   PAD
    0x08002188   0x08002188   0x000001c0   Code   RO           56    .text.updateBall    main.o
    0x08002348   0x08002348   0x00000078   Code   RO           66    .text.writeInt      main.o
    0x080023c0   0x080023c0   0x00000016   Code   RO          239    i._dgr              fz_ps.l(dcmp.o)
    0x080023d6   0x080023d6   0x00000016   Code   RO          241    i._dls              fz_ps.l(dcmp.o)
    0x080023ec   0x080023ec   0x00000016   Code   RO          262    i._fgeq             fz_ps.l(fcmp.o)
    0x08002402   0x08002402   0x00000016   Code   RO          263    i._fgr              fz_ps.l(fcmp.o)
    0x08002418   0x08002418   0x0000001a   Code   RO          264    i._fleq             fz_ps.l(fcmp.o)
    0x08002432   0x08002432   0x00000016   Code   RO          265    i._fls              fz_ps.l(fcmp.o)
    0x08002448   0x08002448   0x0000009c   Code   RO          275    i.round             m_ps.l(round.o)
    0x080024e4   0x080024e4   0x00000064   Code   RO          368    x$fpl$dgeqf         fz_ps.l(dgef.o)
    0x08002548   0x08002548   0x00000064   Code   RO          370    x$fpl$dleqf         fz_ps.l(dlef.o)
    0x080025ac   0x080025ac   0x00000068   Code   RO          372    x$fpl$drleqf        fz_ps.l(drlef.o)
    0x08002614   0x08002614   0x0000008c   Code   RO          255    x$fpl$fadd          fz_ps.l(faddsub.o)
    0x080026a0   0x080026a0   0x00000054   Code   RO          378    x$fpl$fgeqf         fz_ps.l(fgef.o)
    0x080026f4   0x080026f4   0x00000054   Code   RO          380    x$fpl$fleqf         fz_ps.l(flef.o)
    0x08002748   0x08002748   0x000000d0   Code   RO          257    x$fpl$fsub          fz_ps.l(faddsub.o)
    0x08002818   0x08002818   0x00000000   Code   RO          382    x$fpl$usenofp       fz_ps.l(usenofp.o)
    0x08002818   0x08002818   0x00000010   Data   RO          156    .rodata.AHBPrescTable  system_stm32f0xx.o
    0x08002828   0x08002828   0x00000020   Data   RO          532    Region$$Table       anon$$obj.o


    Execution Region ER_RW (Exec base: 0x20000000, Load base: 0x08002848, Size: 0x00000010, Max: 0xffffffff, ABSOLUTE)

    Exec Addr    Load Addr    Size         Type   Attr      Idx    E Section Name        Object

    0x20000000   0x08002848   0x00000004   Data   RW          155    .data.SystemCoreClock  system_stm32f0xx.o
    0x20000004   0x0800284c   0x00000001   Data   RW          116    .data._debug        main.o
    0x20000005   0x0800284d   0x00000003   PAD
    0x20000008   0x08002850   0x00000004   Data   RW          126    .data.cursorY       main.o
    0x2000000c   0x08002854   0x00000001   Data   RW          112    .data.renderedImage  main.o


    Execution Region ER_ZI (Exec base: 0x20000010, Load base: 0x08002858, Size: 0x00000818, Max: 0xffffffff, ABSOLUTE)

    Exec Addr    Load Addr    Size         Type   Attr      Idx    E Section Name        Object

    0x20000010        -       0x000000e4   Zero   RW          224    .bss                c_p.l(rand.o)
    0x200000f4        -       0x00000060   Zero   RW          388    .bss                c_p.l(libspace.o)
    0x20000154        -       0x00000010   Zero   RW          117    .bss.Result         main.o
    0x20000164        -       0x00000004   Zero   RW          113    .bss.backBuffer     main.o
    0x20000168        -       0x00000010   Zero   RW          122    .bss.ball           main.o
    0x20000178        -       0x00000040   Zero   RW          133    .bss.buffers        main.o
    0x200001b8        -       0x00000004   Zero   RW          121    .bss.controlled     main.o
    0x200001bc        -       0x00000001   Zero   RW          110    .bss.flushed        main.o
    0x200001bd   0x08002858   0x00000003   PAD
    0x200001c0        -       0x00000004   Zero   RW          114    .bss.frontBuffer    main.o
    0x200001c4        -       0x0000000c   Zero   RW          123    .bss.gameState      main.o
    0x200001d0        -       0x00000028   Zero   RW          125    .bss.keyStates      main.o
    0x200001f8        -       0x00000004   Zero   RW          129    .bss.lastUpdate     main.o
    0x200001fc        -       0x00000004   Zero   RW          131    .bss.numberOfSends  main.o
    0x20000200        -       0x00000006   Zero   RW          119    .bss.platformLeft   main.o
    0x20000206        -       0x00000006   Zero   RW          120    .bss.platformRight  main.o
    0x2000020c        -       0x00000004   Zero   RW          118    .bss.raw_result     main.o
    0x20000210        -       0x00000004   Zero   RW          111    .bss.renderingLine  main.o
    0x20000214        -       0x00000004   Zero   RW          127    .bss.rtState        main.o
    0x20000218        -       0x00000004   Zero   RW          130    .bss.timer          main.o
    0x2000021c        -       0x00000004   Zero   RW          132    .bss.timestamp      main.o
    0x20000220        -       0x00000003   Zero   RW          128    .bss.transfer       main.o
    0x20000223        -       0x00000001   Zero   RW          124    .bss.useTSC         main.o
    0x20000224   0x08002858   0x00000004   PAD
    0x20000228        -       0x00000200   Zero   RW          142    HEAP                startup_stm32f072xb.o
    0x20000428        -       0x00000400   Zero   RW          141    STACK               startup_stm32f072xb.o


==============================================================================

Image component sizes


      Code (inc. data)   RO Data    RW Data    ZI Data      Debug   Object Name

      5344        540          0          6        205      14592   main.o
        56         26        192          0       1536        632   startup_stm32f072xb.o
       250         24         16          4          0       1689   system_stm32f0xx.o

    ----------------------------------------------------------------------
      5660        590        240         16       1748      16913   Object Totals
         0          0         32          0          0          0   (incl. Generated)
        10          0          0          6          7          0   (incl. Padding)

    ----------------------------------------------------------------------

      Code (inc. data)   RO Data    RW Data    ZI Data      Debug   Library Member Name

         8          0          0          0          0         68   __main.o
         0          0          0          0          0          0   __rtentry.o
        12          0          0          0          0          0   __rtentry2.o
         6          0          0          0          0          0   __rtentry4.o
        60          8          0          0          0          0   __scatter.o
        26          0          0          0          0          0   __scatter_copy.o
        28          0          0          0          0          0   __scatter_zi.o
       364          4          0          0          0         92   aeabi_sdiv.o
        12          0          0          0          0         68   defsig_exit.o
        52          0          0          0          0         72   defsig_general.o
        80         58          0          0          0         68   defsig_rtmem_inner.o
        12          0          0          0          0         68   defsig_rtmem_outer.o
        16          0          0          0          0         68   exit.o
        98          0          0          0          0         72   h1_alloc.o
        52          0          0          0          0         68   h1_extend.o
        76          0          0          0          0         72   h1_free.o
        14          0          0          0          0         76   h1_init.o
         6          0          0          0          0        136   heapauxi.o
         4          0          0          0          0        120   hguard.o
         0          0          0          0          0          0   indicate_semi.o
       136          0          0          0          0        160   init_alloc.o
         2          0          0          0          0          0   libinit.o
        14          0          0          0          0          0   libinit2.o
         2          0          0          0          0          0   libshutdown.o
         2          0          0          0          0          0   libshutdown2.o
         8          4          0          0         96         68   libspace.o
         0          0          0          0          0          0   maybetermalloc1.o
       116         16          0          0        228        156   rand.o
         8          4          0          0          0         68   rt_heap_descriptor_intlibspace.o
        64          0          0          0          0        108   rt_memclr.o
         2          0          0          0          0          0   rtexit.o
        10          0          0          0          0          0   rtexit2.o
        12          4          0          0          0         60   sys_exit.o
        62          0          0          0          0         80   sys_stackheap_outer.o
        12          0          0          0          0         68   sys_wrch.o
         2          0          0          0          0         68   use_no_semi.o
        46          0          0          0          0         60   cmpret.o
       856         20          0          0          0        208   daddsub.o
        44          0          0          0          0        136   dcmp.o
       160          6          0          0          0         76   dcmpin.o
       108         10          0          0          0         72   dfixi.o
        88          0          0          0          0         92   dflti.o
       100          4          0          0          0         92   dgef.o
       100          4          0          0          0         92   dlef.o
        20          6          0          0          0         68   dnan2.o
       104          4          0          0          0        104   drlef.o
       240          8          0          0          0         76   drnd.o
        84          4          0          0          0         60   f2d.o
       348          8          0          0          0        160   faddsub.o
        92          0          0          0          0        272   fcmp.o
       100          4          0          0          0         68   fcmpin.o
        94          0          0          0          0         92   fflti.o
        84          4          0          0          0         76   fgef.o
        84          4          0          0          0         76   flef.o
        16          6          0          0          0         68   fnan2.o
        94          0          0          0          0         68   retnan.o
         0          0          0          0          0          0   usenofp.o
       156         14          0          0          0         84   round.o

    ----------------------------------------------------------------------
      4412        204          0          0        324       3984   Library Totals
        16          0          0          0          0          0   (incl. Padding)

    ----------------------------------------------------------------------

      Code (inc. data)   RO Data    RW Data    ZI Data      Debug   Library Name

      1378         98          0          0        324       1884   c_p.l
      2862         92          0          0          0       2016   fz_ps.l
       156         14          0          0          0         84   m_ps.l

    ----------------------------------------------------------------------
      4412        204          0          0        324       3984   Library Totals

    ----------------------------------------------------------------------

==============================================================================


      Code (inc. data)   RO Data    RW Data    ZI Data      Debug   

     10072        794        240         16       2072      18817   Grand Totals
     10072        794        240         16       2072      18817   ELF Image Totals
     10072        794        240         16          0          0   ROM Totals

==============================================================================

    Total RO  Size (Code + RO Data)                10312 (  10.07kB)
    Total RW  Size (RW Data + ZI Data)              2088 (   2.04kB)
    Total ROM Size (Code + RO Data + RW Data)      10328 (  10.09kB)

==============================================================================

