Component: ARM Compiler 6.15 Tool: armlink [5dd79300]

==============================================================================

Section Cross References

    main.o(.ARM.exidx.text.drawRow) refers to main.o(.text.drawRow) for [Anonymous Symbol]
    main.o(.ARM.exidx.text.renderBusy) refers to main.o(.text.renderBusy) for [Anonymous Symbol]
    main.o(.ARM.exidx.text.renderBegin) refers to main.o(.text.renderBegin) for [Anonymous Symbol]
    main.o(.ARM.exidx.text.renderFlush) refers to main.o(.text.renderFlush) for [Anonymous Symbol]
    main.o(.text.renderLoop) refers to main.o(.text.renderBusy) for renderBusy
    main.o(.text.renderLoop) refers to main.o(.text.renderFlush) for renderFlush
    main.o(.text.renderLoop) refers to main.o(.text.renderBegin) for renderBegin
    main.o(.text.renderLoop) refers to main.o(.text.drawRow) for drawRow
    main.o(.text.renderLoop) refers to main.o(.bss.renderingLine) for [Anonymous Symbol]
    main.o(.text.renderLoop) refers to main.o(.data.renderedImage) for [Anonymous Symbol]
    main.o(.text.renderLoop) refers to main.o(.bss.flushed) for flushed
    main.o(.text.renderLoop) refers to main.o(.bss.copyRenderer) for [Anonymous Symbol]
    main.o(.ARM.exidx.text.renderLoop) refers to main.o(.text.renderLoop) for [Anonymous Symbol]
    main.o(.text.renderInt) refers to main.o(.text.renderFlush) for renderFlush
    main.o(.text.renderInt) refers to main.o(.text.renderBegin) for renderBegin
    main.o(.text.renderInt) refers to main.o(.text.drawRow) for drawRow
    main.o(.text.renderInt) refers to main.o(.bss.renderingLine) for [Anonymous Symbol]
    main.o(.text.renderInt) refers to main.o(.data.renderedImage) for [Anonymous Symbol]
    main.o(.text.renderInt) refers to main.o(.bss.flushed) for flushed
    main.o(.text.renderInt) refers to main.o(.bss.copyRenderer) for [Anonymous Symbol]
    main.o(.ARM.exidx.text.renderInt) refers to main.o(.text.renderInt) for [Anonymous Symbol]
    main.o(.text.clientFlush) refers to main.o(.bss.flushed) for flushed
    main.o(.text.clientFlush) refers to main.o(.bss.renderBuffer) for [Anonymous Symbol]
    main.o(.text.clientFlush) refers to main.o(.bss.copyRenderer) for [Anonymous Symbol]
    main.o(.ARM.exidx.text.clientFlush) refers to main.o(.text.clientFlush) for [Anonymous Symbol]
    main.o(.text.initPong) refers to main.o(.bss.platformLeft) for [Anonymous Symbol]
    main.o(.text.initPong) refers to main.o(.bss.platformRight) for [Anonymous Symbol]
    main.o(.text.initPong) refers to main.o(.bss.controlled) for [Anonymous Symbol]
    main.o(.text.initPong) refers to main.o(.bss.ball) for [Anonymous Symbol]
    main.o(.ARM.exidx.text.initPong) refers to main.o(.text.initPong) for [Anonymous Symbol]
    main.o(.text.drawPlatform) refers to main.o(.text.drawSpiPos) for drawSpiPos
    main.o(.ARM.exidx.text.drawPlatform) refers to main.o(.text.drawPlatform) for [Anonymous Symbol]
    main.o(.text.drawSpiPos) refers to main.o(.bss.renderBuffer) for [Anonymous Symbol]
    main.o(.ARM.exidx.text.drawSpiPos) refers to main.o(.text.drawSpiPos) for [Anonymous Symbol]
    main.o(.text.updateBall) refers to faddsub.o(x$fpl$fadd) for __aeabi_fadd
    main.o(.text.updateBall) refers to fcmp.o(i._fgr) for __aeabi_fcmpgt
    main.o(.text.updateBall) refers to fcmp.o(i._fgeq) for __aeabi_fcmpge
    main.o(.text.updateBall) refers to fflti.o(.text) for __aeabi_i2f
    main.o(.text.updateBall) refers to fcmp.o(i._fleq) for __aeabi_fcmple
    main.o(.text.updateBall) refers to main.o(.bss.ball) for [Anonymous Symbol]
    main.o(.text.updateBall) refers to main.o(.bss.platformLeft) for [Anonymous Symbol]
    main.o(.text.updateBall) refers to main.o(.bss.platformRight) for [Anonymous Symbol]
    main.o(.ARM.exidx.text.updateBall) refers to main.o(.text.updateBall) for [Anonymous Symbol]
    main.o(.text.onUpdatePong) refers to main.o(.text.drawPlatform) for drawPlatform
    main.o(.text.onUpdatePong) refers to f2d.o(.text) for __aeabi_f2d
    main.o(.text.onUpdatePong) refers to round.o(i.round) for round
    main.o(.text.onUpdatePong) refers to dfixi.o(.text) for __aeabi_d2iz
    main.o(.text.onUpdatePong) refers to main.o(.text.drawSpiPos) for drawSpiPos
    main.o(.text.onUpdatePong) refers to main.o(.text.updateBall) for updateBall
    main.o(.text.onUpdatePong) refers to main.o(.bss.platformLeft) for [Anonymous Symbol]
    main.o(.text.onUpdatePong) refers to main.o(.bss.platformRight) for [Anonymous Symbol]
    main.o(.text.onUpdatePong) refers to main.o(.bss.keyStates) for [Anonymous Symbol]
    main.o(.text.onUpdatePong) refers to main.o(.bss.controlled) for [Anonymous Symbol]
    main.o(.text.onUpdatePong) refers to main.o(.bss.ball) for [Anonymous Symbol]
    main.o(.ARM.exidx.text.onUpdatePong) refers to main.o(.text.onUpdatePong) for [Anonymous Symbol]
    main.o(.text.TSC_IRQHandler) refers to main.o(.text.drawSpiPos) for drawSpiPos
[...]
    heap2_threads.o(i.__Heap_Stats$realtime$concurrent) refers to aeabi_sdiv.o(.text) for __aeabi_uidivmod
    heap2_threads.o(i.__Heap_Valid$realtime$concurrent) refers to heap2_threads.o(i._FDIterate) for _FDIterate
    heap2_threads.o(i.__Heap_Valid$realtime$concurrent) refers to heap2_threads.o(.conststring) for .conststring
    heap2_threads.o(i.free$realtime$concurrent) refers to rt_heap_descriptor_intlibspace.o(.text) for __rt_heap_descriptor
    heap2_threads.o(i.free$realtime$concurrent) refers to fdtree.o(i._FDTree_Delete) for _FDTree_Delete
    heap2_threads.o(i.free$realtime$concurrent) refers to fdtree.o(i._FDTree_Insert) for _FDTree_Insert
    heap2_threads.o(i.malloc$realtime$concurrent) refers to rt_heap_descriptor_intlibspace.o(.text) for __rt_heap_descriptor
    heap2_threads.o(i.malloc$realtime$concurrent) refers to fdtree.o(i._FDTree_FindFirst) for _FDTree_FindFirst
    heap2_threads.o(i.malloc$realtime$concurrent) refers to init_alloc.o(.text) for __Heap_Full
    heap2_threads.o(i.malloc$realtime$concurrent) refers to fdtree.o(i._FDTree_RemoveNode) for _FDTree_RemoveNode
    heap2_threads.o(i.malloc$realtime$concurrent) refers to fdtree.o(i._FDTree_Insert) for _FDTree_Insert
    heap2_threads.o(i.posix_memalign$realtime$concurrent) refers to rt_heap_descriptor_intlibspace.o(.text) for __rt_heap_descriptor
    heap2_threads.o(i.posix_memalign$realtime$concurrent) refers to fdtree.o(i._FDTree_FindFirst) for _FDTree_FindFirst
    heap2_threads.o(i.posix_memalign$realtime$concurrent) refers to init_alloc.o(.text) for __Heap_Full
    heap2_threads.o(i.posix_memalign$realtime$concurrent) refers to fdtree.o(i._FDTree_RemoveNode) for _FDTree_RemoveNode
    heap2_threads.o(i.posix_memalign$realtime$concurrent) refers to fdtree.o(i._FDTree_Insert) for _FDTree_Insert
    heap2_threads.o(i.realloc$realtime$concurrent) refers to rt_heap_descriptor_intlibspace.o(.text) for __rt_heap_descriptor
    heap2_threads.o(i.realloc$realtime$concurrent) refers to h1_free.o(.text) for free
    heap2_threads.o(i.realloc$realtime$concurrent) refers to h1_alloc.o(.text) for malloc
    heap2_threads.o(i.realloc$realtime$concurrent) refers to fdtree.o(i._FDTree_Delete) for _FDTree_Delete
    heap2_threads.o(i.realloc$realtime$concurrent) refers to fdtree.o(i._FDTree_Insert) for _FDTree_Insert
    heap2_threads.o(i.realloc$realtime$concurrent) refers to rt_memcpy.o(.emb_text) for __aeabi_memcpy4
    __main.o(!!!main) refers to __rtentry.o(.ARM.Collect$$rtentry$$00000000) for __rt_entry
    dfixi.o(.text) refers (Special) to usenofp.o(x$fpl$usenofp) for __I$use$fp
    f2d.o(.text) refers (Special) to usenofp.o(x$fpl$usenofp) for __I$use$fp
    faddsub.o(x$fpl$fadd) refers (Special) to usenofp.o(x$fpl$usenofp) for __I$use$fp
    faddsub.o(x$fpl$fadd) refers to faddsub.o(x$fpl$fsub) for _fsub1
    faddsub.o(x$fpl$frsb) refers (Special) to usenofp.o(x$fpl$usenofp) for __I$use$fp
    faddsub.o(x$fpl$frsb) refers to faddsub.o(x$fpl$fsub) for _fsub1
    faddsub.o(x$fpl$frsb) refers to faddsub.o(x$fpl$fadd) for _fadd1
    faddsub.o(x$fpl$fsub) refers (Special) to usenofp.o(x$fpl$usenofp) for __I$use$fp
    faddsub.o(x$fpl$fsub) refers to faddsub.o(x$fpl$fadd) for _fadd1
    fcmp.o(i._feq) refers (Special) to usenofp.o(x$fpl$usenofp) for __I$use$fp
    fcmp.o(i._feq) refers to feqf.o(x$fpl$feqf) for _fcmpeq
    fcmp.o(i._fgeq) refers (Special) to usenofp.o(x$fpl$usenofp) for __I$use$fp
    fcmp.o(i._fgeq) refers to fgef.o(x$fpl$fgeqf) for _fcmpge
    fcmp.o(i._fgr) refers (Special) to usenofp.o(x$fpl$usenofp) for __I$use$fp
    fcmp.o(i._fgr) refers to fgef.o(x$fpl$fgeqf) for _fcmpge
    fcmp.o(i._fleq) refers (Special) to usenofp.o(x$fpl$usenofp) for __I$use$fp
    fcmp.o(i._fleq) refers to flef.o(x$fpl$fleqf) for _fcmple
    fcmp.o(i._fls) refers (Special) to usenofp.o(x$fpl$usenofp) for __I$use$fp
    fcmp.o(i._fls) refers to flef.o(x$fpl$fleqf) for _fcmple
    fcmp.o(i._fneq) refers (Special) to usenofp.o(x$fpl$usenofp) for __I$use$fp
    fcmp.o(i._fneq) refers to feqf.o(x$fpl$feqf) for _fcmpeq
    fflti.o(.text) refers (Special) to usenofp.o(x$fpl$usenofp) for __I$use$fp
    round.o(i.round) refers (Special) to usenofp.o(x$fpl$usenofp) for __I$use$fp
    round.o(i.round) refers to drnd.o(.text) for _drnd
    round.o(i.round) refers to daddsub.o(.text) for __aeabi_dsub
    round.o(i.round) refers to dlef.o(x$fpl$dleqf) for __aeabi_cdcmple
    round.o(i.round) refers to drlef.o(x$fpl$drleqf) for __aeabi_cdrcmple
    __rtentry.o(.ARM.Collect$$rtentry$$00000000) refers (Special) to __rtentry2.o(.ARM.Collect$$rtentry$$0000000A) for __rt_entry_li
    __rtentry.o(.ARM.Collect$$rtentry$$00000000) refers (Special) to __rtentry2.o(.ARM.Collect$$rtentry$$0000000D) for __rt_entry_main
    __rtentry.o(.ARM.Collect$$rtentry$$00000000) refers (Special) to __rtentry2.o(.ARM.Collect$$rtentry$$0000000C) for __rt_entry_postli_1
    __rtentry.o(.ARM.Collect$$rtentry$$00000000) refers (Special) to __rtentry2.o(.ARM.Collect$$rtentry$$00000009) for __rt_entry_postsh_1
    __rtentry.o(.ARM.Collect$$rtentry$$00000000) refers (Special) to __rtentry2.o(.ARM.Collect$$rtentry$$00000002) for __rt_entry_presh_1
    __rtentry.o(.ARM.Collect$$rtentry$$00000000) refers (Special) to __rtentry4.o(.ARM.Collect$$rtentry$$00000004) for __rt_entry_sh
    aeabi_idiv0_sigfpe.o(.text) refers to rt_div0.o(.text) for __rt_div0
    rt_heap_descriptor.o(.text) refers to rt_heap_descriptor.o(.bss) for __rt_heap_descriptor_data
    rt_heap_descriptor_intlibspace.o(.text) refers to libspace.o(.bss) for __libspace_start
    init_alloc.o(.text) refers (Special) to hguard.o(.text) for __heap$guard
    init_alloc.o(.text) refers (Special) to libinit2.o(.ARM.Collect$$libinit$$00000005) for __rt_lib_init_heap_2
    init_alloc.o(.text) refers (Special) to maybetermalloc1.o(.text) for _maybe_terminate_alloc
    init_alloc.o(.text) refers to h1_extend.o(.text) for __Heap_ProvideMemory
    init_alloc.o(.text) refers to defsig_rtmem_outer.o(.text) for __rt_SIGRTMEM
    init_alloc.o(.text) refers to rt_heap_descriptor_intlibspace.o(.text) for __rt_heap_descriptor
    init_alloc.o(.text) refers to h1_init.o(.text) for __Heap_Initialize
    free.o(.text) refers (Special) to hguard.o(.text) for __heap$guard
    free.o(.text) refers to rt_heap_descriptor_intlibspace.o(.text) for __rt_heap_descriptor
    h1_free.o(.text) refers to rt_heap_descriptor_intlibspace.o(.text) for __rt_heap_descriptor
    h1_free_threads.o(.text) refers to rt_heap_descriptor_intlibspace.o(.text) for __rt_heap_descriptor
    rt_memcpy.o(.text) refers to rt_memcpy.o(.emb_text) for __aeabi_memcpy4
    _get_argv.o(.text) refers (Special) to hrguard.o(.text) for __heap_region$guard
    _get_argv.o(.text) refers to h1_alloc.o(.text) for malloc
    _get_argv.o(.text) refers to defsig_rtmem_outer.o(.text) for __rt_SIGRTMEM
    _get_argv.o(.text) refers to sys_command.o(.text) for _sys_command_string
    libinit2.o(.ARM.Collect$$libinit$$00000005) refers (Weak) to init_alloc.o(.text) for _init_alloc
    libinit2.o(.ARM.Collect$$libinit$$00000010) refers to libinit2.o(.ARM.Collect$$libinit$$0000000F) for .ARM.Collect$$libinit$$0000000F
    libinit2.o(.ARM.Collect$$libinit$$00000012) refers to libinit2.o(.ARM.Collect$$libinit$$0000000F) for .ARM.Collect$$libinit$$0000000F
    libinit2.o(.ARM.Collect$$libinit$$00000014) refers to libinit2.o(.ARM.Collect$$libinit$$0000000F) for .ARM.Collect$$libinit$$0000000F
    libinit2.o(.ARM.Collect$$libinit$$00000016) refers to libinit2.o(.ARM.Collect$$libinit$$0000000F) for .ARM.Collect$$libinit$$0000000F
    libinit2.o(.ARM.Collect$$libinit$$00000018) refers to libinit2.o(.ARM.Collect$$libinit$$0000000F) for .ARM.Collect$$libinit$$0000000F
    libinit2.o(.ARM.Collect$$libinit$$00000026) refers to argv_veneer.o(.text) for __ARM_argv_veneer
    libinit2.o(.ARM.Collect$$libinit$$00000027) refers to argv_veneer.o(.text) for __ARM_argv_veneer
    daddsub.o(.text) refers (Special) to usenofp.o(x$fpl$usenofp) for __I$use$fp
    dlef.o(x$fpl$dleqf) refers (Special) to usenofp.o(x$fpl$usenofp) for __I$use$fp
    dlef.o(x$fpl$dleqf) refers to dcmpin.o(.text) for __fpl_dcmp_InfNaN
    drlef.o(x$fpl$drleqf) refers (Special) to usenofp.o(x$fpl$usenofp) for __I$use$fp
    drlef.o(x$fpl$drleqf) refers to dcmpin.o(.text) for __fpl_dcmp_InfNaN
    drnd.o(.text) refers (Special) to usenofp.o(x$fpl$usenofp) for __I$use$fp
    feqf.o(x$fpl$feqf) refers (Special) to usenofp.o(x$fpl$usenofp) for __I$use$fp
    feqf.o(x$fpl$feqf) refers to fcmpin.o(.text) for __fpl_fcmp_InfNaN
    fgef.o(x$fpl$fgeqf) refers (Special) to usenofp.o(x$fpl$usenofp) for __I$use$fp
    fgef.o(x$fpl$fgeqf) refers to fcmpin.o(.text) for __fpl_fcmp_InfNaN
    flef.o(x$fpl$fleqf) refers (Special) to usenofp.o(x$fpl$usenofp) for __I$use$fp
    flef.o(x$fpl$fleqf) refers to fcmpin.o(.text) for __fpl_fcmp_InfNaN
    sys_command.o(.text) refers (Special) to use_no_semi.o(.text) for __I$use$semihosting
    sys_command.o(.text) refers (Special) to indicate_semi.o(.text) for __semihosting_library_function
    sys_command_hlt.o(.text) refers (Special) to use_no_semi.o(.text) for __I$use$semihosting
    sys_command_hlt.o(.text) refers (Special) to indicate_semi.o(.text) for __semihosting_library_function
    libspace.o(.text) refers to libspace.o(.bss) for __libspace_start
    __rtentry2.o(.ARM.Collect$$rtentry$$00000008) refers to boardinit2.o(.text) for _platform_post_stackheap_init
    __rtentry2.o(.ARM.Collect$$rtentry$$0000000A) refers to libinit.o(.ARM.Collect$$libinit$$00000000) for __rt_lib_init
    __rtentry2.o(.ARM.Collect$$rtentry$$0000000B) refers to boardinit3.o(.text) for _platform_post_lib_init
    __rtentry2.o(.ARM.Collect$$rtentry$$0000000D) refers to main.o(.text.main) for main
    __rtentry2.o(.ARM.Collect$$rtentry$$0000000D) refers to exit.o(.text) for exit
    __rtentry2.o(.ARM.exidx) refers to __rtentry2.o(.ARM.Collect$$rtentry$$00000001) for .ARM.Collect$$rtentry$$00000001
    __rtentry2.o(.ARM.exidx) refers to __rtentry2.o(.ARM.Collect$$rtentry$$00000008) for .ARM.Collect$$rtentry$$00000008
    __rtentry2.o(.ARM.exidx) refers to __rtentry2.o(.ARM.Collect$$rtentry$$0000000A) for .ARM.Collect$$rtentry$$0000000A
    __rtentry2.o(.ARM.exidx) refers to __rtentry2.o(.ARM.Collect$$rtentry$$0000000B) for .ARM.Collect$$rtentry$$0000000B
    __rtentry2.o(.ARM.exidx) refers to __rtentry2.o(.ARM.Collect$$rtentry$$0000000D) for .ARM.Collect$$rtentry$$0000000D
    __rtentry4.o(.ARM.Collect$$rtentry$$00000004) refers to sys_stackheap_outer.o(.text) for __user_setup_stackheap
    __rtentry4.o(.ARM.exidx) refers to __rtentry4.o(.ARM.Collect$$rtentry$$00000004) for .ARM.Collect$$rtentry$$00000004
    rt_div0.o(.text) refers to defsig_fpe_outer.o(.text) for __rt_SIGFPE
    maybetermalloc2.o(.text) refers (Special) to term_alloc.o(.text) for _terminate_alloc
    h1_extend.o(.text) refers to h1_free.o(.text) for free
    h1_extend_threads.o(.text) refers to h1_free_threads.o(.text) for free_internal$concurrent
    defsig_rtmem_outer.o(.text) refers to defsig_rtmem_inner.o(.text) for __rt_SIGRTMEM_inner
    defsig_rtmem_outer.o(.text) refers to defsig_exit.o(.text) for __sig_exit
    defsig_rtmem_formal.o(.text) refers to rt_raise.o(.text) for __rt_raise
    heapauxa.o(.text) refers to heapauxa.o(.data) for .data
    dcmpin.o(.text) refers (Special) to usenofp.o(x$fpl$usenofp) for __I$use$fp
    dcmpin.o(.text) refers to cmpret.o(.text) for __fpl_cmpreturn
    dcmpin.o(.text) refers to dnan2.o(.text) for __fpl_dcheck_NaN2
    fcmpin.o(.text) refers (Special) to usenofp.o(x$fpl$usenofp) for __I$use$fp
    fcmpin.o(.text) refers to cmpret.o(.text) for __fpl_cmpreturn
    fcmpin.o(.text) refers to fnan2.o(.text) for __fpl_fcheck_NaN2
    sys_stackheap_outer.o(.text) refers to libspace.o(.text) for __user_perproc_libspace
    sys_stackheap_outer.o(.text) refers to startup_stm32f072xb.o(.text) for __user_initial_stackheap
    sys_stackheap_outer.o(__vectab_stack_and_reset_area) refers to tempstk.o(.text) for __temporary_stack_top
    sys_stackheap_outer.o(__vectab_stack_and_reset_area) refers to __main.o(!!!main) for __main
    rt_raise.o(.text) refers to __raise.o(.text) for __raise
    rt_raise.o(.text) refers to sys_exit.o(.text) for _sys_exit
    term_alloc.o(.text) refers (Special) to libshutdown2.o(.ARM.Collect$$libshutdown$$0000000E) for __rt_lib_shutdown_heap_2
    term_alloc.o(.text) refers to rt_heap_descriptor_intlibspace.o(.text) for __rt_heap_descriptor
    exit.o(.text) refers to rtexit.o(.ARM.Collect$$rtexit$$00000000) for __rt_exit
    defsig_exit.o(.text) refers to sys_exit.o(.text) for _sys_exit
    defsig_fpe_outer.o(.text) refers to defsig_fpe_inner.o(.text) for __rt_SIGFPE_inner
    defsig_fpe_outer.o(.text) refers to defsig_exit.o(.text) for __sig_exit
    defsig_fpe_formal.o(.text) refers to rt_raise.o(.text) for __rt_raise
    defsig_rtmem_inner.o(.text) refers to defsig_general.o(.text) for __default_signal_display
    _get_argv_nomalloc.o(.text) refers (Special) to hrguard.o(.text) for __heap_region$guard
    _get_argv_nomalloc.o(.text) refers to defsig_rtmem_outer.o(.text) for __rt_SIGRTMEM
    _get_argv_nomalloc.o(.text) refers to sys_command.o(.text) for _sys_command_string
    libinit.o(.ARM.Collect$$libinit$$00000000) refers (Special) to libinit2.o(.ARM.Collect$$libinit$$0000002E) for __rt_lib_init_alloca_1
    libinit.o(.ARM.Collect$$libinit$$00000000) refers (Special) to libinit2.o(.ARM.Collect$$libinit$$0000002C) for __rt_lib_init_argv_1
    libinit.o(.ARM.Collect$$libinit$$00000000) refers (Special) to libinit2.o(.ARM.Collect$$libinit$$0000001B) for __rt_lib_init_atexit_1
    libinit.o(.ARM.Collect$$libinit$$00000000) refers (Special) to libinit2.o(.ARM.Collect$$libinit$$00000021) for __rt_lib_init_clock_1
    libinit.o(.ARM.Collect$$libinit$$00000000) refers (Special) to libinit2.o(.ARM.Collect$$libinit$$00000032) for __rt_lib_init_cpp_1
    libinit.o(.ARM.Collect$$libinit$$00000000) refers (Special) to libinit2.o(.ARM.Collect$$libinit$$00000030) for __rt_lib_init_exceptions_1
    libinit.o(.ARM.Collect$$libinit$$00000000) refers (Special) to libinit2.o(.ARM.Collect$$libinit$$00000002) for __rt_lib_init_fp_1
    libinit.o(.ARM.Collect$$libinit$$00000000) refers (Special) to libinit2.o(.ARM.Collect$$libinit$$0000001F) for __rt_lib_init_fp_trap_1
    libinit.o(.ARM.Collect$$libinit$$00000000) refers (Special) to libinit2.o(.ARM.Collect$$libinit$$00000023) for __rt_lib_init_getenv_1
    libinit.o(.ARM.Collect$$libinit$$00000000) refers (Special) to libinit2.o(.ARM.Collect$$libinit$$0000000A) for __rt_lib_init_heap_1
    libinit.o(.ARM.Collect$$libinit$$00000000) refers (Special) to libinit2.o(.ARM.Collect$$libinit$$00000011) for __rt_lib_init_lc_collate_1
    libinit.o(.ARM.Collect$$libinit$$00000000) refers (Special) to libinit2.o(.ARM.Collect$$libinit$$00000013) for __rt_lib_init_lc_ctype_1
    libinit.o(.ARM.Collect$$libinit$$00000000) refers (Special) to libinit2.o(.ARM.Collect$$libinit$$00000015) for __rt_lib_init_lc_monetary_1
    libinit.o(.ARM.Collect$$libinit$$00000000) refers (Special) to libinit2.o(.ARM.Collect$$libinit$$00000017) for __rt_lib_init_lc_numeric_1
    libinit.o(.ARM.Collect$$libinit$$00000000) refers (Special) to libinit2.o(.ARM.Collect$$libinit$$00000019) for __rt_lib_init_lc_time_1
    libinit.o(.ARM.Collect$$libinit$$00000000) refers (Special) to libinit2.o(.ARM.Collect$$libinit$$00000004) for __rt_lib_init_preinit_1
    libinit.o(.ARM.Collect$$libinit$$00000000) refers (Special) to libinit2.o(.ARM.Collect$$libinit$$0000000E) for __rt_lib_init_rand_1
    libinit.o(.ARM.Collect$$libinit$$00000000) refers (Special) to libinit2.o(.ARM.Collect$$libinit$$00000033) for __rt_lib_init_return
    libinit.o(.ARM.Collect$$libinit$$00000000) refers (Special) to libinit2.o(.ARM.Collect$$libinit$$0000001D) for __rt_lib_init_signal_1
    libinit.o(.ARM.Collect$$libinit$$00000000) refers (Special) to libinit2.o(.ARM.Collect$$libinit$$00000025) for __rt_lib_init_stdio_1
    libinit.o(.ARM.Collect$$libinit$$00000000) refers (Special) to libinit2.o(.ARM.Collect$$libinit$$0000000C) for __rt_lib_init_user_alloc_1
    cmpret.o(.text) refers (Special) to usenofp.o(x$fpl$usenofp) for __I$use$fp
    dnan2.o(.text) refers (Special) to usenofp.o(x$fpl$usenofp) for __I$use$fp
    dnan2.o(.text) refers to retnan.o(.text) for __fpl_return_NaN
    fnan2.o(.text) refers (Special) to usenofp.o(x$fpl$usenofp) for __I$use$fp
    fnan2.o(.text) refers to retnan.o(.text) for __fpl_return_NaN
    sys_exit.o(.text) refers (Special) to use_no_semi.o(.text) for __I$use$semihosting
    sys_exit.o(.text) refers (Special) to indicate_semi.o(.text) for __semihosting_library_function
    sys_exit_hlt.o(.text) refers (Special) to use_no_semi.o(.text) for __I$use$semihosting
    sys_exit_hlt.o(.text) refers (Special) to indicate_semi.o(.text) for __semihosting_library_function
    rtexit.o(.ARM.Collect$$rtexit$$00000000) refers (Special) to rtexit2.o(.ARM.Collect$$rtexit$$00000004) for __rt_exit_exit
    rtexit.o(.ARM.Collect$$rtexit$$00000000) refers (Special) to rtexit2.o(.ARM.Collect$$rtexit$$00000003) for __rt_exit_ls
    rtexit.o(.ARM.Collect$$rtexit$$00000000) refers (Special) to rtexit2.o(.ARM.Collect$$rtexit$$00000002) for __rt_exit_prels_1
    rtexit.o(.ARM.exidx) refers (Special) to rtexit2.o(.ARM.Collect$$rtexit$$00000004) for __rt_exit_exit
    rtexit.o(.ARM.exidx) refers (Special) to rtexit2.o(.ARM.Collect$$rtexit$$00000003) for __rt_exit_ls
    rtexit.o(.ARM.exidx) refers (Special) to rtexit2.o(.ARM.Collect$$rtexit$$00000002) for __rt_exit_prels_1
    rtexit.o(.ARM.exidx) refers to rtexit.o(.ARM.Collect$$rtexit$$00000000) for .ARM.Collect$$rtexit$$00000000
    __raise.o(.text) refers to defsig.o(CL$$defsig) for __default_signal_handler
    defsig_general.o(.text) refers to sys_wrch.o(.text) for _ttywrch
    defsig_fpe_inner.o(.text) refers to defsig_general.o(.text) for __default_signal_display
    libshutdown2.o(.ARM.Collect$$libshutdown$$0000000D) refers (Weak) to term_alloc.o(.text) for _terminate_alloc
    retnan.o(.text) refers (Special) to usenofp.o(x$fpl$usenofp) for __I$use$fp
    retnan.o(.text) refers to cmpret.o(.text) for __fpl_cmpreturn
    sys_wrch.o(.text) refers (Special) to use_no_semi.o(.text) for __I$use$semihosting
    sys_wrch.o(.text) refers (Special) to indicate_semi.o(.text) for __semihosting_library_function
    sys_wrch_hlt.o(.text) refers (Special) to use_no_semi.o(.text) for __I$use$semihosting
    sys_wrch_hlt.o(.text) refers (Special) to indicate_semi.o(.text) for __semihosting_library_function
    rtexit2.o(.ARM.Collect$$rtexit$$00000003) refers to libshutdown.o(.ARM.Collect$$libshutdown$$00000000) for __rt_lib_shutdown
    rtexit2.o(.ARM.Collect$$rtexit$$00000004) refers to sys_exit.o(.text) for _sys_exit
    rtexit2.o(.ARM.exidx) refers to rtexit2.o(.ARM.Collect$$rtexit$$00000001) for .ARM.Collect$$rtexit$$00000001
    rtexit2.o(.ARM.exidx) refers to rtexit2.o(.ARM.Collect$$rtexit$$00000003) for .ARM.Collect$$rtexit$$00000003
    rtexit2.o(.ARM.exidx) refers to rtexit2.o(.ARM.Collect$$rtexit$$00000004) for .ARM.Collect$$rtexit$$00000004
    defsig.o(CL$$defsig) refers to defsig_fpe_inner.o(.text) for __rt_SIGFPE_inner
    defsig.o(CL$$defsig) refers to defsig_rtmem_inner.o(.text) for __rt_SIGRTMEM_inner
    defsig_abrt_inner.o(.text) refers to defsig_general.o(.text) for __default_signal_display
    defsig_rtred_inner.o(.text) refers to defsig_general.o(.text) for __default_signal_display
    defsig_stak_inner.o(.text) refers to defsig_general.o(.text) for __default_signal_display
    defsig_pvfn_inner.o(.text) refers to defsig_general.o(.text) for __default_signal_display
    defsig_cppl_inner.o(.text) refers to defsig_general.o(.text) for __default_signal_display
    defsig_segv_inner.o(.text) refers to defsig_general.o(.text) for __default_signal_display
    defsig_other.o(.text) refers to defsig_general.o(.text) for __default_signal_display
    libshutdown.o(.ARM.Collect$$libshutdown$$00000000) refers (Special) to libshutdown2.o(.ARM.Collect$$libshutdown$$00000002) for __rt_lib_shutdown_cpp_1
    libshutdown.o(.ARM.Collect$$libshutdown$$00000000) refers (Special) to libshutdown2.o(.ARM.Collect$$libshutdown$$00000007) for __rt_lib_shutdown_fp_trap_1
    libshutdown.o(.ARM.Collect$$libshutdown$$00000000) refers (Special) to libshutdown2.o(.ARM.Collect$$libshutdown$$0000000F) for __rt_lib_shutdown_heap_1
    libshutdown.o(.ARM.Collect$$libshutdown$$00000000) refers (Special) to libshutdown2.o(.ARM.Collect$$libshutdown$$00000010) for __rt_lib_shutdown_return
    libshutdown.o(.ARM.Collect$$libshutdown$$00000000) refers (Special) to libshutdown2.o(.ARM.Collect$$libshutdown$$0000000A) for __rt_lib_shutdown_signal_1
    libshutdown.o(.ARM.Collect$$libshutdown$$00000000) refers (Special) to libshutdown2.o(.ARM.Collect$$libshutdown$$00000004) for __rt_lib_shutdown_stdio_1
    libshutdown.o(.ARM.Collect$$libshutdown$$00000000) refers (Special) to libshutdown2.o(.ARM.Collect$$libshutdown$$0000000C) for __rt_lib_shutdown_user_alloc_1


==============================================================================

Removing Unused input sections from the image.

    Removing main.o(.text), (0 bytes).
    Removing main.o(.ARM.exidx.text.drawRow), (8 bytes).
    Removing main.o(.text.renderBusy), (16 bytes).
    Removing main.o(.ARM.exidx.text.renderBusy), (8 bytes).
    Removing main.o(.ARM.exidx.text.renderBegin), (8 bytes).
    Removing main.o(.ARM.exidx.text.renderFlush), (8 bytes).
    Removing main.o(.text.renderLoop), (128 bytes).
    Removing main.o(.ARM.exidx.text.renderLoop), (8 bytes).
    Removing main.o(.ARM.exidx.text.renderInt), (8 bytes).
    Removing main.o(.ARM.exidx.text.clientFlush), (8 bytes).
    Removing main.o(.ARM.exidx.text.initPong), (8 bytes).
    Removing main.o(.text.drawPlatform), (66 bytes).
    Removing main.o(.ARM.exidx.text.drawPlatform), (8 bytes).
    Removing main.o(.ARM.exidx.text.drawSpiPos), (8 bytes).
    Removing main.o(.text.updateBall), (356 bytes).
    Removing main.o(.ARM.exidx.text.updateBall), (8 bytes).
    Removing main.o(.text.onUpdatePong), (280 bytes).
    Removing main.o(.ARM.exidx.text.onUpdatePong), (8 bytes).
    Removing main.o(.ARM.exidx.text.TSC_IRQHandler), (8 bytes).
    Removing main.o(.ARM.exidx.text.touch_init), (8 bytes).
    Removing main.o(.ARM.exidx.text.__NVIC_EnableIRQ), (8 bytes).
    Removing main.o(.ARM.exidx.text.setBitV), (8 bytes).
    Removing main.o(.ARM.exidx.text.resetBitV), (8 bytes).
    Removing main.o(.ARM.exidx.text.SysTick_Handler), (8 bytes).
    Removing main.o(.ARM.exidx.text.fetchButtons), (8 bytes).
    Removing main.o(.ARM.exidx.text.SPI2_IRQHandler), (8 bytes).
    Removing main.o(.ARM.exidx.text.wait), (8 bytes).
    Removing main.o(.ARM.exidx.text.resetAll), (8 bytes).
    Removing main.o(.ARM.exidx.text.init), (8 bytes).
    Removing main.o(.ARM.exidx.text.SysTick_Config), (8 bytes).
    Removing main.o(.ARM.exidx.text.buttonDown), (8 bytes).
    Removing main.o(.ARM.exidx.text.loop), (8 bytes).
    Removing main.o(.ARM.exidx.text.clamp), (8 bytes).
    Removing main.o(.ARM.exidx.text.main), (8 bytes).
    Removing main.o(.ARM.exidx.text.trySet), (8 bytes).
    Removing main.o(.ARM.exidx.text.__NVIC_SetPriority), (8 bytes).
    Removing main.o(.ARM.exidx.text.resetBtns), (8 bytes).
    Removing main.o(.ARM.exidx.text.initSPI), (8 bytes).
    Removing main.o(.ARM.exidx.text.clearImage), (8 bytes).
    Removing main.o(.ARM.use_no_argv), (4 bytes).
    Removing system_stm32f0xx.o(.text), (0 bytes).
    Removing system_stm32f0xx.o(.ARM.exidx.text.SystemInit), (8 bytes).
    Removing system_stm32f0xx.o(.ARM.exidx.text.SystemCoreClockUpdate), (8 bytes).
    Removing system_stm32f0xx.o(.rodata.APBPrescTable), (8 bytes).

44 unused section(s) (total 1138 bytes) removed from the image.

==============================================================================

Image Symbol Table

    Local Symbols

    Symbol Name                              Value     Ov Type        Size  Object(Section)

    ../clib/angel/boardlib.s                 0x00000000   Number         0  boardinit1.o ABSOLUTE
    ../clib/angel/boardlib.s                 0x00000000   Number         0  boardinit2.o ABSOLUTE
    ../clib/angel/boardlib.s                 0x00000000   Number         0  boardinit3.o ABSOLUTE
    ../clib/angel/boardlib.s                 0x00000000   Number         0  boardshut.o ABSOLUTE
    ../clib/angel/handlers.s                 0x00000000   Number         0  __scatter_copy.o ABSOLUTE
    ../clib/angel/handlers.s                 0x00000000   Number         0  __scatter_zi.o ABSOLUTE
    ../clib/angel/kernel.s                   0x00000000   Number         0  __rtentry.o ABSOLUTE
    ../clib/angel/kernel.s                   0x00000000   Number         0  __rtentry2.o ABSOLUTE
    ../clib/angel/kernel.s                   0x00000000   Number         0  __rtentry4.o ABSOLUTE
    ../clib/angel/kernel.s                   0x00000000   Number         0  rtexit.o ABSOLUTE
    ../clib/angel/kernel.s                   0x00000000   Number         0  rtexit2.o ABSOLUTE
    ../clib/angel/rt.s                       0x00000000   Number         0  aeabi_idiv0.o ABSOLUTE
    ../clib/angel/rt.s                       0x00000000   Number         0  aeabi_idiv0_sigfpe.o ABSOLUTE
    ../clib/angel/rt.s                       0x00000000   Number         0  rt_heap_descriptor.o ABSOLUTE
    ../clib/angel/rt.s                       0x00000000   Number         0  rt_heap_descriptor_intlibspace.o ABSOLUTE
    ../clib/angel/rt.s                       0x00000000   Number         0  rt_div0.o ABSOLUTE
    ../clib/angel/rt.s                       0x00000000   Number         0  rt_raise.o ABSOLUTE
    ../clib/angel/scatterp.s                 0x00000000   Number         0  __scatter.o ABSOLUTE
    ../clib/angel/startup.s                  0x00000000   Number         0  __main.o ABSOLUTE
    ../clib/angel/sys.s                      0x00000000   Number         0  mutex_dummy.o ABSOLUTE
    ../clib/angel/sys.s                      0x00000000   Number         0  libspace.o ABSOLUTE
    ../clib/angel/sys.s                      0x00000000   Number         0  use_no_semi.o ABSOLUTE
    ../clib/angel/sys.s                      0x00000000   Number         0  indicate_semi.o ABSOLUTE
    ../clib/angel/sys.s                      0x00000000   Number         0  sys_stackheap_outer.o ABSOLUTE
    ../clib/angel/sys.s                      0x00000000   Number         0  tempstk.o ABSOLUTE
    ../clib/angel/sysapp.c                   0x00000000   Number         0  sys_command.o ABSOLUTE
    ../clib/angel/sysapp.c                   0x00000000   Number         0  sys_command_hlt.o ABSOLUTE
    ../clib/angel/sysapp.c                   0x00000000   Number         0  sys_exit.o ABSOLUTE
    ../clib/angel/sysapp.c                   0x00000000   Number         0  sys_exit_hlt.o ABSOLUTE
    ../clib/angel/sysapp.c                   0x00000000   Number         0  sys_wrch.o ABSOLUTE
    ../clib/angel/sysapp.c                   0x00000000   Number         0  sys_wrch_hlt.o ABSOLUTE
    ../clib/armsys.c                         0x00000000   Number         0  _get_argv.o ABSOLUTE
    ../clib/armsys.c                         0x00000000   Number         0  argv_veneer.o ABSOLUTE
    ../clib/armsys.c                         0x00000000   Number         0  _get_argv_nomalloc.o ABSOLUTE
    ../clib/armsys.c                         0x00000000   Number         0  no_argv.o ABSOLUTE
    ../clib/division.s                       0x00000000   Number         0  aeabi_sdiv.o ABSOLUTE
    ../clib/division.s                       0x00000000   Number         0  aeabi_sdiv_div0.o ABSOLUTE
    ../clib/heap1.c                          0x00000000   Number         0  h1_alloc.o ABSOLUTE
    ../clib/heap1.c                          0x00000000   Number         0  h1_alloc_threads.o ABSOLUTE
    ../clib/heap1.c                          0x00000000   Number         0  h1_init.o ABSOLUTE
    ../clib/heap1.c                          0x00000000   Number         0  h1_free.o ABSOLUTE
    ../clib/heap1.c                          0x00000000   Number         0  h1_init_threads.o ABSOLUTE
    ../clib/heap1.c                          0x00000000   Number         0  h1_free_threads.o ABSOLUTE
    ../clib/heap1.c                          0x00000000   Number         0  h1_extend.o ABSOLUTE
    ../clib/heap1.c                          0x00000000   Number         0  h1_extend_threads.o ABSOLUTE
    ../clib/heap1.c                          0x00000000   Number         0  h1_final.o ABSOLUTE
    ../clib/heap1.c                          0x00000000   Number         0  h1_final_threads.o ABSOLUTE
    ../clib/heap2.c                          0x00000000   Number         0  heap2.o ABSOLUTE
    ../clib/heap2.c                          0x00000000   Number         0  heap2_threads.o ABSOLUTE
    ../clib/heap2.c                          0x00000000   Number         0  fdtree.o ABSOLUTE
    ../clib/heapalloc.c                      0x00000000   Number         0  malloc.o ABSOLUTE
    ../clib/heapalloc.c                      0x00000000   Number         0  hguard.o ABSOLUTE
    ../clib/heapalloc.c                      0x00000000   Number         0  init_alloc.o ABSOLUTE
    ../clib/heapalloc.c                      0x00000000   Number         0  free.o ABSOLUTE
    ../clib/heapalloc.c                      0x00000000   Number         0  heapstubs.o ABSOLUTE
    ../clib/heapalloc.c                      0x00000000   Number         0  hrguard.o ABSOLUTE
    ../clib/heapalloc.c                      0x00000000   Number         0  term_alloc.o ABSOLUTE
    ../clib/heapaux.c                        0x00000000   Number         0  heapauxi.o ABSOLUTE
    ../clib/heapaux.c                        0x00000000   Number         0  heapauxa.o ABSOLUTE
    ../clib/libinit.s                        0x00000000   Number         0  libinit2.o ABSOLUTE
    ../clib/libinit.s                        0x00000000   Number         0  libinit.o ABSOLUTE
    ../clib/libinit.s                        0x00000000   Number         0  libshutdown2.o ABSOLUTE
    ../clib/libinit.s                        0x00000000   Number         0  libshutdown.o ABSOLUTE
    ../clib/maybe.s                          0x00000000   Number         0  maybetermalloc1.o ABSOLUTE
    ../clib/maybe.s                          0x00000000   Number         0  maybetermalloc2.o ABSOLUTE
    ../clib/memcpset.c                       0x00000000   Number         0  rt_memcpy.o ABSOLUTE
    ../clib/memcpset.c                       0x00000000   Number         0  rt_memcpy.o ABSOLUTE
    ../clib/signal.c                         0x00000000   Number         0  defsig_rtmem_outer.o ABSOLUTE
    ../clib/signal.c                         0x00000000   Number         0  defsig_rtmem_formal.o ABSOLUTE
    ../clib/signal.c                         0x00000000   Number         0  defsig_exit.o ABSOLUTE
    ../clib/signal.c                         0x00000000   Number         0  defsig_fpe_outer.o ABSOLUTE
    ../clib/signal.c                         0x00000000   Number         0  defsig_fpe_formal.o ABSOLUTE
    ../clib/signal.c                         0x00000000   Number         0  defsig_rtmem_inner.o ABSOLUTE
    ../clib/signal.c                         0x00000000   Number         0  __raise.o ABSOLUTE
    ../clib/signal.c                         0x00000000   Number         0  defsig_general.o ABSOLUTE
    ../clib/signal.c                         0x00000000   Number         0  defsig_fpe_inner.o ABSOLUTE
    ../clib/signal.c                         0x00000000   Number         0  defsig_abrt_inner.o ABSOLUTE
    ../clib/signal.c                         0x00000000   Number         0  defsig_rtred_inner.o ABSOLUTE
    ../clib/signal.c                         0x00000000   Number         0  defsig_stak_inner.o ABSOLUTE
    ../clib/signal.c                         0x00000000   Number         0  defsig_pvfn_inner.o ABSOLUTE
    ../clib/signal.c                         0x00000000   Number         0  defsig_cppl_inner.o ABSOLUTE
    ../clib/signal.c                         0x00000000   Number         0  defsig_segv_inner.o ABSOLUTE
    ../clib/signal.c                         0x00000000   Number         0  defsig_other.o ABSOLUTE
    ../clib/signal.s                         0x00000000   Number         0  defsig.o ABSOLUTE
    ../clib/stdlib.c                         0x00000000   Number         0  exit.o ABSOLUTE
    ../fplib/cfplib/cmp.c                    0x00000000   Number         0  fcmp.o ABSOLUTE
    ../fplib/cfplib/cmpret.c                 0x00000000   Number         0  cmpret.o ABSOLUTE
    ../fplib/cfplib/daddsub.c                0x00000000   Number         0  daddsub.o ABSOLUTE
    ../fplib/cfplib/dcmpin.c                 0x00000000   Number         0  dcmpin.o ABSOLUTE
    ../fplib/cfplib/drnd.c                   0x00000000   Number         0  drnd.o ABSOLUTE
    ../fplib/cfplib/f2d.c                    0x00000000   Number         0  f2d.o ABSOLUTE
    ../fplib/cfplib/fcmpin.c                 0x00000000   Number         0  fcmpin.o ABSOLUTE
    ../fplib/cfplib/ffix.c                   0x00000000   Number         0  dfixi.o ABSOLUTE
    ../fplib/cfplib/fflt.c                   0x00000000   Number         0  fflti.o ABSOLUTE
    ../fplib/cfplib/fpinit.c                 0x00000000   Number         0  fpinit.o ABSOLUTE
    ../fplib/cfplib/nan2.c                   0x00000000   Number         0  dnan2.o ABSOLUTE
    ../fplib/cfplib/nan2.c                   0x00000000   Number         0  fnan2.o ABSOLUTE
    ../fplib/cfplib/retnan.c                 0x00000000   Number         0  retnan.o ABSOLUTE
    ../fplib/dleqf6m.s                       0x00000000   Number         0  dlef.o ABSOLUTE
    ../fplib/drleqf6m.s                      0x00000000   Number         0  drlef.o ABSOLUTE
    ../fplib/faddsub6m.s                     0x00000000   Number         0  faddsub.o ABSOLUTE
    ../fplib/feqf6m.s                        0x00000000   Number         0  feqf.o ABSOLUTE
    ../fplib/fgeqf6m.s                       0x00000000   Number         0  fgef.o ABSOLUTE
    ../fplib/fleqf6m.s                       0x00000000   Number         0  flef.o ABSOLUTE
    ../fplib/usenofp.s                       0x00000000   Number         0  usenofp.o ABSOLUTE
    ../mathlib/round.c                       0x00000000   Number         0  round.o ABSOLUTE
    RTE/Device/STM32F072RBTx/startup_stm32f072xb.s 0x00000000   Number         0  startup_stm32f072xb.o ABSOLUTE
    dc.s                                     0x00000000   Number         0  dc.o ABSOLUTE
    main.c                                   0x00000000   Number         0  main.o ABSOLUTE
    system_stm32f0xx.c                       0x00000000   Number         0  system_stm32f0xx.o ABSOLUTE
    RESET                                    0x08000000   Section      192  startup_stm32f072xb.o(RESET)
    !!!main                                  0x080000c0   Section        8  __main.o(!!!main)
    !!!scatter                               0x080000c8   Section       60  __scatter.o(!!!scatter)
    !!handler_copy                           0x08000104   Section       26  __scatter_copy.o(!!handler_copy)
    !!handler_zi                             0x08000120   Section       28  __scatter_zi.o(!!handler_zi)
    .ARM.Collect$$libinit$$00000000          0x0800013c   Section        2  libinit.o(.ARM.Collect$$libinit$$00000000)
    .ARM.Collect$$libinit$$00000002          0x0800013e   Section        0  libinit2.o(.ARM.Collect$$libinit$$00000002)
    .ARM.Collect$$libinit$$00000004          0x0800013e   Section        0  libinit2.o(.ARM.Collect$$libinit$$00000004)
    .ARM.Collect$$libinit$$00000005          0x0800013e   Section        8  libinit2.o(.ARM.Collect$$libinit$$00000005)
    .ARM.Collect$$libinit$$0000000A          0x08000146   Section        0  libinit2.o(.ARM.Collect$$libinit$$0000000A)
    .ARM.Collect$$libinit$$0000000C          0x08000146   Section        0  libinit2.o(.ARM.Collect$$libinit$$0000000C)
    .ARM.Collect$$libinit$$0000000E          0x08000146   Section        0  libinit2.o(.ARM.Collect$$libinit$$0000000E)
    .ARM.Collect$$libinit$$00000011          0x08000146   Section        0  libinit2.o(.ARM.Collect$$libinit$$00000011)
    .ARM.Collect$$libinit$$00000013          0x08000146   Section        0  libinit2.o(.ARM.Collect$$libinit$$00000013)
    .ARM.Collect$$libinit$$00000015          0x08000146   Section        0  libinit2.o(.ARM.Collect$$libinit$$00000015)
    .ARM.Collect$$libinit$$00000017          0x08000146   Section        0  libinit2.o(.ARM.Collect$$libinit$$00000017)
    .ARM.Collect$$libinit$$00000019          0x08000146   Section        0  libinit2.o(.ARM.Collect$$libinit$$00000019)
    .ARM.Collect$$libinit$$0000001B          0x08000146   Section        0  libinit2.o(.ARM.Collect$$libinit$$0000001B)
    .ARM.Collect$$libinit$$0000001D          0x08000146   Section        0  libinit2.o(.ARM.Collect$$libinit$$0000001D)
    .ARM.Collect$$libinit$$0000001F          0x08000146   Section        0  libinit2.o(.ARM.Collect$$libinit$$0000001F)
    .ARM.Collect$$libinit$$00000021          0x08000146   Section        0  libinit2.o(.ARM.Collect$$libinit$$00000021)
    .ARM.Collect$$libinit$$00000023          0x08000146   Section        0  libinit2.o(.ARM.Collect$$libinit$$00000023)
    .ARM.Collect$$libinit$$00000025          0x08000146   Section        0  libinit2.o(.ARM.Collect$$libinit$$00000025)
    .ARM.Collect$$libinit$$0000002C          0x08000146   Section        0  libinit2.o(.ARM.Collect$$libinit$$0000002C)
    .ARM.Collect$$libinit$$0000002E          0x08000146   Section        0  libinit2.o(.ARM.Collect$$libinit$$0000002E)
    .ARM.Collect$$libinit$$00000030          0x08000146   Section        0  libinit2.o(.ARM.Collect$$libinit$$00000030)
    .ARM.Collect$$libinit$$00000032          0x08000146   Section        0  libinit2.o(.ARM.Collect$$libinit$$00000032)
    .ARM.Collect$$libinit$$00000033          0x08000146   Section        2  libinit2.o(.ARM.Collect$$libinit$$00000033)
    .ARM.Collect$$libshutdown$$00000000      0x08000148   Section        2  libshutdown.o(.ARM.Collect$$libshutdown$$00000000)
    .ARM.Collect$$libshutdown$$00000002      0x0800014a   Section        0  libshutdown2.o(.ARM.Collect$$libshutdown$$00000002)
    .ARM.Collect$$libshutdown$$00000004      0x0800014a   Section        0  libshutdown2.o(.ARM.Collect$$libshutdown$$00000004)
    .ARM.Collect$$libshutdown$$00000007      0x0800014a   Section        0  libshutdown2.o(.ARM.Collect$$libshutdown$$00000007)
    .ARM.Collect$$libshutdown$$0000000A      0x0800014a   Section        0  libshutdown2.o(.ARM.Collect$$libshutdown$$0000000A)
    .ARM.Collect$$libshutdown$$0000000C      0x0800014a   Section        0  libshutdown2.o(.ARM.Collect$$libshutdown$$0000000C)
    .ARM.Collect$$libshutdown$$0000000F      0x0800014a   Section        0  libshutdown2.o(.ARM.Collect$$libshutdown$$0000000F)
    .ARM.Collect$$libshutdown$$00000010      0x0800014a   Section        2  libshutdown2.o(.ARM.Collect$$libshutdown$$00000010)
    .ARM.Collect$$rtentry$$00000000          0x0800014c   Section        0  __rtentry.o(.ARM.Collect$$rtentry$$00000000)
    .ARM.Collect$$rtentry$$00000002          0x0800014c   Section        0  __rtentry2.o(.ARM.Collect$$rtentry$$00000002)
    .ARM.Collect$$rtentry$$00000004          0x0800014c   Section        6  __rtentry4.o(.ARM.Collect$$rtentry$$00000004)
    .ARM.Collect$$rtentry$$00000009          0x08000152   Section        0  __rtentry2.o(.ARM.Collect$$rtentry$$00000009)
    .ARM.Collect$$rtentry$$0000000A          0x08000152   Section        4  __rtentry2.o(.ARM.Collect$$rtentry$$0000000A)
    .ARM.Collect$$rtentry$$0000000C          0x08000156   Section        0  __rtentry2.o(.ARM.Collect$$rtentry$$0000000C)
    .ARM.Collect$$rtentry$$0000000D          0x08000156   Section        8  __rtentry2.o(.ARM.Collect$$rtentry$$0000000D)
    .ARM.Collect$$rtexit$$00000000           0x0800015e   Section        2  rtexit.o(.ARM.Collect$$rtexit$$00000000)
    .ARM.Collect$$rtexit$$00000002           0x08000160   Section        0  rtexit2.o(.ARM.Collect$$rtexit$$00000002)
    .ARM.Collect$$rtexit$$00000003           0x08000160   Section        4  rtexit2.o(.ARM.Collect$$rtexit$$00000003)
    .ARM.Collect$$rtexit$$00000004           0x08000164   Section        6  rtexit2.o(.ARM.Collect$$rtexit$$00000004)
    .text                                    0x0800016c   Section       56  startup_stm32f072xb.o(.text)
    .text                                    0x080001a4   Section        0  h1_alloc.o(.text)
    .text                                    0x08000208   Section      364  aeabi_sdiv.o(.text)
    .text                                    0x08000374   Section        0  heapauxi.o(.text)
    .text                                    0x0800037c   Section        8  rt_heap_descriptor_intlibspace.o(.text)
    .text                                    0x08000384   Section        0  hguard.o(.text)
    .text                                    0x08000388   Section        0  init_alloc.o(.text)
    .text                                    0x08000410   Section        0  h1_init.o(.text)
    .text                                    0x0800041e   Section        0  h1_free.o(.text)
    .text                                    0x0800046c   Section        8  libspace.o(.text)
    .text                                    0x08000474   Section        0  maybetermalloc1.o(.text)
    .text                                    0x08000474   Section        0  h1_extend.o(.text)
    .text                                    0x080004a8   Section        0  defsig_rtmem_outer.o(.text)
    .text                                    0x080004b4   Section        2  use_no_semi.o(.text)
    .text                                    0x080004b6   Section        0  indicate_semi.o(.text)
    .text                                    0x080004b6   Section       62  sys_stackheap_outer.o(.text)
    .text                                    0x080004f4   Section        0  exit.o(.text)
    .text                                    0x08000504   Section        0  defsig_exit.o(.text)
    .text                                    0x08000510   Section        0  defsig_rtmem_inner.o(.text)
    .text                                    0x08000560   Section        0  sys_exit.o(.text)
    .text                                    0x0800056c   Section        0  defsig_general.o(.text)
    .text                                    0x080005a0   Section        0  sys_wrch.o(.text)
    [Anonymous Symbol]                       0x080005ac   Section        0  main.o(.text.SPI2_IRQHandler)
    __arm_cp.19_0                            0x080005d4   Number         4  main.o(.text.SPI2_IRQHandler)
    SysTick_Config                           0x080005d9   Thumb Code    84  main.o(.text.SysTick_Config)
    [Anonymous Symbol]                       0x080005d8   Section        0  main.o(.text.SysTick_Config)
    __arm_cp.23_0                            0x08000620   Number         4  main.o(.text.SysTick_Config)
    __arm_cp.23_1                            0x08000624   Number         4  main.o(.text.SysTick_Config)
    __arm_cp.23_2                            0x08000628   Number         4  main.o(.text.SysTick_Config)
    [Anonymous Symbol]                       0x0800062c   Section        0  main.o(.text.SysTick_Handler)
    __arm_cp.17_0                            0x08000640   Number         4  main.o(.text.SysTick_Handler)
    [Anonymous Symbol]                       0x08000644   Section        0  system_stm32f0xx.o(.text.SystemCoreClockUpdate)
    __arm_cp.1_0                             0x08000724   Number         4  system_stm32f0xx.o(.text.SystemCoreClockUpdate)
    __arm_cp.1_1                             0x08000728   Number         4  system_stm32f0xx.o(.text.SystemCoreClockUpdate)
    __arm_cp.1_2                             0x0800072c   Number         4  system_stm32f0xx.o(.text.SystemCoreClockUpdate)
    __arm_cp.1_3                             0x08000730   Number         4  system_stm32f0xx.o(.text.SystemCoreClockUpdate)
    __arm_cp.1_4                             0x08000734   Number         4  system_stm32f0xx.o(.text.SystemCoreClockUpdate)
    __arm_cp.1_5                             0x08000738   Number         4  system_stm32f0xx.o(.text.SystemCoreClockUpdate)
    [Anonymous Symbol]                       0x0800073c   Section        0  system_stm32f0xx.o(.text.SystemInit)
    [Anonymous Symbol]                       0x08000740   Section        0  main.o(.text.TSC_IRQHandler)
    __arm_cp.12_0                            0x08000780   Number         4  main.o(.text.TSC_IRQHandler)
    __arm_cp.12_1                            0x08000784   Number         4  main.o(.text.TSC_IRQHandler)
    __arm_cp.12_2                            0x08000788   Number         4  main.o(.text.TSC_IRQHandler)
    __arm_cp.12_3                            0x0800078c   Number         4  main.o(.text.TSC_IRQHandler)
    __NVIC_EnableIRQ                         0x08000791   Thumb Code    44  main.o(.text.__NVIC_EnableIRQ)
    [Anonymous Symbol]                       0x08000790   Section        0  main.o(.text.__NVIC_EnableIRQ)
    __arm_cp.14_0                            0x080007b8   Number         4  main.o(.text.__NVIC_EnableIRQ)
    __NVIC_SetPriority                       0x080007bd   Thumb Code   136  main.o(.text.__NVIC_SetPriority)
    [Anonymous Symbol]                       0x080007bc   Section        0  main.o(.text.__NVIC_SetPriority)
    __arm_cp.29_0                            0x0800083c   Number         4  main.o(.text.__NVIC_SetPriority)
    __arm_cp.29_1                            0x08000840   Number         4  main.o(.text.__NVIC_SetPriority)
    [Anonymous Symbol]                       0x08000844   Section        0  main.o(.text.buttonDown)
    clamp                                    0x08000851   Thumb Code    52  main.o(.text.clamp)
    [Anonymous Symbol]                       0x08000850   Section        0  main.o(.text.clamp)
    clearImage                               0x08000885   Thumb Code    40  main.o(.text.clearImage)
    [Anonymous Symbol]                       0x08000884   Section        0  main.o(.text.clearImage)
    [Anonymous Symbol]                       0x080008ac   Section        0  main.o(.text.clientFlush)
    __arm_cp.6_0                             0x080008dc   Number         4  main.o(.text.clientFlush)
    __arm_cp.6_2                             0x080008e0   Number         4  main.o(.text.clientFlush)
    [Anonymous Symbol]                       0x080008e4   Section        0  main.o(.text.drawRow)
    __arm_cp.0_0                             0x0800090c   Number         4  main.o(.text.drawRow)
    drawSpiPos                               0x08000911   Thumb Code    76  main.o(.text.drawSpiPos)
    [Anonymous Symbol]                       0x08000910   Section        0  main.o(.text.drawSpiPos)
    __arm_cp.9_0                             0x08000958   Number         4  main.o(.text.drawSpiPos)
    fetchButtons                             0x0800095d   Thumb Code   288  main.o(.text.fetchButtons)
    [Anonymous Symbol]                       0x0800095c   Section        0  main.o(.text.fetchButtons)
    __arm_cp.18_1                            0x08000a6c   Number         4  main.o(.text.fetchButtons)
    __arm_cp.18_2                            0x08000a70   Number         4  main.o(.text.fetchButtons)
    __arm_cp.18_3                            0x08000a74   Number         4  main.o(.text.fetchButtons)
    __arm_cp.18_4                            0x08000a78   Number         4  main.o(.text.fetchButtons)
    [Anonymous Symbol]                       0x08000a7c   Section        0  main.o(.text.init)
    __arm_cp.22_2                            0x08000b20   Number         4  main.o(.text.init)
    __arm_cp.22_3                            0x08000b24   Number         4  main.o(.text.init)
    __arm_cp.22_5                            0x08000b28   Number         4  main.o(.text.init)
    __arm_cp.22_6                            0x08000b2c   Number         4  main.o(.text.init)
    [Anonymous Symbol]                       0x08000b30   Section        0  main.o(.text.initPong)
    __arm_cp.7_0                             0x08000b5c   Number         4  main.o(.text.initPong)
    __arm_cp.7_1                             0x08000b60   Number         4  main.o(.text.initPong)
    __arm_cp.7_2                             0x08000b64   Number         4  main.o(.text.initPong)
    __arm_cp.7_3                             0x08000b68   Number         4  main.o(.text.initPong)
    __arm_cp.7_4                             0x08000b6c   Number         4  main.o(.text.initPong)
    __arm_cp.7_5                             0x08000b70   Number         4  main.o(.text.initPong)
    __arm_cp.7_6                             0x08000b74   Number         4  main.o(.text.initPong)
    initSPI                                  0x08000b79   Thumb Code   164  main.o(.text.initSPI)
    [Anonymous Symbol]                       0x08000b78   Section        0  main.o(.text.initSPI)
    __arm_cp.31_0                            0x08000bf4   Number         4  main.o(.text.initSPI)
    __arm_cp.31_1                            0x08000bf8   Number         4  main.o(.text.initSPI)
    __arm_cp.31_2                            0x08000bfc   Number         4  main.o(.text.initSPI)
    __arm_cp.31_3                            0x08000c00   Number         4  main.o(.text.initSPI)
    __arm_cp.31_4                            0x08000c04   Number         4  main.o(.text.initSPI)
    __arm_cp.31_5                            0x08000c08   Number         4  main.o(.text.initSPI)
    __arm_cp.31_6                            0x08000c0c   Number         4  main.o(.text.initSPI)
    __arm_cp.31_7                            0x08000c10   Number         4  main.o(.text.initSPI)
    __arm_cp.31_8                            0x08000c14   Number         4  main.o(.text.initSPI)
    __arm_cp.31_9                            0x08000c18   Number         4  main.o(.text.initSPI)
    [Anonymous Symbol]                       0x08000c1c   Section        0  main.o(.text.loop)
    __arm_cp.25_0                            0x08000cf8   Number         4  main.o(.text.loop)
    __arm_cp.25_1                            0x08000cfc   Number         4  main.o(.text.loop)
    __arm_cp.25_2                            0x08000d00   Number         4  main.o(.text.loop)
    __arm_cp.25_3                            0x08000d04   Number         4  main.o(.text.loop)
    [Anonymous Symbol]                       0x08000d08   Section        0  main.o(.text.main)
    [Anonymous Symbol]                       0x08000d30   Section        0  main.o(.text.renderBegin)
    __arm_cp.2_0                             0x08000d40   Number         4  main.o(.text.renderBegin)
    [Anonymous Symbol]                       0x08000d44   Section        0  main.o(.text.renderFlush)
    __arm_cp.3_0                             0x08000d54   Number         4  main.o(.text.renderFlush)
    [Anonymous Symbol]                       0x08000d58   Section        0  main.o(.text.renderInt)
    __arm_cp.5_0                             0x08000dbc   Number         4  main.o(.text.renderInt)
    __arm_cp.5_1                             0x08000dc0   Number         4  main.o(.text.renderInt)
    __arm_cp.5_2                             0x08000dc4   Number         4  main.o(.text.renderInt)
    __arm_cp.5_3                             0x08000dc8   Number         4  main.o(.text.renderInt)
    [Anonymous Symbol]                       0x08000dcc   Section        0  main.o(.text.resetAll)
    __arm_cp.21_0                            0x08000df8   Number         4  main.o(.text.resetAll)
    [Anonymous Symbol]                       0x08000dfc   Section        0  main.o(.text.resetBitV)
    resetBtns                                0x08000e11   Thumb Code    68  main.o(.text.resetBtns)
    [Anonymous Symbol]                       0x08000e10   Section        0  main.o(.text.resetBtns)
    __arm_cp.30_0                            0x08000e50   Number         4  main.o(.text.resetBtns)
    [Anonymous Symbol]                       0x08000e54   Section        0  main.o(.text.setBitV)
    [Anonymous Symbol]                       0x08000e68   Section        0  main.o(.text.touch_init)
    __arm_cp.13_0                            0x08000ef4   Number         4  main.o(.text.touch_init)
    __arm_cp.13_1                            0x08000ef8   Number         4  main.o(.text.touch_init)
    __arm_cp.13_2                            0x08000efc   Number         4  main.o(.text.touch_init)
    __arm_cp.13_3                            0x08000f00   Number         4  main.o(.text.touch_init)
    __arm_cp.13_4                            0x08000f04   Number         4  main.o(.text.touch_init)
    __arm_cp.13_5                            0x08000f08   Number         4  main.o(.text.touch_init)
    __arm_cp.13_6                            0x08000f0c   Number         4  main.o(.text.touch_init)
    __arm_cp.13_7                            0x08000f10   Number         4  main.o(.text.touch_init)
    __arm_cp.13_8                            0x08000f14   Number         4  main.o(.text.touch_init)
    __arm_cp.13_9                            0x08000f18   Number         4  main.o(.text.touch_init)
    trySet                                   0x08000f1d   Thumb Code    82  main.o(.text.trySet)
    [Anonymous Symbol]                       0x08000f1c   Section        0  main.o(.text.trySet)
    [Anonymous Symbol]                       0x08000f70   Section        0  main.o(.text.wait)
    __arm_cp.20_0                            0x08000f94   Number         4  main.o(.text.wait)
    .L__const.loop.leds                      0x08000fa8   Data          16  main.o(.rodata.cst16)
    renderedImage                            0x20000004   Data           1  main.o(.data.renderedImage)
    [Anonymous Symbol]                       0x20000004   Section        0  main.o(.data.renderedImage)
    .bss                                     0x20000008   Section       96  libspace.o(.bss)
    ball                                     0x20000068   Data          16  main.o(.bss.ball)
    [Anonymous Symbol]                       0x20000068   Section        0  main.o(.bss.ball)
    controlled                               0x20000078   Data           4  main.o(.bss.controlled)
    [Anonymous Symbol]                       0x20000078   Section        0  main.o(.bss.controlled)
    copyRenderer                             0x2000007c   Data          32  main.o(.bss.copyRenderer)
    [Anonymous Symbol]                       0x2000007c   Section        0  main.o(.bss.copyRenderer)
    keyStates                                0x200000a0   Data          32  main.o(.bss.keyStates)
    [Anonymous Symbol]                       0x200000a0   Section        0  main.o(.bss.keyStates)
    platformLeft                             0x200000c0   Data           6  main.o(.bss.platformLeft)
    [Anonymous Symbol]                       0x200000c0   Section        0  main.o(.bss.platformLeft)
    platformRight                            0x200000c6   Data           6  main.o(.bss.platformRight)
    [Anonymous Symbol]                       0x200000c6   Section        0  main.o(.bss.platformRight)
    renderBuffer                             0x200000cc   Data          32  main.o(.bss.renderBuffer)
    [Anonymous Symbol]                       0x200000cc   Section        0  main.o(.bss.renderBuffer)
    renderingLine                            0x200000ec   Data           4  main.o(.bss.renderingLine)
    [Anonymous Symbol]                       0x200000ec   Section        0  main.o(.bss.renderingLine)
    timestamp                                0x200000f0   Data           4  main.o(.bss.timestamp)
    [Anonymous Symbol]                       0x200000f0   Section        0  main.o(.bss.timestamp)
    xpos                                     0x200000f4   Data           4  main.o(.bss.xpos)
    [Anonymous Symbol]                       0x200000f4   Section        0  main.o(.bss.xpos)
    ypos                                     0x200000f8   Data           4  main.o(.bss.ypos)
    [Anonymous Symbol]                       0x200000f8   Section        0  main.o(.bss.ypos)
    Heap_Mem                                 0x20000100   Data         512  startup_stm32f072xb.o(HEAP)
    HEAP                                     0x20000100   Section      512  startup_stm32f072xb.o(HEAP)
    Stack_Mem                                0x20000300   Data        1024  startup_stm32f072xb.o(STACK)
    STACK                                    0x20000300   Section     1024  startup_stm32f072xb.o(STACK)
    __initial_sp                             0x20000700   Data           0  startup_stm32f072xb.o(STACK)

    Global Symbols

    Symbol Name                              Value     Ov Type        Size  Object(Section)

    BuildAttributes$$THM_ISAv3M$S$PE$A:L22$X:L11$S22$IEEE1$IW$~IW$USESV6$~STKCKD$USESV7$~SHL$OTIME$ROPI$IEEEJ$EBA8$UX$STANDARDLIB$REQ8$PRES8$EABIv2 0x00000000   Number         0  anon$$obj.o ABSOLUTE
    __ARM_exceptions_init                     - Undefined Weak Reference
    __alloca_initialize                       - Undefined Weak Reference
    __arm_preinit_                            - Undefined Weak Reference
    __cpp_initialize__aeabi_                  - Undefined Weak Reference
    __cxa_finalize                            - Undefined Weak Reference
    __rt_locale                               - Undefined Weak Reference
    __sigvec_lookup                           - Undefined Weak Reference
    __user_heap_extent                        - Undefined Weak Reference
    _atexit_init                              - Undefined Weak Reference
    _call_atexit_fns                          - Undefined Weak Reference
    _clock_init                               - Undefined Weak Reference
    _fp_trap_init                             - Undefined Weak Reference
    _fp_trap_shutdown                         - Undefined Weak Reference
    _get_lc_collate                           - Undefined Weak Reference
    _get_lc_ctype                             - Undefined Weak Reference
    _get_lc_monetary                          - Undefined Weak Reference
    _get_lc_numeric                           - Undefined Weak Reference
    _get_lc_time                              - Undefined Weak Reference
    _getenv_init                              - Undefined Weak Reference
    _handle_redirection                       - Undefined Weak Reference
    _initio                                   - Undefined Weak Reference
    _mutex_acquire                            - Undefined Weak Reference
    _mutex_free                               - Undefined Weak Reference
    _mutex_release                            - Undefined Weak Reference
    _rand_init                                - Undefined Weak Reference
    _signal_finish                            - Undefined Weak Reference
    _signal_init                              - Undefined Weak Reference
    _terminateio                              - Undefined Weak Reference
    __Vectors_Size                           0x000000c0   Number         0  startup_stm32f072xb.o ABSOLUTE
    __Vectors                                0x08000000   Data           4  startup_stm32f072xb.o(RESET)
    __Vectors_End                            0x080000c0   Data           0  startup_stm32f072xb.o(RESET)
    __main                                   0x080000c1   Thumb Code     8  __main.o(!!!main)
    __scatterload                            0x080000c9   Thumb Code     0  __scatter.o(!!!scatter)
    __scatterload_rt2                        0x080000c9   Thumb Code    52  __scatter.o(!!!scatter)
    __scatterload_rt2_thumb_only             0x080000c9   Thumb Code     0  __scatter.o(!!!scatter)
    __scatterload_null                       0x080000d9   Thumb Code     0  __scatter.o(!!!scatter)
    __scatterload_copy                       0x08000105   Thumb Code    26  __scatter_copy.o(!!handler_copy)
    __scatterload_zeroinit                   0x08000121   Thumb Code    28  __scatter_zi.o(!!handler_zi)
    __rt_lib_init                            0x0800013d   Thumb Code     0  libinit.o(.ARM.Collect$$libinit$$00000000)
    __rt_lib_init_fp_1                       0x0800013f   Thumb Code     0  libinit2.o(.ARM.Collect$$libinit$$00000002)
    __rt_lib_init_heap_2                     0x0800013f   Thumb Code     0  libinit2.o(.ARM.Collect$$libinit$$00000005)
    __rt_lib_init_preinit_1                  0x0800013f   Thumb Code     0  libinit2.o(.ARM.Collect$$libinit$$00000004)
    __rt_lib_init_alloca_1                   0x08000147   Thumb Code     0  libinit2.o(.ARM.Collect$$libinit$$0000002E)
    __rt_lib_init_argv_1                     0x08000147   Thumb Code     0  libinit2.o(.ARM.Collect$$libinit$$0000002C)
    __rt_lib_init_atexit_1                   0x08000147   Thumb Code     0  libinit2.o(.ARM.Collect$$libinit$$0000001B)
    __rt_lib_init_clock_1                    0x08000147   Thumb Code     0  libinit2.o(.ARM.Collect$$libinit$$00000021)
    __rt_lib_init_cpp_1                      0x08000147   Thumb Code     0  libinit2.o(.ARM.Collect$$libinit$$00000032)
    __rt_lib_init_exceptions_1               0x08000147   Thumb Code     0  libinit2.o(.ARM.Collect$$libinit$$00000030)
    __rt_lib_init_fp_trap_1                  0x08000147   Thumb Code     0  libinit2.o(.ARM.Collect$$libinit$$0000001F)
    __rt_lib_init_getenv_1                   0x08000147   Thumb Code     0  libinit2.o(.ARM.Collect$$libinit$$00000023)
    __rt_lib_init_heap_1                     0x08000147   Thumb Code     0  libinit2.o(.ARM.Collect$$libinit$$0000000A)
    __rt_lib_init_lc_collate_1               0x08000147   Thumb Code     0  libinit2.o(.ARM.Collect$$libinit$$00000011)
    __rt_lib_init_lc_ctype_1                 0x08000147   Thumb Code     0  libinit2.o(.ARM.Collect$$libinit$$00000013)
    __rt_lib_init_lc_monetary_1              0x08000147   Thumb Code     0  libinit2.o(.ARM.Collect$$libinit$$00000015)
    __rt_lib_init_lc_numeric_1               0x08000147   Thumb Code     0  libinit2.o(.ARM.Collect$$libinit$$00000017)
    __rt_lib_init_lc_time_1                  0x08000147   Thumb Code     0  libinit2.o(.ARM.Collect$$libinit$$00000019)
    __rt_lib_init_rand_1                     0x08000147   Thumb Code     0  libinit2.o(.ARM.Collect$$libinit$$0000000E)
    __rt_lib_init_return                     0x08000147   Thumb Code     0  libinit2.o(.ARM.Collect$$libinit$$00000033)
    __rt_lib_init_signal_1                   0x08000147   Thumb Code     0  libinit2.o(.ARM.Collect$$libinit$$0000001D)
    __rt_lib_init_stdio_1                    0x08000147   Thumb Code     0  libinit2.o(.ARM.Collect$$libinit$$00000025)
    __rt_lib_init_user_alloc_1               0x08000147   Thumb Code     0  libinit2.o(.ARM.Collect$$libinit$$0000000C)
    __rt_lib_shutdown                        0x08000149   Thumb Code     0  libshutdown.o(.ARM.Collect$$libshutdown$$00000000)
    __rt_lib_shutdown_cpp_1                  0x0800014b   Thumb Code     0  libshutdown2.o(.ARM.Collect$$libshutdown$$00000002)
    __rt_lib_shutdown_fp_trap_1              0x0800014b   Thumb Code     0  libshutdown2.o(.ARM.Collect$$libshutdown$$00000007)
    __rt_lib_shutdown_heap_1                 0x0800014b   Thumb Code     0  libshutdown2.o(.ARM.Collect$$libshutdown$$0000000F)
    __rt_lib_shutdown_return                 0x0800014b   Thumb Code     0  libshutdown2.o(.ARM.Collect$$libshutdown$$00000010)
    __rt_lib_shutdown_signal_1               0x0800014b   Thumb Code     0  libshutdown2.o(.ARM.Collect$$libshutdown$$0000000A)
    __rt_lib_shutdown_stdio_1                0x0800014b   Thumb Code     0  libshutdown2.o(.ARM.Collect$$libshutdown$$00000004)
    __rt_lib_shutdown_user_alloc_1           0x0800014b   Thumb Code     0  libshutdown2.o(.ARM.Collect$$libshutdown$$0000000C)
    __rt_entry                               0x0800014d   Thumb Code     0  __rtentry.o(.ARM.Collect$$rtentry$$00000000)
    __rt_entry_presh_1                       0x0800014d   Thumb Code     0  __rtentry2.o(.ARM.Collect$$rtentry$$00000002)
    __rt_entry_sh                            0x0800014d   Thumb Code     0  __rtentry4.o(.ARM.Collect$$rtentry$$00000004)
    __rt_entry_li                            0x08000153   Thumb Code     0  __rtentry2.o(.ARM.Collect$$rtentry$$0000000A)
    __rt_entry_postsh_1                      0x08000153   Thumb Code     0  __rtentry2.o(.ARM.Collect$$rtentry$$00000009)
    __rt_entry_main                          0x08000157   Thumb Code     0  __rtentry2.o(.ARM.Collect$$rtentry$$0000000D)
    __rt_entry_postli_1                      0x08000157   Thumb Code     0  __rtentry2.o(.ARM.Collect$$rtentry$$0000000C)
    __rt_exit                                0x0800015f   Thumb Code     0  rtexit.o(.ARM.Collect$$rtexit$$00000000)
    __rt_exit_ls                             0x08000161   Thumb Code     0  rtexit2.o(.ARM.Collect$$rtexit$$00000003)
    __rt_exit_prels_1                        0x08000161   Thumb Code     0  rtexit2.o(.ARM.Collect$$rtexit$$00000002)
    __rt_exit_exit                           0x08000165   Thumb Code     0  rtexit2.o(.ARM.Collect$$rtexit$$00000004)
    Reset_Handler                            0x0800016d   Thumb Code     8  startup_stm32f072xb.o(.text)
    NMI_Handler                              0x08000175   Thumb Code     2  startup_stm32f072xb.o(.text)
    HardFault_Handler                        0x08000177   Thumb Code     2  startup_stm32f072xb.o(.text)
    SVC_Handler                              0x08000179   Thumb Code     2  startup_stm32f072xb.o(.text)
    PendSV_Handler                           0x0800017b   Thumb Code     2  startup_stm32f072xb.o(.text)
    ADC1_COMP_IRQHandler                     0x0800017f   Thumb Code     0  startup_stm32f072xb.o(.text)
    CEC_CAN_IRQHandler                       0x0800017f   Thumb Code     0  startup_stm32f072xb.o(.text)
    DMA1_Channel1_IRQHandler                 0x0800017f   Thumb Code     0  startup_stm32f072xb.o(.text)
    DMA1_Channel2_3_IRQHandler               0x0800017f   Thumb Code     0  startup_stm32f072xb.o(.text)
    DMA1_Channel4_5_6_7_IRQHandler           0x0800017f   Thumb Code     0  startup_stm32f072xb.o(.text)
    EXTI0_1_IRQHandler                       0x0800017f   Thumb Code     0  startup_stm32f072xb.o(.text)
    EXTI2_3_IRQHandler                       0x0800017f   Thumb Code     0  startup_stm32f072xb.o(.text)
    EXTI4_15_IRQHandler                      0x0800017f   Thumb Code     0  startup_stm32f072xb.o(.text)
    FLASH_IRQHandler                         0x0800017f   Thumb Code     0  startup_stm32f072xb.o(.text)
    I2C1_IRQHandler                          0x0800017f   Thumb Code     0  startup_stm32f072xb.o(.text)
    I2C2_IRQHandler                          0x0800017f   Thumb Code     0  startup_stm32f072xb.o(.text)
    PVD_VDDIO2_IRQHandler                    0x0800017f   Thumb Code     0  startup_stm32f072xb.o(.text)
    RCC_CRS_IRQHandler                       0x0800017f   Thumb Code     0  startup_stm32f072xb.o(.text)
    RTC_IRQHandler                           0x0800017f   Thumb Code     0  startup_stm32f072xb.o(.text)
    SPI1_IRQHandler                          0x0800017f   Thumb Code     0  startup_stm32f072xb.o(.text)
    TIM14_IRQHandler                         0x0800017f   Thumb Code     0  startup_stm32f072xb.o(.text)
    TIM15_IRQHandler                         0x0800017f   Thumb Code     0  startup_stm32f072xb.o(.text)
    TIM16_IRQHandler                         0x0800017f   Thumb Code     0  startup_stm32f072xb.o(.text)
    TIM17_IRQHandler                         0x0800017f   Thumb Code     0  startup_stm32f072xb.o(.text)
    TIM1_BRK_UP_TRG_COM_IRQHandler           0x0800017f   Thumb Code     0  startup_stm32f072xb.o(.text)
    TIM1_CC_IRQHandler                       0x0800017f   Thumb Code     0  startup_stm32f072xb.o(.text)
    TIM2_IRQHandler                          0x0800017f   Thumb Code     0  startup_stm32f072xb.o(.text)
    TIM3_IRQHandler                          0x0800017f   Thumb Code     0  startup_stm32f072xb.o(.text)
    TIM6_DAC_IRQHandler                      0x0800017f   Thumb Code     0  startup_stm32f072xb.o(.text)
    TIM7_IRQHandler                          0x0800017f   Thumb Code     0  startup_stm32f072xb.o(.text)
    USART1_IRQHandler                        0x0800017f   Thumb Code     0  startup_stm32f072xb.o(.text)
    USART2_IRQHandler                        0x0800017f   Thumb Code     0  startup_stm32f072xb.o(.text)
    USART3_4_IRQHandler                      0x0800017f   Thumb Code     0  startup_stm32f072xb.o(.text)
    USB_IRQHandler                           0x0800017f   Thumb Code     0  startup_stm32f072xb.o(.text)
    WWDG_IRQHandler                          0x0800017f   Thumb Code     0  startup_stm32f072xb.o(.text)
    __user_initial_stackheap                 0x08000181   Thumb Code     0  startup_stm32f072xb.o(.text)
    malloc                                   0x080001a5   Thumb Code    98  h1_alloc.o(.text)
    __aeabi_uidiv                            0x08000209   Thumb Code     0  aeabi_sdiv.o(.text)
    __aeabi_uidivmod                         0x08000209   Thumb Code    20  aeabi_sdiv.o(.text)
    __aeabi_idiv                             0x0800021d   Thumb Code     0  aeabi_sdiv.o(.text)
    __aeabi_idivmod                          0x0800021d   Thumb Code   338  aeabi_sdiv.o(.text)
    __use_two_region_memory                  0x08000375   Thumb Code     2  heapauxi.o(.text)
    __rt_heap_escrow                         0x08000377   Thumb Code     2  heapauxi.o(.text)
    __rt_heap_expand                         0x08000379   Thumb Code     2  heapauxi.o(.text)
    __rt_heap_descriptor                     0x0800037d   Thumb Code     8  rt_heap_descriptor_intlibspace.o(.text)
    __use_no_heap                            0x08000385   Thumb Code     2  hguard.o(.text)
    __heap$guard                             0x08000387   Thumb Code     2  hguard.o(.text)
    _terminate_user_alloc                    0x08000389   Thumb Code     2  init_alloc.o(.text)
    _init_user_alloc                         0x0800038b   Thumb Code     2  init_alloc.o(.text)
    __Heap_Full                              0x0800038d   Thumb Code    32  init_alloc.o(.text)
    __Heap_Broken                            0x080003ad   Thumb Code    10  init_alloc.o(.text)
    _init_alloc                              0x080003b7   Thumb Code    90  init_alloc.o(.text)
    __Heap_Initialize                        0x08000411   Thumb Code    10  h1_init.o(.text)
    __Heap_DescSize                          0x0800041b   Thumb Code     4  h1_init.o(.text)
    free                                     0x0800041f   Thumb Code    76  h1_free.o(.text)
    __user_libspace                          0x0800046d   Thumb Code     8  libspace.o(.text)
    __user_perproc_libspace                  0x0800046d   Thumb Code     0  libspace.o(.text)
    __user_perthread_libspace                0x0800046d   Thumb Code     0  libspace.o(.text)
    __Heap_ProvideMemory                     0x08000475   Thumb Code    52  h1_extend.o(.text)
    _maybe_terminate_alloc                   0x08000475   Thumb Code     0  maybetermalloc1.o(.text)
    __rt_SIGRTMEM                            0x080004a9   Thumb Code    12  defsig_rtmem_outer.o(.text)
    __I$use$semihosting                      0x080004b5   Thumb Code     0  use_no_semi.o(.text)
    __use_no_semihosting_swi                 0x080004b5   Thumb Code     2  use_no_semi.o(.text)
    __semihosting_library_function           0x080004b7   Thumb Code     0  indicate_semi.o(.text)
    __user_setup_stackheap                   0x080004b7   Thumb Code    62  sys_stackheap_outer.o(.text)
    exit                                     0x080004f5   Thumb Code    16  exit.o(.text)
    __sig_exit                               0x08000505   Thumb Code    12  defsig_exit.o(.text)
    __rt_SIGRTMEM_inner                      0x08000511   Thumb Code    22  defsig_rtmem_inner.o(.text)
    _sys_exit                                0x08000561   Thumb Code     8  sys_exit.o(.text)
    __default_signal_display                 0x0800056d   Thumb Code    52  defsig_general.o(.text)
    _ttywrch                                 0x080005a1   Thumb Code    12  sys_wrch.o(.text)
    SPI2_IRQHandler                          0x080005ad   Thumb Code    44  main.o(.text.SPI2_IRQHandler)
    SysTick_Handler                          0x0800062d   Thumb Code    24  main.o(.text.SysTick_Handler)
    SystemCoreClockUpdate                    0x08000645   Thumb Code   248  system_stm32f0xx.o(.text.SystemCoreClockUpdate)
    SystemInit                               0x0800073d   Thumb Code     2  system_stm32f0xx.o(.text.SystemInit)
    TSC_IRQHandler                           0x08000741   Thumb Code    80  main.o(.text.TSC_IRQHandler)
    buttonDown                               0x08000845   Thumb Code    12  main.o(.text.buttonDown)
    clientFlush                              0x080008ad   Thumb Code    56  main.o(.text.clientFlush)
    drawRow                                  0x080008e5   Thumb Code    44  main.o(.text.drawRow)
    init                                     0x08000a7d   Thumb Code   180  main.o(.text.init)
    initPong                                 0x08000b31   Thumb Code    72  main.o(.text.initPong)
    loop                                     0x08000c1d   Thumb Code   236  main.o(.text.loop)
    main                                     0x08000d09   Thumb Code    40  main.o(.text.main)
    renderBegin                              0x08000d31   Thumb Code    20  main.o(.text.renderBegin)
    renderFlush                              0x08000d45   Thumb Code    20  main.o(.text.renderFlush)
    renderInt                                0x08000d59   Thumb Code   116  main.o(.text.renderInt)
    resetAll                                 0x08000dcd   Thumb Code    48  main.o(.text.resetAll)
    resetBitV                                0x08000dfd   Thumb Code    20  main.o(.text.resetBitV)
    setBitV                                  0x08000e55   Thumb Code    20  main.o(.text.setBitV)
    touch_init                               0x08000e69   Thumb Code   180  main.o(.text.touch_init)
    wait                                     0x08000f71   Thumb Code    40  main.o(.text.wait)
    AHBPrescTable                            0x08000f98   Data          16  system_stm32f0xx.o(.rodata.AHBPrescTable)
    Region$$Table$$Base                      0x08000fb8   Number         0  anon$$obj.o(Region$$Table)
    Region$$Table$$Limit                     0x08000fd8   Number         0  anon$$obj.o(Region$$Table)
    SystemCoreClock                          0x20000000   Data           4  system_stm32f0xx.o(.data.SystemCoreClock)
    __libspace_start                         0x20000008   Data          96  libspace.o(.bss)
    __temporary_stack_top$libspace           0x20000068   Data           0  libspace.o(.bss)
    flushed                                  0x2000009c   Data           1  main.o(.bss.flushed)



==============================================================================

Memory Map of the image

  Image Entry point : 0x0800016d

  Load Region LR_1 (Base: 0x08000000, Size: 0x00000fe0, Max: 0xffffffff, ABSOLUTE)

    Execution Region ER_RO (Exec base: 0x08000000, Load base: 0x08000000, Size: 0x00000fd8, Max: 0xffffffff, ABSOLUTE)

    Exec Addr    Load Addr    Size         Type   Attr      Idx    E Section Name        Object

    0x08000000   0x08000000   0x000000c0   Data   RO           91    RESET               startup_stm32f072xb.o
    0x080000c0   0x080000c0   0x00000008   Code   RO          176  * !!!main             c_p.l(__main.o)
    0x080000c8   0x080000c8   0x0000003c   Code   RO          456    !!!scatter          c_p.l(__scatter.o)
    0x08000104   0x08000104   0x0000001a   Code   RO          458    !!handler_copy      c_p.l(__scatter_copy.o)
    0x0800011e   0x0800011e   0x00000002   PAD
    0x08000120   0x08000120   0x0000001c   Code   RO          460    !!handler_zi        c_p.l(__scatter_zi.o)
    0x0800013c   0x0800013c   0x00000002   Code   RO          382    .ARM.Collect$$libinit$$00000000  c_p.l(libinit.o)
    0x0800013e   0x0800013e   0x00000000   Code   RO          247    .ARM.Collect$$libinit$$00000002  c_p.l(libinit2.o)
    0x0800013e   0x0800013e   0x00000000   Code   RO          249    .ARM.Collect$$libinit$$00000004  c_p.l(libinit2.o)
    0x0800013e   0x0800013e   0x00000008   Code   RO          250    .ARM.Collect$$libinit$$00000005  c_p.l(libinit2.o)
    0x08000146   0x08000146   0x00000000   Code   RO          252    .ARM.Collect$$libinit$$0000000A  c_p.l(libinit2.o)
    0x08000146   0x08000146   0x00000000   Code   RO          254    .ARM.Collect$$libinit$$0000000C  c_p.l(libinit2.o)
    0x08000146   0x08000146   0x00000000   Code   RO          256    .ARM.Collect$$libinit$$0000000E  c_p.l(libinit2.o)
    0x08000146   0x08000146   0x00000000   Code   RO          259    .ARM.Collect$$libinit$$00000011  c_p.l(libinit2.o)
    0x08000146   0x08000146   0x00000000   Code   RO          261    .ARM.Collect$$libinit$$00000013  c_p.l(libinit2.o)
    0x08000146   0x08000146   0x00000000   Code   RO          263    .ARM.Collect$$libinit$$00000015  c_p.l(libinit2.o)
    0x08000146   0x08000146   0x00000000   Code   RO          265    .ARM.Collect$$libinit$$00000017  c_p.l(libinit2.o)
    0x08000146   0x08000146   0x00000000   Code   RO          267    .ARM.Collect$$libinit$$00000019  c_p.l(libinit2.o)
    0x08000146   0x08000146   0x00000000   Code   RO          269    .ARM.Collect$$libinit$$0000001B  c_p.l(libinit2.o)
    0x08000146   0x08000146   0x00000000   Code   RO          271    .ARM.Collect$$libinit$$0000001D  c_p.l(libinit2.o)
    0x08000146   0x08000146   0x00000000   Code   RO          273    .ARM.Collect$$libinit$$0000001F  c_p.l(libinit2.o)
    0x08000146   0x08000146   0x00000000   Code   RO          275    .ARM.Collect$$libinit$$00000021  c_p.l(libinit2.o)
    0x08000146   0x08000146   0x00000000   Code   RO          277    .ARM.Collect$$libinit$$00000023  c_p.l(libinit2.o)
    0x08000146   0x08000146   0x00000000   Code   RO          279    .ARM.Collect$$libinit$$00000025  c_p.l(libinit2.o)
    0x08000146   0x08000146   0x00000000   Code   RO          283    .ARM.Collect$$libinit$$0000002C  c_p.l(libinit2.o)
    0x08000146   0x08000146   0x00000000   Code   RO          285    .ARM.Collect$$libinit$$0000002E  c_p.l(libinit2.o)
    0x08000146   0x08000146   0x00000000   Code   RO          287    .ARM.Collect$$libinit$$00000030  c_p.l(libinit2.o)
    0x08000146   0x08000146   0x00000000   Code   RO          289    .ARM.Collect$$libinit$$00000032  c_p.l(libinit2.o)
    0x08000146   0x08000146   0x00000002   Code   RO          290    .ARM.Collect$$libinit$$00000033  c_p.l(libinit2.o)
    0x08000148   0x08000148   0x00000002   Code   RO          453    .ARM.Collect$$libshutdown$$00000000  c_p.l(libshutdown.o)
    0x0800014a   0x0800014a   0x00000000   Code   RO          407    .ARM.Collect$$libshutdown$$00000002  c_p.l(libshutdown2.o)
    0x0800014a   0x0800014a   0x00000000   Code   RO          409    .ARM.Collect$$libshutdown$$00000004  c_p.l(libshutdown2.o)
    0x0800014a   0x0800014a   0x00000000   Code   RO          412    .ARM.Collect$$libshutdown$$00000007  c_p.l(libshutdown2.o)
    0x0800014a   0x0800014a   0x00000000   Code   RO          415    .ARM.Collect$$libshutdown$$0000000A  c_p.l(libshutdown2.o)
    0x0800014a   0x0800014a   0x00000000   Code   RO          417    .ARM.Collect$$libshutdown$$0000000C  c_p.l(libshutdown2.o)
    0x0800014a   0x0800014a   0x00000000   Code   RO          420    .ARM.Collect$$libshutdown$$0000000F  c_p.l(libshutdown2.o)
    0x0800014a   0x0800014a   0x00000002   Code   RO          421    .ARM.Collect$$libshutdown$$00000010  c_p.l(libshutdown2.o)
    0x0800014c   0x0800014c   0x00000000   Code   RO          206    .ARM.Collect$$rtentry$$00000000  c_p.l(__rtentry.o)
    0x0800014c   0x0800014c   0x00000000   Code   RO          314    .ARM.Collect$$rtentry$$00000002  c_p.l(__rtentry2.o)
    0x0800014c   0x0800014c   0x00000006   Code   RO          326    .ARM.Collect$$rtentry$$00000004  c_p.l(__rtentry4.o)
    0x08000152   0x08000152   0x00000000   Code   RO          316    .ARM.Collect$$rtentry$$00000009  c_p.l(__rtentry2.o)
    0x08000152   0x08000152   0x00000004   Code   RO          317    .ARM.Collect$$rtentry$$0000000A  c_p.l(__rtentry2.o)
    0x08000156   0x08000156   0x00000000   Code   RO          319    .ARM.Collect$$rtentry$$0000000C  c_p.l(__rtentry2.o)
    0x08000156   0x08000156   0x00000008   Code   RO          320    .ARM.Collect$$rtentry$$0000000D  c_p.l(__rtentry2.o)
    0x0800015e   0x0800015e   0x00000002   Code   RO          394    .ARM.Collect$$rtexit$$00000000  c_p.l(rtexit.o)
    0x08000160   0x08000160   0x00000000   Code   RO          429    .ARM.Collect$$rtexit$$00000002  c_p.l(rtexit2.o)
    0x08000160   0x08000160   0x00000004   Code   RO          430    .ARM.Collect$$rtexit$$00000003  c_p.l(rtexit2.o)
    0x08000164   0x08000164   0x00000006   Code   RO          431    .ARM.Collect$$rtexit$$00000004  c_p.l(rtexit2.o)
    0x0800016a   0x0800016a   0x00000002   PAD
    0x0800016c   0x0800016c   0x00000038   Code   RO           92  * .text               startup_stm32f072xb.o
    0x080001a4   0x080001a4   0x00000062   Code   RO          116    .text               c_p.l(h1_alloc.o)
    0x08000206   0x08000206   0x00000002   PAD
    0x08000208   0x08000208   0x0000016c   Code   RO          170    .text               c_p.l(aeabi_sdiv.o)
    0x08000374   0x08000374   0x00000006   Code   RO          174    .text               c_p.l(heapauxi.o)
    0x0800037a   0x0800037a   0x00000002   PAD
    0x0800037c   0x0800037c   0x00000008   Code   RO          214    .text               c_p.l(rt_heap_descriptor_intlibspace.o)
    0x08000384   0x08000384   0x00000004   Code   RO          216    .text               c_p.l(hguard.o)
    0x08000388   0x08000388   0x00000088   Code   RO          218    .text               c_p.l(init_alloc.o)
    0x08000410   0x08000410   0x0000000e   Code   RO          224    .text               c_p.l(h1_init.o)
    0x0800041e   0x0800041e   0x0000004c   Code   RO          226    .text               c_p.l(h1_free.o)
    0x0800046a   0x0800046a   0x00000002   PAD
    0x0800046c   0x0800046c   0x00000008   Code   RO          310    .text               c_p.l(libspace.o)
    0x08000474   0x08000474   0x00000000   Code   RO          332    .text               c_p.l(maybetermalloc1.o)
    0x08000474   0x08000474   0x00000034   Code   RO          334    .text               c_p.l(h1_extend.o)
    0x080004a8   0x080004a8   0x0000000c   Code   RO          338    .text               c_p.l(defsig_rtmem_outer.o)
    0x080004b4   0x080004b4   0x00000002   Code   RO          353    .text               c_p.l(use_no_semi.o)
    0x080004b6   0x080004b6   0x00000000   Code   RO          355    .text               c_p.l(indicate_semi.o)
    0x080004b6   0x080004b6   0x0000003e   Code   RO          356    .text               c_p.l(sys_stackheap_outer.o)
    0x080004f4   0x080004f4   0x00000010   Code   RO          363    .text               c_p.l(exit.o)
    0x08000504   0x08000504   0x0000000c   Code   RO          365    .text               c_p.l(defsig_exit.o)
    0x08000510   0x08000510   0x00000050   Code   RO          371    .text               c_p.l(defsig_rtmem_inner.o)
    0x08000560   0x08000560   0x0000000c   Code   RO          389    .text               c_p.l(sys_exit.o)
    0x0800056c   0x0800056c   0x00000034   Code   RO          402    .text               c_p.l(defsig_general.o)
    0x080005a0   0x080005a0   0x0000000c   Code   RO          424    .text               c_p.l(sys_wrch.o)
    0x080005ac   0x080005ac   0x0000002c   Code   RO           40    .text.SPI2_IRQHandler  main.o
    0x080005d8   0x080005d8   0x00000054   Code   RO           48    .text.SysTick_Config  main.o
    0x0800062c   0x0800062c   0x00000018   Code   RO           36    .text.SysTick_Handler  main.o
    0x08000644   0x08000644   0x000000f8   Code   RO          101    .text.SystemCoreClockUpdate  system_stm32f0xx.o
    0x0800073c   0x0800073c   0x00000002   Code   RO           99    .text.SystemInit    system_stm32f0xx.o
    0x0800073e   0x0800073e   0x00000002   PAD
    0x08000740   0x08000740   0x00000050   Code   RO           26    .text.TSC_IRQHandler  main.o
    0x08000790   0x08000790   0x0000002c   Code   RO           30    .text.__NVIC_EnableIRQ  main.o
    0x080007bc   0x080007bc   0x00000088   Code   RO           60    .text.__NVIC_SetPriority  main.o
    0x08000844   0x08000844   0x0000000c   Code   RO           50    .text.buttonDown    main.o
    0x08000850   0x08000850   0x00000034   Code   RO           54    .text.clamp         main.o
    0x08000884   0x08000884   0x00000028   Code   RO           66    .text.clearImage    main.o
    0x080008ac   0x080008ac   0x00000038   Code   RO           14    .text.clientFlush   main.o
    0x080008e4   0x080008e4   0x0000002c   Code   RO            2    .text.drawRow       main.o
    0x08000910   0x08000910   0x0000004c   Code   RO           20    .text.drawSpiPos    main.o
    0x0800095c   0x0800095c   0x00000120   Code   RO           38    .text.fetchButtons  main.o
    0x08000a7c   0x08000a7c   0x000000b4   Code   RO           46    .text.init          main.o
    0x08000b30   0x08000b30   0x00000048   Code   RO           16    .text.initPong      main.o
    0x08000b78   0x08000b78   0x000000a4   Code   RO           64    .text.initSPI       main.o
    0x08000c1c   0x08000c1c   0x000000ec   Code   RO           52    .text.loop          main.o
    0x08000d08   0x08000d08   0x00000028   Code   RO           56    .text.main          main.o
    0x08000d30   0x08000d30   0x00000014   Code   RO            6    .text.renderBegin   main.o
    0x08000d44   0x08000d44   0x00000014   Code   RO            8    .text.renderFlush   main.o
    0x08000d58   0x08000d58   0x00000074   Code   RO           12    .text.renderInt     main.o
    0x08000dcc   0x08000dcc   0x00000030   Code   RO           44    .text.resetAll      main.o
    0x08000dfc   0x08000dfc   0x00000014   Code   RO           34    .text.resetBitV     main.o
    0x08000e10   0x08000e10   0x00000044   Code   RO           62    .text.resetBtns     main.o
    0x08000e54   0x08000e54   0x00000014   Code   RO           32    .text.setBitV       main.o
    0x08000e68   0x08000e68   0x000000b4   Code   RO           28    .text.touch_init    main.o
    0x08000f1c   0x08000f1c   0x00000052   Code   RO           58    .text.trySet        main.o
    0x08000f6e   0x08000f6e   0x00000002   PAD
    0x08000f70   0x08000f70   0x00000028   Code   RO           42    .text.wait          main.o
    0x08000f98   0x08000f98   0x00000010   Data   RO          104    .rodata.AHBPrescTable  system_stm32f0xx.o
    0x08000fa8   0x08000fa8   0x00000010   Data   RO           79    .rodata.cst16       main.o
    0x08000fb8   0x08000fb8   0x00000020   Data   RO          455    Region$$Table       anon$$obj.o


    Execution Region ER_RW (Exec base: 0x20000000, Load base: 0x08000fd8, Size: 0x00000008, Max: 0xffffffff, ABSOLUTE)

    Exec Addr    Load Addr    Size         Type   Attr      Idx    E Section Name        Object

    0x20000000   0x08000fd8   0x00000004   Data   RW          103    .data.SystemCoreClock  system_stm32f0xx.o
    0x20000004   0x08000fdc   0x00000001   Data   RW           70    .data.renderedImage  main.o


    Execution Region ER_ZI (Exec base: 0x20000008, Load base: 0x08000fe0, Size: 0x000006f8, Max: 0xffffffff, ABSOLUTE)

    Exec Addr    Load Addr    Size         Type   Attr      Idx    E Section Name        Object

    0x20000008        -       0x00000060   Zero   RW          311    .bss                c_p.l(libspace.o)
    0x20000068        -       0x00000010   Zero   RW           76    .bss.ball           main.o
    0x20000078        -       0x00000004   Zero   RW           75    .bss.controlled     main.o
    0x2000007c        -       0x00000020   Zero   RW           71    .bss.copyRenderer   main.o
    0x2000009c        -       0x00000001   Zero   RW           68    .bss.flushed        main.o
    0x2000009d   0x08000fe0   0x00000003   PAD
    0x200000a0        -       0x00000020   Zero   RW           77    .bss.keyStates      main.o
    0x200000c0        -       0x00000006   Zero   RW           73    .bss.platformLeft   main.o
    0x200000c6        -       0x00000006   Zero   RW           74    .bss.platformRight  main.o
    0x200000cc        -       0x00000020   Zero   RW           72    .bss.renderBuffer   main.o
    0x200000ec        -       0x00000004   Zero   RW           69    .bss.renderingLine  main.o
    0x200000f0        -       0x00000004   Zero   RW           78    .bss.timestamp      main.o
    0x200000f4        -       0x00000004   Zero   RW           81    .bss.xpos           main.o
    0x200000f8        -       0x00000004   Zero   RW           80    .bss.ypos           main.o
    0x200000fc   0x08000fe0   0x00000004   PAD
    0x20000100        -       0x00000200   Zero   RW           90    HEAP                startup_stm32f072xb.o
    0x20000300        -       0x00000400   Zero   RW           89    STACK               startup_stm32f072xb.o


==============================================================================

Image component sizes


      Code (inc. data)   RO Data    RW Data    ZI Data      Debug   Object Name

      2286        256         16          1        145       9571   main.o
        56         26        192          0       1536        632   startup_stm32f072xb.o
       250         24         16          4          0       1689   system_stm32f0xx.o

    ----------------------------------------------------------------------
      2596        306        256          8       1688      11892   Object Totals
         0          0         32          0          0          0   (incl. Generated)
         4          0          0          3          7          0   (incl. Padding)

    ----------------------------------------------------------------------

      Code (inc. data)   RO Data    RW Data    ZI Data      Debug   Library Member Name

         8          0          0          0          0         68   __main.o
         0          0          0          0          0          0   __rtentry.o
        12          0          0          0          0          0   __rtentry2.o
         6          0          0          0          0          0   __rtentry4.o
        60          8          0          0          0          0   __scatter.o
        26          0          0          0          0          0   __scatter_copy.o
        28          0          0          0          0          0   __scatter_zi.o
       364          4          0          0          0         92   aeabi_sdiv.o
        12          0          0          0          0         68   defsig_exit.o
        52          0          0          0          0         72   defsig_general.o
        80         58          0          0          0         68   defsig_rtmem_inner.o
        12          0          0          0          0         68   defsig_rtmem_outer.o
        16          0          0          0          0         68   exit.o
        98          0          0          0          0         72   h1_alloc.o
        52          0          0          0          0         68   h1_extend.o
        76          0          0          0          0         72   h1_free.o
        14          0          0          0          0         76   h1_init.o
         6          0          0          0          0        136   heapauxi.o
         4          0          0          0          0        120   hguard.o
         0          0          0          0          0          0   indicate_semi.o
       136          0          0          0          0        160   init_alloc.o
         2          0          0          0          0          0   libinit.o
        10          0          0          0          0          0   libinit2.o
         2          0          0          0          0          0   libshutdown.o
         2          0          0          0          0          0   libshutdown2.o
         8          4          0          0         96         68   libspace.o
         0          0          0          0          0          0   maybetermalloc1.o
         8          4          0          0          0         68   rt_heap_descriptor_intlibspace.o
         2          0          0          0          0          0   rtexit.o
        10          0          0          0          0          0   rtexit2.o
        12          4          0          0          0         60   sys_exit.o
        62          0          0          0          0         80   sys_stackheap_outer.o
        12          0          0          0          0         68   sys_wrch.o
         2          0          0          0          0         68   use_no_semi.o

    ----------------------------------------------------------------------
      1204         82          0          0         96       1620   Library Totals
        10          0          0          0          0          0   (incl. Padding)

    ----------------------------------------------------------------------

      Code (inc. data)   RO Data    RW Data    ZI Data      Debug   Library Name

      1194         82          0          0         96       1620   c_p.l

    ----------------------------------------------------------------------
      1204         82          0          0         96       1620   Library Totals

    ----------------------------------------------------------------------

==============================================================================


      Code (inc. data)   RO Data    RW Data    ZI Data      Debug   

      3800        388        256          8       1784      12772   Grand Totals
      3800        388        256          8       1784      12772   ELF Image Totals
      3800        388        256          8          0          0   ROM Totals

==============================================================================

    Total RO  Size (Code + RO Data)                 4056 (   3.96kB)
    Total RW  Size (RW Data + ZI Data)              1792 (   1.75kB)
    Total ROM Size (Code + RO Data + RW Data)       4064 (   3.97kB)

==============================================================================

